Archive member included to satisfy reference by file (symbol)

c:/intelfpga_lite/18.1/nios2eds/bin/gnu/h-x86_64-mingw32/bin/../lib/gcc/nios2-elf/5.3.0/mno-hw-mul\libgcc.a(lib2-divmod.o)
                              obj/default/main.o (__divsi3)
c:/intelfpga_lite/18.1/nios2eds/bin/gnu/h-x86_64-mingw32/bin/../lib/gcc/nios2-elf/5.3.0/mno-hw-mul\libgcc.a(lib2-mul.o)
                              obj/default/usb_kb/transfer.o (__mulsi3)
c:/intelfpga_lite/18.1/nios2eds/bin/gnu/h-x86_64-mingw32/bin/../lib/gcc/nios2-elf/5.3.0/../../../../../H-x86_64-mingw32/nios2-elf/lib/mno-hw-mul\libc.a(lib_a-memcpy.o)
                              obj/default/usb_kb/MAX3421E.o (memcpy)
c:/intelfpga_lite/18.1/nios2eds/bin/gnu/h-x86_64-mingw32/bin/../lib/gcc/nios2-elf/5.3.0/../../../../../H-x86_64-mingw32/nios2-elf/lib/mno-hw-mul\libc.a(lib_a-printf.o)
                              obj/default/main.o (printf)
c:/intelfpga_lite/18.1/nios2eds/bin/gnu/h-x86_64-mingw32/bin/../lib/gcc/nios2-elf/5.3.0/../../../../../H-x86_64-mingw32/nios2-elf/lib/mno-hw-mul\libc.a(lib_a-putchar.o)
                              obj/default/main.o (putchar)
c:/intelfpga_lite/18.1/nios2eds/bin/gnu/h-x86_64-mingw32/bin/../lib/gcc/nios2-elf/5.3.0/../../../../../H-x86_64-mingw32/nios2-elf/lib/mno-hw-mul\libc.a(lib_a-puts.o)
                              obj/default/main.o (puts)
c:/intelfpga_lite/18.1/nios2eds/bin/gnu/h-x86_64-mingw32/bin/../lib/gcc/nios2-elf/5.3.0/../../../../../H-x86_64-mingw32/nios2-elf/lib/mno-hw-mul\libc.a(lib_a-strlen.o)
                              c:/intelfpga_lite/18.1/nios2eds/bin/gnu/h-x86_64-mingw32/bin/../lib/gcc/nios2-elf/5.3.0/../../../../../H-x86_64-mingw32/nios2-elf/lib/mno-hw-mul\libc.a(lib_a-puts.o) (strlen)
c:/intelfpga_lite/18.1/nios2eds/bin/gnu/h-x86_64-mingw32/bin/../lib/gcc/nios2-elf/5.3.0/../../../../../H-x86_64-mingw32/nios2-elf/lib/mno-hw-mul\libc.a(lib_a-vfprintf.o)
                              c:/intelfpga_lite/18.1/nios2eds/bin/gnu/h-x86_64-mingw32/bin/../lib/gcc/nios2-elf/5.3.0/../../../../../H-x86_64-mingw32/nios2-elf/lib/mno-hw-mul\libc.a(lib_a-printf.o) (___vfprintf_internal_r)
c:/intelfpga_lite/18.1/nios2eds/bin/gnu/h-x86_64-mingw32/bin/../lib/gcc/nios2-elf/5.3.0/../../../../../H-x86_64-mingw32/nios2-elf/lib/mno-hw-mul\libc.a(lib_a-wsetup.o)
                              c:/intelfpga_lite/18.1/nios2eds/bin/gnu/h-x86_64-mingw32/bin/../lib/gcc/nios2-elf/5.3.0/../../../../../H-x86_64-mingw32/nios2-elf/lib/mno-hw-mul\libc.a(lib_a-vfprintf.o) (__swsetup_r)
c:/intelfpga_lite/18.1/nios2eds/bin/gnu/h-x86_64-mingw32/bin/../lib/gcc/nios2-elf/5.3.0/../../../../../H-x86_64-mingw32/nios2-elf/lib/mno-hw-mul\libc.a(lib_a-dtoa.o)
                              c:/intelfpga_lite/18.1/nios2eds/bin/gnu/h-x86_64-mingw32/bin/../lib/gcc/nios2-elf/5.3.0/../../../../../H-x86_64-mingw32/nios2-elf/lib/mno-hw-mul\libc.a(lib_a-vfprintf.o) (_dtoa_r)
c:/intelfpga_lite/18.1/nios2eds/bin/gnu/h-x86_64-mingw32/bin/../lib/gcc/nios2-elf/5.3.0/../../../../../H-x86_64-mingw32/nios2-elf/lib/mno-hw-mul\libc.a(lib_a-fflush.o)
                              c:/intelfpga_lite/18.1/nios2eds/bin/gnu/h-x86_64-mingw32/bin/../lib/gcc/nios2-elf/5.3.0/../../../../../H-x86_64-mingw32/nios2-elf/lib/mno-hw-mul\libc.a(lib_a-vfprintf.o) (_fflush_r)
c:/intelfpga_lite/18.1/nios2eds/bin/gnu/h-x86_64-mingw32/bin/../lib/gcc/nios2-elf/5.3.0/../../../../../H-x86_64-mingw32/nios2-elf/lib/mno-hw-mul\libc.a(lib_a-findfp.o)
                              c:/intelfpga_lite/18.1/nios2eds/bin/gnu/h-x86_64-mingw32/bin/../lib/gcc/nios2-elf/5.3.0/../../../../../H-x86_64-mingw32/nios2-elf/lib/mno-hw-mul\libc.a(lib_a-puts.o) (__sinit)
c:/intelfpga_lite/18.1/nios2eds/bin/gnu/h-x86_64-mingw32/bin/../lib/gcc/nios2-elf/5.3.0/../../../../../H-x86_64-mingw32/nios2-elf/lib/mno-hw-mul\libc.a(lib_a-freer.o)
                              c:/intelfpga_lite/18.1/nios2eds/bin/gnu/h-x86_64-mingw32/bin/../lib/gcc/nios2-elf/5.3.0/../../../../../H-x86_64-mingw32/nios2-elf/lib/mno-hw-mul\libc.a(lib_a-wsetup.o) (_free_r)
c:/intelfpga_lite/18.1/nios2eds/bin/gnu/h-x86_64-mingw32/bin/../lib/gcc/nios2-elf/5.3.0/../../../../../H-x86_64-mingw32/nios2-elf/lib/mno-hw-mul\libc.a(lib_a-fvwrite.o)
                              c:/intelfpga_lite/18.1/nios2eds/bin/gnu/h-x86_64-mingw32/bin/../lib/gcc/nios2-elf/5.3.0/../../../../../H-x86_64-mingw32/nios2-elf/lib/mno-hw-mul\libc.a(lib_a-puts.o) (__sfvwrite_r)
c:/intelfpga_lite/18.1/nios2eds/bin/gnu/h-x86_64-mingw32/bin/../lib/gcc/nios2-elf/5.3.0/../../../../../H-x86_64-mingw32/nios2-elf/lib/mno-hw-mul\libc.a(lib_a-fwalk.o)
                              c:/intelfpga_lite/18.1/nios2eds/bin/gnu/h-x86_64-mingw32/bin/../lib/gcc/nios2-elf/5.3.0/../../../../../H-x86_64-mingw32/nios2-elf/lib/mno-hw-mul\libc.a(lib_a-findfp.o) (_fwalk)
c:/intelfpga_lite/18.1/nios2eds/bin/gnu/h-x86_64-mingw32/bin/../lib/gcc/nios2-elf/5.3.0/../../../../../H-x86_64-mingw32/nios2-elf/lib/mno-hw-mul\libc.a(lib_a-impure.o)
[...]
Memory Configuration

Name             Origin             Length             Attributes
reset            0x0000000008000000 0x0000000000000020
sdram            0x0000000008000020 0x0000000003ffffe0
*default*        0x0000000000000000 0xffffffffffffffff

Linker script and memory map

LOAD ../NES_NIOSII_bsp//obj/HAL/src/crt0.o
LOAD obj/default/main.o
LOAD obj/default/sgtl5000/sgtl5000.o
LOAD obj/default/usb_kb/HID.o
LOAD obj/default/usb_kb/MAX3421E.o
LOAD obj/default/usb_kb/transfer.o
LOAD c:/intelfpga_lite/18.1/nios2eds/bin/gnu/h-x86_64-mingw32/bin/../lib/gcc/nios2-elf/5.3.0/../../../../../H-x86_64-mingw32/nios2-elf/lib/mno-hw-mul\libstdc++.a
LOAD c:/intelfpga_lite/18.1/nios2eds/bin/gnu/h-x86_64-mingw32/bin/../lib/gcc/nios2-elf/5.3.0/../../../../../H-x86_64-mingw32/nios2-elf/lib/mno-hw-mul\libm.a
LOAD c:/intelfpga_lite/18.1/nios2eds/bin/gnu/h-x86_64-mingw32/bin/../lib/gcc/nios2-elf/5.3.0/mno-hw-mul\libgcc.a
START GROUP
LOAD c:/intelfpga_lite/18.1/nios2eds/bin/gnu/h-x86_64-mingw32/bin/../lib/gcc/nios2-elf/5.3.0/../../../../../H-x86_64-mingw32/nios2-elf/lib/mno-hw-mul\libc.a
LOAD c:/intelfpga_lite/18.1/nios2eds/bin/gnu/h-x86_64-mingw32/bin/../lib/gcc/nios2-elf/5.3.0/mno-hw-mul\libgcc.a
LOAD ../NES_NIOSII_bsp/\libhal_bsp.a
LOAD c:/intelfpga_lite/18.1/nios2eds/bin/gnu/h-x86_64-mingw32/bin/../lib/gcc/nios2-elf/5.3.0/../../../../../H-x86_64-mingw32/nios2-elf/lib/mno-hw-mul\libm.a
END GROUP
LOAD c:/intelfpga_lite/18.1/nios2eds/bin/gnu/h-x86_64-mingw32/bin/../lib/gcc/nios2-elf/5.3.0/mno-hw-mul\libgcc.a
                0x0000000008000000                __alt_mem_sdram = 0x8000000

.entry          0x0000000008000000       0x20
 *(.entry)
 .entry         0x0000000008000000       0x20 ../NES_NIOSII_bsp//obj/HAL/src/crt0.o
                0x0000000008000000                __reset

.exceptions     0x0000000008000020      0x210
                0x0000000008000020                PROVIDE (__ram_exceptions_start, ABSOLUTE (.))
                0x0000000008000020                . = ALIGN (0x20)
 *(.irq)
 *(.exceptions.entry.label)
 .exceptions.entry.label
                0x0000000008000020        0x0 ../NES_NIOSII_bsp/\libhal_bsp.a(alt_irq_entry.o)
                0x0000000008000020                alt_irq_entry
 .exceptions.entry.label
                0x0000000008000020        0x0 ../NES_NIOSII_bsp/\libhal_bsp.a(alt_exception_entry.o)
                0x0000000008000020                alt_exception
 *(.exceptions.entry.user)
 *(.exceptions.entry.ecc_fatal)
 *(.exceptions.entry)
 .exceptions.entry
                0x0000000008000020       0x54 ../NES_NIOSII_bsp/\libhal_bsp.a(alt_exception_entry.o)
 *(.exceptions.irqtest.user)
 *(.exceptions.irqtest)
 .exceptions.irqtest
                0x0000000008000074       0x10 ../NES_NIOSII_bsp/\libhal_bsp.a(alt_irq_entry.o)
 *(.exceptions.irqhandler.user)
 *(.exceptions.irqhandler)
 .exceptions.irqhandler
                0x0000000008000084        0x4 ../NES_NIOSII_bsp/\libhal_bsp.a(alt_irq_entry.o)
 *(.exceptions.irqreturn.user)
 *(.exceptions.irqreturn)
 .exceptions.irqreturn
                0x0000000008000088        0x4 ../NES_NIOSII_bsp/\libhal_bsp.a(alt_irq_entry.o)
 *(.exceptions.notirq.label)
 .exceptions.notirq.label
                0x000000000800008c        0x0 ../NES_NIOSII_bsp/\libhal_bsp.a(alt_irq_entry.o)
 *(.exceptions.notirq.user)
 *(.exceptions.notirq)
 .exceptions.notirq
                0x000000000800008c        0x8 ../NES_NIOSII_bsp/\libhal_bsp.a(alt_exception_entry.o)
 *(.exceptions.soft.user)
 *(.exceptions.soft)
 *(.exceptions.unknown.user)
 *(.exceptions.unknown)
 .exceptions.unknown
                0x0000000008000094       0x14 ../NES_NIOSII_bsp/\libhal_bsp.a(alt_exception_entry.o)
 *(.exceptions.exit.label)
 .exceptions.exit.label
                0x00000000080000a8        0x0 ../NES_NIOSII_bsp/\libhal_bsp.a(alt_irq_entry.o)
 .exceptions.exit.label
                0x00000000080000a8        0x0 ../NES_NIOSII_bsp/\libhal_bsp.a(alt_exception_entry.o)
 *(.exceptions.exit.user)
 *(.exceptions.exit)
 .exceptions.exit
                0x00000000080000a8       0x54 ../NES_NIOSII_bsp/\libhal_bsp.a(alt_exception_entry.o)
 *(.exceptions)
 .exceptions    0x00000000080000fc       0xd4 ../NES_NIOSII_bsp/\libhal_bsp.a(alt_irq_handler.o)
                0x00000000080000fc                alt_irq_handler
 .exceptions    0x00000000080001d0       0x60 ../NES_NIOSII_bsp/\libhal_bsp.a(alt_instruction_exception_entry.o)
                0x00000000080001d0                alt_instruction_exception_entry
                0x0000000008000230                PROVIDE (__ram_exceptions_end, ABSOLUTE (.))
                0x0000000008000020                PROVIDE (__flash_exceptions_start, LOADADDR (.exceptions))

.text           0x0000000008000230    0x148b0
                [!provide]                        PROVIDE (stext, ABSOLUTE (.))
 *(.interp)
 *(.hash)
 *(.dynsym)
 *(.dynstr)
 *(.gnu.version)
 *(.gnu.version_d)
 *(.gnu.version_r)
 *(.rel.init)
 *(.rela.init)
 *(.rel.text .rel.text.* .rel.gnu.linkonce.t.*)
 *(.rela.text .rela.text.* .rela.gnu.linkonce.t.*)
 *(.rel.fini)
 *(.rela.fini)
 *(.rel.rodata .rel.rodata.* .rel.gnu.linkonce.r.*)
 *(.rela.rodata .rela.rodata.* .rela.gnu.linkonce.r.*)
 *(.rel.data .rel.data.* .rel.gnu.linkonce.d.*)
 *(.rela.data .rela.data.* .rela.gnu.linkonce.d.*)
 *(.rel.tdata .rel.tdata.* .rel.gnu.linkonce.td.*)
 *(.rela.tdata .rela.tdata.* .rela.gnu.linkonce.td.*)
 *(.rel.tbss .rel.tbss.* .rel.gnu.linkonce.tb.*)
 *(.rela.tbss .rela.tbss.* .rela.gnu.linkonce.tb.*)
 *(.rel.ctors)
 *(.rela.ctors)
 *(.rel.dtors)
 *(.rela.dtors)
 *(.rel.got)
 *(.rela.got)
 *(.rel.sdata .rel.sdata.* .rel.gnu.linkonce.s.*)
 *(.rela.sdata .rela.sdata.* .rela.gnu.linkonce.s.*)
 *(.rel.sbss .rel.sbss.* .rel.gnu.linkonce.sb.*)
 *(.rela.sbss .rela.sbss.* .rela.gnu.linkonce.sb.*)
 *(.rel.sdata2 .rel.sdata2.* .rel.gnu.linkonce.s2.*)
 *(.rela.sdata2 .rela.sdata2.* .rela.gnu.linkonce.s2.*)
 *(.rel.sbss2 .rel.sbss2.* .rel.gnu.linkonce.sb2.*)
 *(.rela.sbss2 .rela.sbss2.* .rela.gnu.linkonce.sb2.*)
 *(.rel.bss .rel.bss.* .rel.gnu.linkonce.b.*)
 *(.rela.bss .rela.bss.* .rela.gnu.linkonce.b.*)
 *(.rel.plt)
 *(.rela.plt)
 *(.rel.dyn)
 *(.init)
 *(.plt)
 *(.text .stub .text.* .gnu.linkonce.t.*)
 .text          0x0000000008000230       0x3c ../NES_NIOSII_bsp//obj/HAL/src/crt0.o
                0x0000000008000230                _start
 .text          0x000000000800026c      0xbb4 obj/default/main.o
                0x000000000800026c                GetDriverandReport
                0x000000000800045c                setLED
                0x00000000080004a0                clearLED
                0x00000000080004e8                printSignedHex0
                0x0000000008000600                printSignedHex1
                0x0000000008000738                setKeycode
                0x000000000800076c                write_prg_rom
                0x00000000080007b8                write_chr_rom
                0x0000000008000800                main
 .text          0x0000000008000e20      0x154 obj/default/sgtl5000/sgtl5000.o
                0x0000000008000e20                SGTL5000_Reg_Rd
                0x0000000008000ed4                SGTL5000_Reg_Wr
 .text          0x0000000008000f74      0x9d0 obj/default/usb_kb/HID.o
                0x0000000008000f74                HIDMProbe
                0x000000000800137c                HIDKProbe
                0x0000000008001784                HID_init
                0x00000000080017c4                mousePoll
                0x000000000800184c                kbdPoll
                0x00000000080018d4                HIDMEventHandler
                0x000000000800190c                HIDKEventHandler
 .text          0x0000000008001944      0x888 obj/default/usb_kb/MAX3421E.o
                0x0000000008001944                SPI_init
                0x0000000008001978                SPI_wr
                0x00000000080019a0                MAXreg_wr
                0x0000000008001a28                MAXbytes_wr
                0x0000000008001c18                MAXreg_rd
                0x0000000008001c9c                MAXbytes_rd
                0x0000000008001d88                MAX3421E_reset
                0x0000000008001e28                Vbus_power
                0x0000000008001e4c                MAX_busprobe
                0x0000000008001fd4                MAX3421E_init
                0x0000000008002068                MAX3421E_Task
                0x00000000080020cc                MaxIntHandler
                0x0000000008002198                MaxGpxHandler
 .text          0x00000000080021cc      0xe98 obj/default/usb_kb/transfer.o
                0x00000000080021cc                XferCtrlReq
                0x0000000008002318                XferCtrlData
                0x0000000008002400                XferCtrlND
                0x0000000008002474                XferDispatchPkt
                0x00000000080025f0                XferInTransfer
                0x0000000008002780                USB_init
                0x0000000008002818                USB_Task
                0x0000000008002e5c                MSDProbe
                0x0000000008002e88                MSDEventHandler
                0x0000000008002ec0                CDCProbe
                0x0000000008002eec                CDCEventHandler
                0x0000000008002f24                DummyProbe
                0x0000000008002f50                DummyEventHandler
                0x0000000008002f88                GetUsbTaskState
                0x0000000008002fa8                GetDevtable
                0x0000000008002fe0                ConvUTF8ToStr
 .text          0x0000000008003064      0x1b4 c:/intelfpga_lite/18.1/nios2eds/bin/gnu/h-x86_64-mingw32/bin/../lib/gcc/nios2-elf/5.3.0/mno-hw-mul\libgcc.a(lib2-divmod.o)
                0x0000000008003064                __divsi3
                0x00000000080030e8                __modsi3
                0x000000000800315c                __udivsi3
                0x00000000080031c0                __umodsi3
 .text          0x0000000008003218       0x28 c:/intelfpga_lite/18.1/nios2eds/bin/gnu/h-x86_64-mingw32/bin/../lib/gcc/nios2-elf/5.3.0/mno-hw-mul\libgcc.a(lib2-mul.o)
                0x0000000008003218                __mulsi3
 .text          0x0000000008003240        0x0 c:/intelfpga_lite/18.1/nios2eds/bin/gnu/h-x86_64-mingw32/bin/../lib/gcc/nios2-elf/5.3.0/../../../../../H-x86_64-mingw32/nios2-elf/lib/mno-hw-mul\libc.a(lib_a-memcpy.o)
 .text.memcpy   0x0000000008003240      0x148 c:/intelfpga_lite/18.1/nios2eds/bin/gnu/h-x86_64-mingw32/bin/../lib/gcc/nios2-elf/5.3.0/../../../../../H-x86_64-mingw32/nios2-elf/lib/mno-hw-mul\libc.a(lib_a-memcpy.o)
                0x0000000008003240                memcpy
 .text          0x0000000008003388        0x0 c:/intelfpga_lite/18.1/nios2eds/bin/gnu/h-x86_64-mingw32/bin/../lib/gcc/nios2-elf/5.3.0/../../../../../H-x86_64-mingw32/nios2-elf/lib/mno-hw-mul\libc.a(lib_a-printf.o)
 .text._printf_r
                0x0000000008003388       0x30 c:/intelfpga_lite/18.1/nios2eds/bin/gnu/h-x86_64-mingw32/bin/../lib/gcc/nios2-elf/5.3.0/../../../../../H-x86_64-mingw32/nios2-elf/lib/mno-hw-mul\libc.a(lib_a-printf.o)
                0x0000000008003388                _printf_r
 .text.printf   0x00000000080033b8       0x3c c:/intelfpga_lite/18.1/nios2eds/bin/gnu/h-x86_64-mingw32/bin/../lib/gcc/nios2-elf/5.3.0/../../../../../H-x86_64-mingw32/nios2-elf/lib/mno-hw-mul\libc.a(lib_a-printf.o)
                0x00000000080033b8                printf
 .text          0x00000000080033f4        0x0 c:/intelfpga_lite/18.1/nios2eds/bin/gnu/h-x86_64-mingw32/bin/../lib/gcc/nios2-elf/5.3.0/../../../../../H-x86_64-mingw32/nios2-elf/lib/mno-hw-mul\libc.a(lib_a-putchar.o)
 .text._putchar_r
                0x00000000080033f4        0x8 c:/intelfpga_lite/18.1/nios2eds/bin/gnu/h-x86_64-mingw32/bin/../lib/gcc/nios2-elf/5.3.0/../../../../../H-x86_64-mingw32/nios2-elf/lib/mno-hw-mul\libc.a(lib_a-putchar.o)
                0x00000000080033f4                _putchar_r
 .text.putchar  0x00000000080033fc       0x18 c:/intelfpga_lite/18.1/nios2eds/bin/gnu/h-x86_64-mingw32/bin/../lib/gcc/nios2-elf/5.3.0/../../../../../H-x86_64-mingw32/nios2-elf/lib/mno-hw-mul\libc.a(lib_a-putchar.o)
                0x00000000080033fc                putchar
 .text          0x0000000008003414        0x0 c:/intelfpga_lite/18.1/nios2eds/bin/gnu/h-x86_64-mingw32/bin/../lib/gcc/nios2-elf/5.3.0/../../../../../H-x86_64-mingw32/nios2-elf/lib/mno-hw-mul\libc.a(lib_a-puts.o)
 .text._puts_r  0x0000000008003414       0xc0 c:/intelfpga_lite/18.1/nios2eds/bin/gnu/h-x86_64-mingw32/bin/../lib/gcc/nios2-elf/5.3.0/../../../../../H-x86_64-mingw32/nios2-elf/lib/mno-hw-mul\libc.a(lib_a-puts.o)
                0x0000000008003414                _puts_r
 .text.puts     0x00000000080034d4       0x14 c:/intelfpga_lite/18.1/nios2eds/bin/gnu/h-x86_64-mingw32/bin/../lib/gcc/nios2-elf/5.3.0/../../../../../H-x86_64-mingw32/nios2-elf/lib/mno-hw-mul\libc.a(lib_a-puts.o)
                0x00000000080034d4                puts
 .text          0x00000000080034e8        0x0 c:/intelfpga_lite/18.1/nios2eds/bin/gnu/h-x86_64-mingw32/bin/../lib/gcc/nios2-elf/5.3.0/../../../../../H-x86_64-mingw32/nios2-elf/lib/mno-hw-mul\libc.a(lib_a-strlen.o)
 .text.strlen   0x00000000080034e8       0x98 c:/intelfpga_lite/18.1/nios2eds/bin/gnu/h-x86_64-mingw32/bin/../lib/gcc/nios2-elf/5.3.0/../../../../../H-x86_64-mingw32/nios2-elf/lib/mno-hw-mul\libc.a(lib_a-strlen.o)
                0x00000000080034e8                strlen
 .text          0x0000000008003580        0x0 c:/intelfpga_lite/18.1/nios2eds/bin/gnu/h-x86_64-mingw32/bin/../lib/gcc/nios2-elf/5.3.0/../../../../../H-x86_64-mingw32/nios2-elf/lib/mno-hw-mul\libc.a(lib_a-vfprintf.o)
 .text.___vfprintf_internal_r
                0x0000000008003580     0x22dc c:/intelfpga_lite/18.1/nios2eds/bin/gnu/h-x86_64-mingw32/bin/../lib/gcc/nios2-elf/5.3.0/../../../../../H-x86_64-mingw32/nios2-elf/lib/mno-hw-mul\libc.a(lib_a-vfprintf.o)
                0x0000000008003580                ___vfprintf_internal_r
 .text.__vfprintf_internal
                0x000000000800585c       0x1c c:/intelfpga_lite/18.1/nios2eds/bin/gnu/h-x86_64-mingw32/bin/../lib/gcc/nios2-elf/5.3.0/../../../../../H-x86_64-mingw32/nios2-elf/lib/mno-hw-mul\libc.a(lib_a-vfprintf.o)
                0x000000000800585c                __vfprintf_internal
 .text.__sbprintf
                0x0000000008005878       0xbc c:/intelfpga_lite/18.1/nios2eds/bin/gnu/h-x86_64-mingw32/bin/../lib/gcc/nios2-elf/5.3.0/../../../../../H-x86_64-mingw32/nios2-elf/lib/mno-hw-mul\libc.a(lib_a-vfprintf.o)
 .text          0x0000000008005934        0x0 c:/intelfpga_lite/18.1/nios2eds/bin/gnu/h-x86_64-mingw32/bin/../lib/gcc/nios2-elf/5.3.0/../../../../../H-x86_64-mingw32/nios2-elf/lib/mno-hw-mul\libc.a(lib_a-wsetup.o)
 .text.__swsetup_r
                0x0000000008005934      0x154 c:/intelfpga_lite/18.1/nios2eds/bin/gnu/h-x86_64-mingw32/bin/../lib/gcc/nios2-elf/5.3.0/../../../../../H-x86_64-mingw32/nios2-elf/lib/mno-hw-mul\libc.a(lib_a-wsetup.o)
                0x0000000008005934                __swsetup_r
 .text          0x0000000008005a88        0x0 c:/intelfpga_lite/18.1/nios2eds/bin/gnu/h-x86_64-mingw32/bin/../lib/gcc/nios2-elf/5.3.0/../../../../../H-x86_64-mingw32/nios2-elf/lib/mno-hw-mul\libc.a(lib_a-dtoa.o)
 .text.quorem   0x0000000008005a88      0x228 c:/intelfpga_lite/18.1/nios2eds/bin/gnu/h-x86_64-mingw32/bin/../lib/gcc/nios2-elf/5.3.0/../../../../../H-x86_64-mingw32/nios2-elf/lib/mno-hw-mul\libc.a(lib_a-dtoa.o)
 .text._dtoa_r  0x0000000008005cb0     0x1688 c:/intelfpga_lite/18.1/nios2eds/bin/gnu/h-x86_64-mingw32/bin/../lib/gcc/nios2-elf/5.3.0/../../../../../H-x86_64-mingw32/nios2-elf/lib/mno-hw-mul\libc.a(lib_a-dtoa.o)
                0x0000000008005cb0                _dtoa_r
 .text          0x0000000008007338        0x0 c:/intelfpga_lite/18.1/nios2eds/bin/gnu/h-x86_64-mingw32/bin/../lib/gcc/nios2-elf/5.3.0/../../../../../H-x86_64-mingw32/nios2-elf/lib/mno-hw-mul\libc.a(lib_a-fflush.o)
 .text.__sflush_r
                0x0000000008007338      0x21c c:/intelfpga_lite/18.1/nios2eds/bin/gnu/h-x86_64-mingw32/bin/../lib/gcc/nios2-elf/5.3.0/../../../../../H-x86_64-mingw32/nios2-elf/lib/mno-hw-mul\libc.a(lib_a-fflush.o)
                0x0000000008007338                __sflush_r
 .text._fflush_r
                0x0000000008007554       0x5c c:/intelfpga_lite/18.1/nios2eds/bin/gnu/h-x86_64-mingw32/bin/../lib/gcc/nios2-elf/5.3.0/../../../../../H-x86_64-mingw32/nios2-elf/lib/mno-hw-mul\libc.a(lib_a-fflush.o)
                0x0000000008007554                _fflush_r
 .text.fflush   0x00000000080075b0       0x30 c:/intelfpga_lite/18.1/nios2eds/bin/gnu/h-x86_64-mingw32/bin/../lib/gcc/nios2-elf/5.3.0/../../../../../H-x86_64-mingw32/nios2-elf/lib/mno-hw-mul\libc.a(lib_a-fflush.o)
                0x00000000080075b0                fflush
 .text          0x00000000080075e0        0x0 c:/intelfpga_lite/18.1/nios2eds/bin/gnu/h-x86_64-mingw32/bin/../lib/gcc/nios2-elf/5.3.0/../../../../../H-x86_64-mingw32/nios2-elf/lib/mno-hw-mul\libc.a(lib_a-findfp.o)
 .text.__fp_unlock
                0x00000000080075e0        0x8 c:/intelfpga_lite/18.1/nios2eds/bin/gnu/h-x86_64-mingw32/bin/../lib/gcc/nios2-elf/5.3.0/../../../../../H-x86_64-mingw32/nios2-elf/lib/mno-hw-mul\libc.a(lib_a-findfp.o)
 .text._cleanup_r
                0x00000000080075e8        0xc c:/intelfpga_lite/18.1/nios2eds/bin/gnu/h-x86_64-mingw32/bin/../lib/gcc/nios2-elf/5.3.0/../../../../../H-x86_64-mingw32/nios2-elf/lib/mno-hw-mul\libc.a(lib_a-findfp.o)
                0x00000000080075e8                _cleanup_r
 .text.__sinit.part.1
                0x00000000080075f4      0x19c c:/intelfpga_lite/18.1/nios2eds/bin/gnu/h-x86_64-mingw32/bin/../lib/gcc/nios2-elf/5.3.0/../../../../../H-x86_64-mingw32/nios2-elf/lib/mno-hw-mul\libc.a(lib_a-findfp.o)
 .text.__fp_lock
                0x0000000008007790        0x8 c:/intelfpga_lite/18.1/nios2eds/bin/gnu/h-x86_64-mingw32/bin/../lib/gcc/nios2-elf/5.3.0/../../../../../H-x86_64-mingw32/nios2-elf/lib/mno-hw-mul\libc.a(lib_a-findfp.o)
 .text.__sfmoreglue
                0x0000000008007798       0x78 c:/intelfpga_lite/18.1/nios2eds/bin/gnu/h-x86_64-mingw32/bin/../lib/gcc/nios2-elf/5.3.0/../../../../../H-x86_64-mingw32/nios2-elf/lib/mno-hw-mul\libc.a(lib_a-findfp.o)
                0x0000000008007798                __sfmoreglue
 .text.__sfp    0x0000000008007810      0x118 c:/intelfpga_lite/18.1/nios2eds/bin/gnu/h-x86_64-mingw32/bin/../lib/gcc/nios2-elf/5.3.0/../../../../../H-x86_64-mingw32/nios2-elf/lib/mno-hw-mul\libc.a(lib_a-findfp.o)
                0x0000000008007810                __sfp
 .text._cleanup
                0x0000000008007928       0x18 c:/intelfpga_lite/18.1/nios2eds/bin/gnu/h-x86_64-mingw32/bin/../lib/gcc/nios2-elf/5.3.0/../../../../../H-x86_64-mingw32/nios2-elf/lib/mno-hw-mul\libc.a(lib_a-findfp.o)
                0x0000000008007928                _cleanup
 .text.__sinit  0x0000000008007940       0x10 c:/intelfpga_lite/18.1/nios2eds/bin/gnu/h-x86_64-mingw32/bin/../lib/gcc/nios2-elf/5.3.0/../../../../../H-x86_64-mingw32/nios2-elf/lib/mno-hw-mul\libc.a(lib_a-findfp.o)
                0x0000000008007940                __sinit
 .text.__sfp_lock_acquire
                0x0000000008007950        0x4 c:/intelfpga_lite/18.1/nios2eds/bin/gnu/h-x86_64-mingw32/bin/../lib/gcc/nios2-elf/5.3.0/../../../../../H-x86_64-mingw32/nios2-elf/lib/mno-hw-mul\libc.a(lib_a-findfp.o)
                0x0000000008007950                __sfp_lock_acquire
 .text.__sfp_lock_release
                0x0000000008007954        0x4 c:/intelfpga_lite/18.1/nios2eds/bin/gnu/h-x86_64-mingw32/bin/../lib/gcc/nios2-elf/5.3.0/../../../../../H-x86_64-mingw32/nios2-elf/lib/mno-hw-mul\libc.a(lib_a-findfp.o)
                0x0000000008007954                __sfp_lock_release
 .text.__sinit_lock_acquire
                0x0000000008007958        0x4 c:/intelfpga_lite/18.1/nios2eds/bin/gnu/h-x86_64-mingw32/bin/../lib/gcc/nios2-elf/5.3.0/../../../../../H-x86_64-mingw32/nios2-elf/lib/mno-hw-mul\libc.a(lib_a-findfp.o)
                0x0000000008007958                __sinit_lock_acquire
 .text.__sinit_lock_release
                0x000000000800795c        0x4 c:/intelfpga_lite/18.1/nios2eds/bin/gnu/h-x86_64-mingw32/bin/../lib/gcc/nios2-elf/5.3.0/../../../../../H-x86_64-mingw32/nios2-elf/lib/mno-hw-mul\libc.a(lib_a-findfp.o)
                0x000000000800795c                __sinit_lock_release
 .text.__fp_lock_all
                0x0000000008007960       0x18 c:/intelfpga_lite/18.1/nios2eds/bin/gnu/h-x86_64-mingw32/bin/../lib/gcc/nios2-elf/5.3.0/../../../../../H-x86_64-mingw32/nios2-elf/lib/mno-hw-mul\libc.a(lib_a-findfp.o)
                0x0000000008007960                __fp_lock_all
 .text.__fp_unlock_all
                0x0000000008007978       0x18 c:/intelfpga_lite/18.1/nios2eds/bin/gnu/h-x86_64-mingw32/bin/../lib/gcc/nios2-elf/5.3.0/../../../../../H-x86_64-mingw32/nios2-elf/lib/mno-hw-mul\libc.a(lib_a-findfp.o)
                0x0000000008007978                __fp_unlock_all
 .text          0x0000000008007990        0x0 c:/intelfpga_lite/18.1/nios2eds/bin/gnu/h-x86_64-mingw32/bin/../lib/gcc/nios2-elf/5.3.0/../../../../../H-x86_64-mingw32/nios2-elf/lib/mno-hw-mul\libc.a(lib_a-freer.o)
 .text._malloc_trim_r
                0x0000000008007990      0x124 c:/intelfpga_lite/18.1/nios2eds/bin/gnu/h-x86_64-mingw32/bin/../lib/gcc/nios2-elf/5.3.0/../../../../../H-x86_64-mingw32/nios2-elf/lib/mno-hw-mul\libc.a(lib_a-freer.o)
                0x0000000008007990                _malloc_trim_r
 .text._free_r  0x0000000008007ab4      0x310 c:/intelfpga_lite/18.1/nios2eds/bin/gnu/h-x86_64-mingw32/bin/../lib/gcc/nios2-elf/5.3.0/../../../../../H-x86_64-mingw32/nios2-elf/lib/mno-hw-mul\libc.a(lib_a-freer.o)
                0x0000000008007ab4                _free_r
 .text          0x0000000008007dc4        0x0 c:/intelfpga_lite/18.1/nios2eds/bin/gnu/h-x86_64-mingw32/bin/../lib/gcc/nios2-elf/5.3.0/../../../../../H-x86_64-mingw32/nios2-elf/lib/mno-hw-mul\libc.a(lib_a-fvwrite.o)
 .text.__sfvwrite_r
                0x0000000008007dc4      0x4c8 c:/intelfpga_lite/18.1/nios2eds/bin/gnu/h-x86_64-mingw32/bin/../lib/gcc/nios2-elf/5.3.0/../../../../../H-x86_64-mingw32/nios2-elf/lib/mno-hw-mul\libc.a(lib_a-fvwrite.o)
                0x0000000008007dc4                __sfvwrite_r
 .text          0x000000000800828c        0x0 c:/intelfpga_lite/18.1/nios2eds/bin/gnu/h-x86_64-mingw32/bin/../lib/gcc/nios2-elf/5.3.0/../../../../../H-x86_64-mingw32/nios2-elf/lib/mno-hw-mul\libc.a(lib_a-fwalk.o)
 .text._fwalk   0x000000000800828c       0xc4 c:/intelfpga_lite/18.1/nios2eds/bin/gnu/h-x86_64-mingw32/bin/../lib/gcc/nios2-elf/5.3.0/../../../../../H-x86_64-mingw32/nios2-elf/lib/mno-hw-mul\libc.a(lib_a-fwalk.o)
                0x000000000800828c                _fwalk
 .text._fwalk_reent
                0x0000000008008350       0xc4 c:/intelfpga_lite/18.1/nios2eds/bin/gnu/h-x86_64-mingw32/bin/../lib/gcc/nios2-elf/5.3.0/../../../../../H-x86_64-mingw32/nios2-elf/lib/mno-hw-mul\libc.a(lib_a-fwalk.o)
                0x0000000008008350                _fwalk_reent
 .text          0x0000000008008414        0x0 c:/intelfpga_lite/18.1/nios2eds/bin/gnu/h-x86_64-mingw32/bin/../lib/gcc/nios2-elf/5.3.0/../../../../../H-x86_64-mingw32/nios2-elf/lib/mno-hw-mul\libc.a(lib_a-impure.o)
 .text          0x0000000008008414        0x0 c:/intelfpga_lite/18.1/nios2eds/bin/gnu/h-x86_64-mingw32/bin/../lib/gcc/nios2-elf/5.3.0/../../../../../H-x86_64-mingw32/nios2-elf/lib/mno-hw-mul\libc.a(lib_a-locale.o)
 .text._setlocale_r
                0x0000000008008414       0x7c c:/intelfpga_lite/18.1/nios2eds/bin/gnu/h-x86_64-mingw32/bin/../lib/gcc/nios2-elf/5.3.0/../../../../../H-x86_64-mingw32/nios2-elf/lib/mno-hw-mul\libc.a(lib_a-locale.o)
                0x0000000008008414                _setlocale_r
 .text.__locale_charset
                0x0000000008008490        0xc c:/intelfpga_lite/18.1/nios2eds/bin/gnu/h-x86_64-mingw32/bin/../lib/gcc/nios2-elf/5.3.0/../../../../../H-x86_64-mingw32/nios2-elf/lib/mno-hw-mul\libc.a(lib_a-locale.o)
                0x0000000008008490                __locale_charset
 .text.__locale_mb_cur_max
                0x000000000800849c       0x10 c:/intelfpga_lite/18.1/nios2eds/bin/gnu/h-x86_64-mingw32/bin/../lib/gcc/nios2-elf/5.3.0/../../../../../H-x86_64-mingw32/nios2-elf/lib/mno-hw-mul\libc.a(lib_a-locale.o)
                0x000000000800849c                __locale_mb_cur_max
 .text.__locale_msgcharset
                0x00000000080084ac        0xc c:/intelfpga_lite/18.1/nios2eds/bin/gnu/h-x86_64-mingw32/bin/../lib/gcc/nios2-elf/5.3.0/../../../../../H-x86_64-mingw32/nios2-elf/lib/mno-hw-mul\libc.a(lib_a-locale.o)
                0x00000000080084ac                __locale_msgcharset
 .text.__locale_cjk_lang
                0x00000000080084b8        0x8 c:/intelfpga_lite/18.1/nios2eds/bin/gnu/h-x86_64-mingw32/bin/../lib/gcc/nios2-elf/5.3.0/../../../../../H-x86_64-mingw32/nios2-elf/lib/mno-hw-mul\libc.a(lib_a-locale.o)
                0x00000000080084b8                __locale_cjk_lang
 .text._localeconv_r
                0x00000000080084c0        0xc c:/intelfpga_lite/18.1/nios2eds/bin/gnu/h-x86_64-mingw32/bin/../lib/gcc/nios2-elf/5.3.0/../../../../../H-x86_64-mingw32/nios2-elf/lib/mno-hw-mul\libc.a(lib_a-locale.o)
                0x00000000080084c0                _localeconv_r
 .text.setlocale
                0x00000000080084cc       0x18 c:/intelfpga_lite/18.1/nios2eds/bin/gnu/h-x86_64-mingw32/bin/../lib/gcc/nios2-elf/5.3.0/../../../../../H-x86_64-mingw32/nios2-elf/lib/mno-hw-mul\libc.a(lib_a-locale.o)
                0x00000000080084cc                setlocale
 .text.localeconv
                0x00000000080084e4        0xc c:/intelfpga_lite/18.1/nios2eds/bin/gnu/h-x86_64-mingw32/bin/../lib/gcc/nios2-elf/5.3.0/../../../../../H-x86_64-mingw32/nios2-elf/lib/mno-hw-mul\libc.a(lib_a-locale.o)
                0x00000000080084e4                localeconv
 .text          0x00000000080084f0        0x0 c:/intelfpga_lite/18.1/nios2eds/bin/gnu/h-x86_64-mingw32/bin/../lib/gcc/nios2-elf/5.3.0/../../../../../H-x86_64-mingw32/nios2-elf/lib/mno-hw-mul\libc.a(lib_a-makebuf.o)
 .text.__smakebuf_r
                0x00000000080084f0      0x1bc c:/intelfpga_lite/18.1/nios2eds/bin/gnu/h-x86_64-mingw32/bin/../lib/gcc/nios2-elf/5.3.0/../../../../../H-x86_64-mingw32/nios2-elf/lib/mno-hw-mul\libc.a(lib_a-makebuf.o)
                0x00000000080084f0                __smakebuf_r
 .text          0x00000000080086ac        0x0 c:/intelfpga_lite/18.1/nios2eds/bin/gnu/h-x86_64-mingw32/bin/../lib/gcc/nios2-elf/5.3.0/../../../../../H-x86_64-mingw32/nios2-elf/lib/mno-hw-mul\libc.a(lib_a-mallocr.o)
 .text._malloc_r
                0x00000000080086ac      0x80c c:/intelfpga_lite/18.1/nios2eds/bin/gnu/h-x86_64-mingw32/bin/../lib/gcc/nios2-elf/5.3.0/../../../../../H-x86_64-mingw32/nios2-elf/lib/mno-hw-mul\libc.a(lib_a-mallocr.o)
                0x00000000080086ac                _malloc_r
 .text          0x0000000008008eb8        0x0 c:/intelfpga_lite/18.1/nios2eds/bin/gnu/h-x86_64-mingw32/bin/../lib/gcc/nios2-elf/5.3.0/../../../../../H-x86_64-mingw32/nios2-elf/lib/mno-hw-mul\libc.a(lib_a-memchr.o)
 .text.memchr   0x0000000008008eb8       0xe4 c:/intelfpga_lite/18.1/nios2eds/bin/gnu/h-x86_64-mingw32/bin/../lib/gcc/nios2-elf/5.3.0/../../../../../H-x86_64-mingw32/nios2-elf/lib/mno-hw-mul\libc.a(lib_a-memchr.o)
                0x0000000008008eb8                memchr
 .text          0x0000000008008f9c        0x0 c:/intelfpga_lite/18.1/nios2eds/bin/gnu/h-x86_64-mingw32/bin/../lib/gcc/nios2-elf/5.3.0/../../../../../H-x86_64-mingw32/nios2-elf/lib/mno-hw-mul\libc.a(lib_a-memmove.o)
 .text.memmove  0x0000000008008f9c      0x15c c:/intelfpga_lite/18.1/nios2eds/bin/gnu/h-x86_64-mingw32/bin/../lib/gcc/nios2-elf/5.3.0/../../../../../H-x86_64-mingw32/nios2-elf/lib/mno-hw-mul\libc.a(lib_a-memmove.o)
                0x0000000008008f9c                memmove
 .text          0x00000000080090f8        0x0 c:/intelfpga_lite/18.1/nios2eds/bin/gnu/h-x86_64-mingw32/bin/../lib/gcc/nios2-elf/5.3.0/../../../../../H-x86_64-mingw32/nios2-elf/lib/mno-hw-mul\libc.a(lib_a-memset.o)
 .text.memset   0x00000000080090f8      0x128 c:/intelfpga_lite/18.1/nios2eds/bin/gnu/h-x86_64-mingw32/bin/../lib/gcc/nios2-elf/5.3.0/../../../../../H-x86_64-mingw32/nios2-elf/lib/mno-hw-mul\libc.a(lib_a-memset.o)
                0x00000000080090f8                memset
 .text          0x0000000008009220        0x0 c:/intelfpga_lite/18.1/nios2eds/bin/gnu/h-x86_64-mingw32/bin/../lib/gcc/nios2-elf/5.3.0/../../../../../H-x86_64-mingw32/nios2-elf/lib/mno-hw-mul\libc.a(lib_a-mprec.o)
 .text._Balloc  0x0000000008009220       0xa8 c:/intelfpga_lite/18.1/nios2eds/bin/gnu/h-x86_64-mingw32/bin/../lib/gcc/nios2-elf/5.3.0/../../../../../H-x86_64-mingw32/nios2-elf/lib/mno-hw-mul\libc.a(lib_a-mprec.o)
                0x0000000008009220                _Balloc
 .text._Bfree   0x00000000080092c8       0x28 c:/intelfpga_lite/18.1/nios2eds/bin/gnu/h-x86_64-mingw32/bin/../lib/gcc/nios2-elf/5.3.0/../../../../../H-x86_64-mingw32/nios2-elf/lib/mno-hw-mul\libc.a(lib_a-mprec.o)
                0x00000000080092c8                _Bfree
 .text.__multadd
                0x00000000080092f0      0x148 c:/intelfpga_lite/18.1/nios2eds/bin/gnu/h-x86_64-mingw32/bin/../lib/gcc/nios2-elf/5.3.0/../../../../../H-x86_64-mingw32/nios2-elf/lib/mno-hw-mul\libc.a(lib_a-mprec.o)
                0x00000000080092f0                __multadd
 .text.__s2b    0x0000000008009438      0x104 c:/intelfpga_lite/18.1/nios2eds/bin/gnu/h-x86_64-mingw32/bin/../lib/gcc/nios2-elf/5.3.0/../../../../../H-x86_64-mingw32/nios2-elf/lib/mno-hw-mul\libc.a(lib_a-mprec.o)
                0x0000000008009438                __s2b
 .text.__hi0bits
                0x000000000800953c       0x68 c:/intelfpga_lite/18.1/nios2eds/bin/gnu/h-x86_64-mingw32/bin/../lib/gcc/nios2-elf/5.3.0/../../../../../H-x86_64-mingw32/nios2-elf/lib/mno-hw-mul\libc.a(lib_a-mprec.o)
                0x000000000800953c                __hi0bits
 .text.__lo0bits
                0x00000000080095a4       0xb0 c:/intelfpga_lite/18.1/nios2eds/bin/gnu/h-x86_64-mingw32/bin/../lib/gcc/nios2-elf/5.3.0/../../../../../H-x86_64-mingw32/nios2-elf/lib/mno-hw-mul\libc.a(lib_a-mprec.o)
                0x00000000080095a4                __lo0bits
 .text.__i2b    0x0000000008009654       0x3c c:/intelfpga_lite/18.1/nios2eds/bin/gnu/h-x86_64-mingw32/bin/../lib/gcc/nios2-elf/5.3.0/../../../../../H-x86_64-mingw32/nios2-elf/lib/mno-hw-mul\libc.a(lib_a-mprec.o)
                0x0000000008009654                __i2b
 .text.__multiply
                0x0000000008009690      0x28c c:/intelfpga_lite/18.1/nios2eds/bin/gnu/h-x86_64-mingw32/bin/../lib/gcc/nios2-elf/5.3.0/../../../../../H-x86_64-mingw32/nios2-elf/lib/mno-hw-mul\libc.a(lib_a-mprec.o)
                0x0000000008009690                __multiply
 .text.__pow5mult
                0x000000000800991c      0x140 c:/intelfpga_lite/18.1/nios2eds/bin/gnu/h-x86_64-mingw32/bin/../lib/gcc/nios2-elf/5.3.0/../../../../../H-x86_64-mingw32/nios2-elf/lib/mno-hw-mul\libc.a(lib_a-mprec.o)
                0x000000000800991c                __pow5mult
 .text.__lshift
                0x0000000008009a5c      0x148 c:/intelfpga_lite/18.1/nios2eds/bin/gnu/h-x86_64-mingw32/bin/../lib/gcc/nios2-elf/5.3.0/../../../../../H-x86_64-mingw32/nios2-elf/lib/mno-hw-mul\libc.a(lib_a-mprec.o)
                0x0000000008009a5c                __lshift
 .text.__mcmp   0x0000000008009ba4       0x60 c:/intelfpga_lite/18.1/nios2eds/bin/gnu/h-x86_64-mingw32/bin/../lib/gcc/nios2-elf/5.3.0/../../../../../H-x86_64-mingw32/nios2-elf/lib/mno-hw-mul\libc.a(lib_a-mprec.o)
                0x0000000008009ba4                __mcmp
 .text.__mdiff  0x0000000008009c04      0x1fc c:/intelfpga_lite/18.1/nios2eds/bin/gnu/h-x86_64-mingw32/bin/../lib/gcc/nios2-elf/5.3.0/../../../../../H-x86_64-mingw32/nios2-elf/lib/mno-hw-mul\libc.a(lib_a-mprec.o)
                0x0000000008009c04                __mdiff
 .text.__ulp    0x0000000008009e00       0x64 c:/intelfpga_lite/18.1/nios2eds/bin/gnu/h-x86_64-mingw32/bin/../lib/gcc/nios2-elf/5.3.0/../../../../../H-x86_64-mingw32/nios2-elf/lib/mno-hw-mul\libc.a(lib_a-mprec.o)
                0x0000000008009e00                __ulp
 .text.__b2d    0x0000000008009e64      0x10c c:/intelfpga_lite/18.1/nios2eds/bin/gnu/h-x86_64-mingw32/bin/../lib/gcc/nios2-elf/5.3.0/../../../../../H-x86_64-mingw32/nios2-elf/lib/mno-hw-mul\libc.a(lib_a-mprec.o)
                0x0000000008009e64                __b2d
 .text.__d2b    0x0000000008009f70      0x14c c:/intelfpga_lite/18.1/nios2eds/bin/gnu/h-x86_64-mingw32/bin/../lib/gcc/nios2-elf/5.3.0/../../../../../H-x86_64-mingw32/nios2-elf/lib/mno-hw-mul\libc.a(lib_a-mprec.o)
                0x0000000008009f70                __d2b
 .text.__ratio  0x000000000800a0bc       0xa4 c:/intelfpga_lite/18.1/nios2eds/bin/gnu/h-x86_64-mingw32/bin/../lib/gcc/nios2-elf/5.3.0/../../../../../H-x86_64-mingw32/nios2-elf/lib/mno-hw-mul\libc.a(lib_a-mprec.o)
                0x000000000800a0bc                __ratio
 .text._mprec_log10
                0x000000000800a160       0x74 c:/intelfpga_lite/18.1/nios2eds/bin/gnu/h-x86_64-mingw32/bin/../lib/gcc/nios2-elf/5.3.0/../../../../../H-x86_64-mingw32/nios2-elf/lib/mno-hw-mul\libc.a(lib_a-mprec.o)
                0x000000000800a160                _mprec_log10
 .text.__copybits
                0x000000000800a1d4       0x78 c:/intelfpga_lite/18.1/nios2eds/bin/gnu/h-x86_64-mingw32/bin/../lib/gcc/nios2-elf/5.3.0/../../../../../H-x86_64-mingw32/nios2-elf/lib/mno-hw-mul\libc.a(lib_a-mprec.o)
                0x000000000800a1d4                __copybits
 .text.__any_on
                0x000000000800a24c       0x8c c:/intelfpga_lite/18.1/nios2eds/bin/gnu/h-x86_64-mingw32/bin/../lib/gcc/nios2-elf/5.3.0/../../../../../H-x86_64-mingw32/nios2-elf/lib/mno-hw-mul\libc.a(lib_a-mprec.o)
                0x000000000800a24c                __any_on
 .text          0x000000000800a2d8        0x0 c:/intelfpga_lite/18.1/nios2eds/bin/gnu/h-x86_64-mingw32/bin/../lib/gcc/nios2-elf/5.3.0/../../../../../H-x86_64-mingw32/nios2-elf/lib/mno-hw-mul\libc.a(lib_a-putc.o)
 .text._putc_r  0x000000000800a2d8       0xa0 c:/intelfpga_lite/18.1/nios2eds/bin/gnu/h-x86_64-mingw32/bin/../lib/gcc/nios2-elf/5.3.0/../../../../../H-x86_64-mingw32/nios2-elf/lib/mno-hw-mul\libc.a(lib_a-putc.o)
                0x000000000800a2d8                _putc_r
 .text.putc     0x000000000800a378       0xc8 c:/intelfpga_lite/18.1/nios2eds/bin/gnu/h-x86_64-mingw32/bin/../lib/gcc/nios2-elf/5.3.0/../../../../../H-x86_64-mingw32/nios2-elf/lib/mno-hw-mul\libc.a(lib_a-putc.o)
                0x000000000800a378                putc
 .text          0x000000000800a440        0x0 c:/intelfpga_lite/18.1/nios2eds/bin/gnu/h-x86_64-mingw32/bin/../lib/gcc/nios2-elf/5.3.0/../../../../../H-x86_64-mingw32/nios2-elf/lib/mno-hw-mul\libc.a(lib_a-reallocr.o)
 .text._realloc_r
                0x000000000800a440      0x564 c:/intelfpga_lite/18.1/nios2eds/bin/gnu/h-x86_64-mingw32/bin/../lib/gcc/nios2-elf/5.3.0/../../../../../H-x86_64-mingw32/nios2-elf/lib/mno-hw-mul\libc.a(lib_a-reallocr.o)
                0x000000000800a440                _realloc_r
 .text          0x000000000800a9a4        0x0 c:/intelfpga_lite/18.1/nios2eds/bin/gnu/h-x86_64-mingw32/bin/../lib/gcc/nios2-elf/5.3.0/../../../../../H-x86_64-mingw32/nios2-elf/lib/mno-hw-mul\libc.a(lib_a-s_fpclassify.o)
 .text.__fpclassifyd
                0x000000000800a9a4       0x74 c:/intelfpga_lite/18.1/nios2eds/bin/gnu/h-x86_64-mingw32/bin/../lib/gcc/nios2-elf/5.3.0/../../../../../H-x86_64-mingw32/nios2-elf/lib/mno-hw-mul\libc.a(lib_a-s_fpclassify.o)
                0x000000000800a9a4                __fpclassifyd
 .text          0x000000000800aa18        0x0 c:/intelfpga_lite/18.1/nios2eds/bin/gnu/h-x86_64-mingw32/bin/../lib/gcc/nios2-elf/5.3.0/../../../../../H-x86_64-mingw32/nios2-elf/lib/mno-hw-mul\libc.a(lib_a-sbrkr.o)
 .text._sbrk_r  0x000000000800aa18       0x54 c:/intelfpga_lite/18.1/nios2eds/bin/gnu/h-x86_64-mingw32/bin/../lib/gcc/nios2-elf/5.3.0/../../../../../H-x86_64-mingw32/nios2-elf/lib/mno-hw-mul\libc.a(lib_a-sbrkr.o)
                0x000000000800aa18                _sbrk_r
 .text          0x000000000800aa6c        0x0 c:/intelfpga_lite/18.1/nios2eds/bin/gnu/h-x86_64-mingw32/bin/../lib/gcc/nios2-elf/5.3.0/../../../../../H-x86_64-mingw32/nios2-elf/lib/mno-hw-mul\libc.a(lib_a-stdio.o)
 .text.__sread  0x000000000800aa6c       0x54 c:/intelfpga_lite/18.1/nios2eds/bin/gnu/h-x86_64-mingw32/bin/../lib/gcc/nios2-elf/5.3.0/../../../../../H-x86_64-mingw32/nios2-elf/lib/mno-hw-mul\libc.a(lib_a-stdio.o)
                0x000000000800aa6c                __sread
 .text.__seofread
                0x000000000800aac0        0x8 c:/intelfpga_lite/18.1/nios2eds/bin/gnu/h-x86_64-mingw32/bin/../lib/gcc/nios2-elf/5.3.0/../../../../../H-x86_64-mingw32/nios2-elf/lib/mno-hw-mul\libc.a(lib_a-stdio.o)
                0x000000000800aac0                __seofread
 .text.__swrite
                0x000000000800aac8       0x7c c:/intelfpga_lite/18.1/nios2eds/bin/gnu/h-x86_64-mingw32/bin/../lib/gcc/nios2-elf/5.3.0/../../../../../H-x86_64-mingw32/nios2-elf/lib/mno-hw-mul\libc.a(lib_a-stdio.o)
                0x000000000800aac8                __swrite
 .text.__sseek  0x000000000800ab44       0x5c c:/intelfpga_lite/18.1/nios2eds/bin/gnu/h-x86_64-mingw32/bin/../lib/gcc/nios2-elf/5.3.0/../../../../../H-x86_64-mingw32/nios2-elf/lib/mno-hw-mul\libc.a(lib_a-stdio.o)
                0x000000000800ab44                __sseek
 .text.__sclose
                0x000000000800aba0        0x8 c:/intelfpga_lite/18.1/nios2eds/bin/gnu/h-x86_64-mingw32/bin/../lib/gcc/nios2-elf/5.3.0/../../../../../H-x86_64-mingw32/nios2-elf/lib/mno-hw-mul\libc.a(lib_a-stdio.o)
                0x000000000800aba0                __sclose
 .text          0x000000000800aba8        0x0 c:/intelfpga_lite/18.1/nios2eds/bin/gnu/h-x86_64-mingw32/bin/../lib/gcc/nios2-elf/5.3.0/../../../../../H-x86_64-mingw32/nios2-elf/lib/mno-hw-mul\libc.a(lib_a-strcmp.o)
 .text.strcmp   0x000000000800aba8       0xdc c:/intelfpga_lite/18.1/nios2eds/bin/gnu/h-x86_64-mingw32/bin/../lib/gcc/nios2-elf/5.3.0/../../../../../H-x86_64-mingw32/nios2-elf/lib/mno-hw-mul\libc.a(lib_a-strcmp.o)
                0x000000000800aba8                strcmp
 .text          0x000000000800ac84        0x0 c:/intelfpga_lite/18.1/nios2eds/bin/gnu/h-x86_64-mingw32/bin/../lib/gcc/nios2-elf/5.3.0/../../../../../H-x86_64-mingw32/nios2-elf/lib/mno-hw-mul\libc.a(lib_a-vfiprintf.o)
 .text.__sprint_r.part.0
                0x000000000800ac84       0xfc c:/intelfpga_lite/18.1/nios2eds/bin/gnu/h-x86_64-mingw32/bin/../lib/gcc/nios2-elf/5.3.0/../../../../../H-x86_64-mingw32/nios2-elf/lib/mno-hw-mul\libc.a(lib_a-vfiprintf.o)
 .text.__sprint_r
                0x000000000800ad80       0x18 c:/intelfpga_lite/18.1/nios2eds/bin/gnu/h-x86_64-mingw32/bin/../lib/gcc/nios2-elf/5.3.0/../../../../../H-x86_64-mingw32/nios2-elf/lib/mno-hw-mul\libc.a(lib_a-vfiprintf.o)
                0x000000000800ad80                __sprint_r
 .text.___vfiprintf_internal_r
                0x000000000800ad98     0x150c c:/intelfpga_lite/18.1/nios2eds/bin/gnu/h-x86_64-mingw32/bin/../lib/gcc/nios2-elf/5.3.0/../../../../../H-x86_64-mingw32/nios2-elf/lib/mno-hw-mul\libc.a(lib_a-vfiprintf.o)
                0x000000000800ad98                ___vfiprintf_internal_r
 .text.__vfiprintf_internal
                0x000000000800c2a4       0x1c c:/intelfpga_lite/18.1/nios2eds/bin/gnu/h-x86_64-mingw32/bin/../lib/gcc/nios2-elf/5.3.0/../../../../../H-x86_64-mingw32/nios2-elf/lib/mno-hw-mul\libc.a(lib_a-vfiprintf.o)
                0x000000000800c2a4                __vfiprintf_internal
 .text.__sbprintf
                0x000000000800c2c0       0xbc c:/intelfpga_lite/18.1/nios2eds/bin/gnu/h-x86_64-mingw32/bin/../lib/gcc/nios2-elf/5.3.0/../../../../../H-x86_64-mingw32/nios2-elf/lib/mno-hw-mul\libc.a(lib_a-vfiprintf.o)
 .text          0x000000000800c37c        0x0 c:/intelfpga_lite/18.1/nios2eds/bin/gnu/h-x86_64-mingw32/bin/../lib/gcc/nios2-elf/5.3.0/../../../../../H-x86_64-mingw32/nios2-elf/lib/mno-hw-mul\libc.a(lib_a-wbuf.o)
 .text.__swbuf_r
                0x000000000800c37c      0x140 c:/intelfpga_lite/18.1/nios2eds/bin/gnu/h-x86_64-mingw32/bin/../lib/gcc/nios2-elf/5.3.0/../../../../../H-x86_64-mingw32/nios2-elf/lib/mno-hw-mul\libc.a(lib_a-wbuf.o)
                0x000000000800c37c                __swbuf_r
 .text.__swbuf  0x000000000800c4bc       0x18 c:/intelfpga_lite/18.1/nios2eds/bin/gnu/h-x86_64-mingw32/bin/../lib/gcc/nios2-elf/5.3.0/../../../../../H-x86_64-mingw32/nios2-elf/lib/mno-hw-mul\libc.a(lib_a-wbuf.o)
                0x000000000800c4bc                __swbuf
 .text          0x000000000800c4d4        0x0 c:/intelfpga_lite/18.1/nios2eds/bin/gnu/h-x86_64-mingw32/bin/../lib/gcc/nios2-elf/5.3.0/../../../../../H-x86_64-mingw32/nios2-elf/lib/mno-hw-mul\libc.a(lib_a-writer.o)
 .text._write_r
                0x000000000800c4d4       0x60 c:/intelfpga_lite/18.1/nios2eds/bin/gnu/h-x86_64-mingw32/bin/../lib/gcc/nios2-elf/5.3.0/../../../../../H-x86_64-mingw32/nios2-elf/lib/mno-hw-mul\libc.a(lib_a-writer.o)
                0x000000000800c4d4                _write_r
 .text          0x000000000800c534        0x0 c:/intelfpga_lite/18.1/nios2eds/bin/gnu/h-x86_64-mingw32/bin/../lib/gcc/nios2-elf/5.3.0/../../../../../H-x86_64-mingw32/nios2-elf/lib/mno-hw-mul\libc.a(closer.o)
 .text._close_r
                0x000000000800c534       0x54 c:/intelfpga_lite/18.1/nios2eds/bin/gnu/h-x86_64-mingw32/bin/../lib/gcc/nios2-elf/5.3.0/../../../../../H-x86_64-mingw32/nios2-elf/lib/mno-hw-mul\libc.a(closer.o)
                0x000000000800c534                _close_r
 .text          0x000000000800c588        0x0 c:/intelfpga_lite/18.1/nios2eds/bin/gnu/h-x86_64-mingw32/bin/../lib/gcc/nios2-elf/5.3.0/../../../../../H-x86_64-mingw32/nios2-elf/lib/mno-hw-mul\libc.a(lib_a-callocr.o)
 .text._calloc_r
                0x000000000800c588       0xdc c:/intelfpga_lite/18.1/nios2eds/bin/gnu/h-x86_64-mingw32/bin/../lib/gcc/nios2-elf/5.3.0/../../../../../H-x86_64-mingw32/nios2-elf/lib/mno-hw-mul\libc.a(lib_a-callocr.o)
                0x000000000800c588                _calloc_r
 .text          0x000000000800c664        0x0 c:/intelfpga_lite/18.1/nios2eds/bin/gnu/h-x86_64-mingw32/bin/../lib/gcc/nios2-elf/5.3.0/../../../../../H-x86_64-mingw32/nios2-elf/lib/mno-hw-mul\libc.a(lib_a-fclose.o)
 .text._fclose_r
                0x000000000800c664       0xf0 c:/intelfpga_lite/18.1/nios2eds/bin/gnu/h-x86_64-mingw32/bin/../lib/gcc/nios2-elf/5.3.0/../../../../../H-x86_64-mingw32/nios2-elf/lib/mno-hw-mul\libc.a(lib_a-fclose.o)
                0x000000000800c664                _fclose_r
 .text.fclose   0x000000000800c754       0x14 c:/intelfpga_lite/18.1/nios2eds/bin/gnu/h-x86_64-mingw32/bin/../lib/gcc/nios2-elf/5.3.0/../../../../../H-x86_64-mingw32/nios2-elf/lib/mno-hw-mul\libc.a(lib_a-fclose.o)
                0x000000000800c754                fclose
 .text          0x000000000800c768        0x0 c:/intelfpga_lite/18.1/nios2eds/bin/gnu/h-x86_64-mingw32/bin/../lib/gcc/nios2-elf/5.3.0/../../../../../H-x86_64-mingw32/nios2-elf/lib/mno-hw-mul\libc.a(lib_a-fputwc.o)
 .text.__fputwc
                0x000000000800c768      0x164 c:/intelfpga_lite/18.1/nios2eds/bin/gnu/h-x86_64-mingw32/bin/../lib/gcc/nios2-elf/5.3.0/../../../../../H-x86_64-mingw32/nios2-elf/lib/mno-hw-mul\libc.a(lib_a-fputwc.o)
                0x000000000800c768                __fputwc
 .text._fputwc_r
                0x000000000800c8cc       0x24 c:/intelfpga_lite/18.1/nios2eds/bin/gnu/h-x86_64-mingw32/bin/../lib/gcc/nios2-elf/5.3.0/../../../../../H-x86_64-mingw32/nios2-elf/lib/mno-hw-mul\libc.a(lib_a-fputwc.o)
                0x000000000800c8cc                _fputwc_r
 .text.fputwc   0x000000000800c8f0       0x80 c:/intelfpga_lite/18.1/nios2eds/bin/gnu/h-x86_64-mingw32/bin/../lib/gcc/nios2-elf/5.3.0/../../../../../H-x86_64-mingw32/nios2-elf/lib/mno-hw-mul\libc.a(lib_a-fputwc.o)
                0x000000000800c8f0                fputwc
 .text          0x000000000800c970        0x0 c:/intelfpga_lite/18.1/nios2eds/bin/gnu/h-x86_64-mingw32/bin/../lib/gcc/nios2-elf/5.3.0/../../../../../H-x86_64-mingw32/nios2-elf/lib/mno-hw-mul\libc.a(lib_a-fstatr.o)
 .text._fstat_r
                0x000000000800c970       0x5c c:/intelfpga_lite/18.1/nios2eds/bin/gnu/h-x86_64-mingw32/bin/../lib/gcc/nios2-elf/5.3.0/../../../../../H-x86_64-mingw32/nios2-elf/lib/mno-hw-mul\libc.a(lib_a-fstatr.o)
                0x000000000800c970                _fstat_r
 .text          0x000000000800c9cc        0x0 c:/intelfpga_lite/18.1/nios2eds/bin/gnu/h-x86_64-mingw32/bin/../lib/gcc/nios2-elf/5.3.0/../../../../../H-x86_64-mingw32/nios2-elf/lib/mno-hw-mul\libc.a(lib_a-int_errno.o)
 .text          0x000000000800c9cc        0x0 c:/intelfpga_lite/18.1/nios2eds/bin/gnu/h-x86_64-mingw32/bin/../lib/gcc/nios2-elf/5.3.0/../../../../../H-x86_64-mingw32/nios2-elf/lib/mno-hw-mul\libc.a(lib_a-isattyr.o)
 .text._isatty_r
                0x000000000800c9cc       0x54 c:/intelfpga_lite/18.1/nios2eds/bin/gnu/h-x86_64-mingw32/bin/../lib/gcc/nios2-elf/5.3.0/../../../../../H-x86_64-mingw32/nios2-elf/lib/mno-hw-mul\libc.a(lib_a-isattyr.o)
                0x000000000800c9cc                _isatty_r
 .text          0x000000000800ca20        0x0 c:/intelfpga_lite/18.1/nios2eds/bin/gnu/h-x86_64-mingw32/bin/../lib/gcc/nios2-elf/5.3.0/../../../../../H-x86_64-mingw32/nios2-elf/lib/mno-hw-mul\libc.a(lib_a-lseekr.o)
 .text._lseek_r
                0x000000000800ca20       0x60 c:/intelfpga_lite/18.1/nios2eds/bin/gnu/h-x86_64-mingw32/bin/../lib/gcc/nios2-elf/5.3.0/../../../../../H-x86_64-mingw32/nios2-elf/lib/mno-hw-mul\libc.a(lib_a-lseekr.o)
                0x000000000800ca20                _lseek_r
 .text          0x000000000800ca80        0x0 c:/intelfpga_lite/18.1/nios2eds/bin/gnu/h-x86_64-mingw32/bin/../lib/gcc/nios2-elf/5.3.0/../../../../../H-x86_64-mingw32/nios2-elf/lib/mno-hw-mul\libc.a(lib_a-readr.o)
 .text._read_r  0x000000000800ca80       0x60 c:/intelfpga_lite/18.1/nios2eds/bin/gnu/h-x86_64-mingw32/bin/../lib/gcc/nios2-elf/5.3.0/../../../../../H-x86_64-mingw32/nios2-elf/lib/mno-hw-mul\libc.a(lib_a-readr.o)
                0x000000000800ca80                _read_r
 .text          0x000000000800cae0        0x0 c:/intelfpga_lite/18.1/nios2eds/bin/gnu/h-x86_64-mingw32/bin/../lib/gcc/nios2-elf/5.3.0/../../../../../H-x86_64-mingw32/nios2-elf/lib/mno-hw-mul\libc.a(lib_a-wcrtomb.o)
 .text._wcrtomb_r
                0x000000000800cae0       0x9c c:/intelfpga_lite/18.1/nios2eds/bin/gnu/h-x86_64-mingw32/bin/../lib/gcc/nios2-elf/5.3.0/../../../../../H-x86_64-mingw32/nios2-elf/lib/mno-hw-mul\libc.a(lib_a-wcrtomb.o)
                0x000000000800cae0                _wcrtomb_r
 .text.wcrtomb  0x000000000800cb7c       0xc0 c:/intelfpga_lite/18.1/nios2eds/bin/gnu/h-x86_64-mingw32/bin/../lib/gcc/nios2-elf/5.3.0/../../../../../H-x86_64-mingw32/nios2-elf/lib/mno-hw-mul\libc.a(lib_a-wcrtomb.o)
                0x000000000800cb7c                wcrtomb
 .text          0x000000000800cc3c        0x0 c:/intelfpga_lite/18.1/nios2eds/bin/gnu/h-x86_64-mingw32/bin/../lib/gcc/nios2-elf/5.3.0/../../../../../H-x86_64-mingw32/nios2-elf/lib/mno-hw-mul\libc.a(lib_a-wctomb_r.o)
 .text.__ascii_wctomb
                0x000000000800cc3c       0x30 c:/intelfpga_lite/18.1/nios2eds/bin/gnu/h-x86_64-mingw32/bin/../lib/gcc/nios2-elf/5.3.0/../../../../../H-x86_64-mingw32/nios2-elf/lib/mno-hw-mul\libc.a(lib_a-wctomb_r.o)
                0x000000000800cc3c                __ascii_wctomb
 .text._wctomb_r
                0x000000000800cc6c       0x5c c:/intelfpga_lite/18.1/nios2eds/bin/gnu/h-x86_64-mingw32/bin/../lib/gcc/nios2-elf/5.3.0/../../../../../H-x86_64-mingw32/nios2-elf/lib/mno-hw-mul\libc.a(lib_a-wctomb_r.o)
                0x000000000800cc6c                _wctomb_r
 .text          0x000000000800ccc8      0x5fc c:/intelfpga_lite/18.1/nios2eds/bin/gnu/h-x86_64-mingw32/bin/../lib/gcc/nios2-elf/5.3.0/mno-hw-mul\libgcc.a(_udivdi3.o)
                0x000000000800ccc8                __udivdi3
 .text          0x000000000800d2c4      0x5c4 c:/intelfpga_lite/18.1/nios2eds/bin/gnu/h-x86_64-mingw32/bin/../lib/gcc/nios2-elf/5.3.0/mno-hw-mul\libgcc.a(_umoddi3.o)
                0x000000000800d2c4                __umoddi3
 .text          0x000000000800d888      0x8ac c:/intelfpga_lite/18.1/nios2eds/bin/gnu/h-x86_64-mingw32/bin/../lib/gcc/nios2-elf/5.3.0/mno-hw-mul\libgcc.a(adddf3.o)
                0x000000000800d888                __adddf3
 .text          0x000000000800e134      0x9d0 c:/intelfpga_lite/18.1/nios2eds/bin/gnu/h-x86_64-mingw32/bin/../lib/gcc/nios2-elf/5.3.0/mno-hw-mul\libgcc.a(divdf3.o)
                0x000000000800e134                __divdf3
 .text          0x000000000800eb04       0x88 c:/intelfpga_lite/18.1/nios2eds/bin/gnu/h-x86_64-mingw32/bin/../lib/gcc/nios2-elf/5.3.0/mno-hw-mul\libgcc.a(eqdf2.o)
                0x000000000800eb04                __nedf2
                0x000000000800eb04                __eqdf2
 .text          0x000000000800eb8c       0xdc c:/intelfpga_lite/18.1/nios2eds/bin/gnu/h-x86_64-mingw32/bin/../lib/gcc/nios2-elf/5.3.0/mno-hw-mul\libgcc.a(gedf2.o)
                0x000000000800eb8c                __gedf2
                0x000000000800eb8c                __gtdf2
 .text          0x000000000800ec68       0xf4 c:/intelfpga_lite/18.1/nios2eds/bin/gnu/h-x86_64-mingw32/bin/../lib/gcc/nios2-elf/5.3.0/mno-hw-mul\libgcc.a(ledf2.o)
                0x000000000800ec68                __ledf2
                0x000000000800ec68                __ltdf2
 .text          0x000000000800ed5c      0x86c c:/intelfpga_lite/18.1/nios2eds/bin/gnu/h-x86_64-mingw32/bin/../lib/gcc/nios2-elf/5.3.0/mno-hw-mul\libgcc.a(muldf3.o)
                0x000000000800ed5c                __muldf3
 .text          0x000000000800f5c8      0x8fc c:/intelfpga_lite/18.1/nios2eds/bin/gnu/h-x86_64-mingw32/bin/../lib/gcc/nios2-elf/5.3.0/mno-hw-mul\libgcc.a(subdf3.o)
                0x000000000800f5c8                __subdf3
 .text          0x000000000800fec4       0x80 c:/intelfpga_lite/18.1/nios2eds/bin/gnu/h-x86_64-mingw32/bin/../lib/gcc/nios2-elf/5.3.0/mno-hw-mul\libgcc.a(fixdfsi.o)
                0x000000000800fec4                __fixdfsi
 .text          0x000000000800ff44       0xdc c:/intelfpga_lite/18.1/nios2eds/bin/gnu/h-x86_64-mingw32/bin/../lib/gcc/nios2-elf/5.3.0/mno-hw-mul\libgcc.a(floatsidf.o)
                0x000000000800ff44                __floatsidf
 .text          0x0000000008010020       0xa8 c:/intelfpga_lite/18.1/nios2eds/bin/gnu/h-x86_64-mingw32/bin/../lib/gcc/nios2-elf/5.3.0/mno-hw-mul\libgcc.a(floatunsidf.o)
                0x0000000008010020                __floatunsidf
 .text          0x00000000080100c8        0x0 c:/intelfpga_lite/18.1/nios2eds/bin/gnu/h-x86_64-mingw32/bin/../lib/gcc/nios2-elf/5.3.0/mno-hw-mul\libgcc.a(_clz.o)
 .text          0x00000000080100c8       0x64 c:/intelfpga_lite/18.1/nios2eds/bin/gnu/h-x86_64-mingw32/bin/../lib/gcc/nios2-elf/5.3.0/mno-hw-mul\libgcc.a(_clzsi2.o)
                0x00000000080100c8                __clzsi2
 .text          0x000000000801012c      0x114 ../NES_NIOSII_bsp/\libhal_bsp.a(alt_close.o)
                0x0000000008010168                close
 .text          0x0000000008010240       0x2c ../NES_NIOSII_bsp/\libhal_bsp.a(alt_dev.o)
 .text          0x000000000801026c        0x0 ../NES_NIOSII_bsp/\libhal_bsp.a(alt_errno.o)
 .text          0x000000000801026c       0xf4 ../NES_NIOSII_bsp/\libhal_bsp.a(alt_fstat.o)
                0x00000000080102a8                fstat
 .text          0x0000000008010360       0xe8 ../NES_NIOSII_bsp/\libhal_bsp.a(alt_isatty.o)
                0x000000000801039c                isatty
 .text          0x0000000008010448       0xec ../NES_NIOSII_bsp/\libhal_bsp.a(alt_load.o)
                0x00000000080104b0                alt_load
 .text          0x0000000008010534      0x118 ../NES_NIOSII_bsp/\libhal_bsp.a(alt_lseek.o)
                0x0000000008010570                lseek
 .text          0x000000000801064c       0x7c ../NES_NIOSII_bsp/\libhal_bsp.a(alt_main.o)
                0x000000000801064c                alt_main
 .text          0x00000000080106c8       0x48 ../NES_NIOSII_bsp/\libhal_bsp.a(alt_malloc_lock.o)
                0x00000000080106c8                __malloc_lock
                0x00000000080106ec                __malloc_unlock
 .text          0x0000000008010710      0x140 ../NES_NIOSII_bsp/\libhal_bsp.a(alt_read.o)
                0x000000000801074c                read
 .text          0x0000000008010850       0x84 ../NES_NIOSII_bsp/\libhal_bsp.a(alt_release_fd.o)
                0x0000000008010850                alt_release_fd
 .text          0x00000000080108d4       0xb0 ../NES_NIOSII_bsp/\libhal_bsp.a(alt_sbrk.o)
                0x00000000080108d4                sbrk
 .text          0x0000000008010984      0x1a4 ../NES_NIOSII_bsp/\libhal_bsp.a(alt_tick.o)
                0x0000000008010984                alt_alarm_stop
                0x0000000008010a20                alt_tick
 .text          0x0000000008010b28       0x30 ../NES_NIOSII_bsp/\libhal_bsp.a(alt_usleep.o)
                0x0000000008010b28                usleep
 .text          0x0000000008010b58      0x13c ../NES_NIOSII_bsp/\libhal_bsp.a(alt_write.o)
                0x0000000008010b94                write
 .text          0x0000000008010c94       0xdc ../NES_NIOSII_bsp/\libhal_bsp.a(alt_sys_init.o)
                0x0000000008010cc8                alt_irq_init
                0x0000000008010d00                alt_sys_init
 .text          0x0000000008010d70     0x1c18 ../NES_NIOSII_bsp/\libhal_bsp.a(altera_avalon_i2c.o)
                0x0000000008010e80                alt_avalon_i2c_register_optional_irq_handler
                0x0000000008010f6c                alt_avalon_i2c_register_callback
                0x0000000008010fc0                alt_avalon_i2c_init
                0x00000000080110ac                alt_avalon_i2c_open
                0x00000000080110ec                alt_avalon_i2c_enable
                0x0000000008011184                alt_avalon_i2c_disable
                0x00000000080111d0                alt_avalon_i2c_master_config_get
                0x0000000008011280                alt_avalon_i2c_master_config_set
                0x000000000801134c                alt_avalon_i2c_master_config_speed_get
                0x00000000080113e0                alt_avalon_i2c_master_config_speed_set
                0x00000000080114dc                alt_avalon_i2c_is_busy
                0x0000000008011520                alt_avalon_i2c_rx_read_available
                0x00000000080115c8                alt_avalon_i2c_rx_read
                0x0000000008011670                alt_avalon_i2c_cmd_write
                0x0000000008011754                alt_avalon_i2c_send_address
                0x0000000008011844                alt_avalon_i2c_master_target_get
                0x000000000801187c                alt_avalon_i2c_master_target_set
                0x00000000080118b0                alt_avalon_i2c_check_nack
                0x00000000080118fc                alt_avalon_i2c_check_arblost
                0x0000000008011948                alt_avalon_i2c_interrupt_transaction_status
                0x0000000008011a84                alt_avalon_i2c_master_tx
                0x0000000008011b6c                alt_avalon_i2c_master_rx
                0x0000000008011ca8                alt_avalon_i2c_master_tx_rx
                0x0000000008011e70                alt_avalon_i2c_master_transmit
                0x0000000008012030                alt_avalon_i2c_master_transmit_using_interrupts
                0x000000000801223c                alt_avalon_i2c_master_receive
                0x000000000801244c                alt_avalon_i2c_master_receive_using_interrupts
                0x000000000801263c                alt_avalon_i2c_int_status_get
                0x0000000008012694                alt_avalon_i2c_int_raw_status_get
                0x00000000080126d8                alt_avalon_i2c_int_clear
                0x0000000008012714                alt_avalon_i2c_int_disable
                0x000000000801277c                alt_avalon_i2c_int_enable
                0x00000000080127e0                alt_avalon_i2c_enabled_ints_get
                0x0000000008012824                alt_avalon_i2c_rx_fifo_threshold_get
                0x0000000008012870                alt_avalon_i2c_rx_fifo_threshold_set
                0x00000000080128d4                alt_avalon_i2c_tfr_cmd_fifo_threshold_get
                0x0000000008012920                alt_avalon_i2c_tfr_cmd_fifo_threshold_set
 .text          0x0000000008012988      0x164 ../NES_NIOSII_bsp/\libhal_bsp.a(altera_avalon_jtag_uart_fd.o)
                0x0000000008012988                altera_avalon_jtag_uart_read_fd
                0x00000000080129e8                altera_avalon_jtag_uart_write_fd
                0x0000000008012a48                altera_avalon_jtag_uart_close_fd
                0x0000000008012a98                altera_avalon_jtag_uart_ioctl_fd
 .text          0x0000000008012aec      0x3d4 ../NES_NIOSII_bsp/\libhal_bsp.a(altera_avalon_jtag_uart_init.o)
                0x0000000008012aec                altera_avalon_jtag_uart_init
                0x0000000008012e58                altera_avalon_jtag_uart_close
 .text          0x0000000008012ec0       0xf0 ../NES_NIOSII_bsp/\libhal_bsp.a(altera_avalon_jtag_uart_ioctl.o)
                0x0000000008012ec0                altera_avalon_jtag_uart_ioctl
 .text          0x0000000008012fb0      0x21c ../NES_NIOSII_bsp/\libhal_bsp.a(altera_avalon_jtag_uart_read.o)
                0x0000000008012fb0                altera_avalon_jtag_uart_read
 .text          0x00000000080131cc      0x224 ../NES_NIOSII_bsp/\libhal_bsp.a(altera_avalon_jtag_uart_write.o)
                0x00000000080131cc                altera_avalon_jtag_uart_write
 .text          0x00000000080133f0      0x1fc ../NES_NIOSII_bsp/\libhal_bsp.a(altera_avalon_spi.o)
                0x00000000080133f0                alt_avalon_spi_command
 .text          0x00000000080135ec       0xf4 ../NES_NIOSII_bsp/\libhal_bsp.a(altera_avalon_timer_sc.o)
                0x0000000008013664                alt_avalon_timer_sc_init
 .text          0x00000000080136e0      0x12c ../NES_NIOSII_bsp/\libhal_bsp.a(alt_alarm_start.o)
                0x00000000080136e0                alt_alarm_start
 .text          0x000000000801380c      0x158 ../NES_NIOSII_bsp/\libhal_bsp.a(alt_busy_sleep.o)
                0x000000000801380c                alt_busy_sleep
 .text          0x0000000008013964       0x20 ../NES_NIOSII_bsp/\libhal_bsp.a(alt_dcache_flush_all.o)
                0x0000000008013964                alt_dcache_flush_all
 .text          0x0000000008013984       0xe0 ../NES_NIOSII_bsp/\libhal_bsp.a(alt_dev_llist_insert.o)
                0x00000000080139c0                alt_dev_llist_insert
 .text          0x0000000008013a64       0x60 ../NES_NIOSII_bsp/\libhal_bsp.a(alt_do_ctors.o)
                0x0000000008013a64                _do_ctors
 .text          0x0000000008013ac4       0x60 ../NES_NIOSII_bsp/\libhal_bsp.a(alt_do_dtors.o)
                0x0000000008013ac4                _do_dtors
 .text          0x0000000008013b24       0x90 ../NES_NIOSII_bsp/\libhal_bsp.a(alt_find_dev.o)
                0x0000000008013b24                alt_find_dev
 .text          0x0000000008013bb4       0x20 ../NES_NIOSII_bsp/\libhal_bsp.a(alt_icache_flush_all.o)
                0x0000000008013bb4                alt_icache_flush_all
 .text          0x0000000008013bd4      0x1b0 ../NES_NIOSII_bsp/\libhal_bsp.a(alt_iic.o)
                0x0000000008013bd4                alt_ic_isr_register
                0x0000000008013c24                alt_ic_irq_enable
                0x0000000008013cac                alt_ic_irq_disable
                0x0000000008013d38                alt_ic_irq_enabled
 .text          0x0000000008013d84       0xf0 ../NES_NIOSII_bsp/\libhal_bsp.a(alt_iic_isr_register.o)
                0x0000000008013d84                alt_iic_isr_register
 .text          0x0000000008013e74      0x160 ../NES_NIOSII_bsp/\libhal_bsp.a(alt_io_redirect.o)
                0x0000000008013f58                alt_io_redirect
 .text          0x0000000008013fd4        0x0 ../NES_NIOSII_bsp/\libhal_bsp.a(alt_irq_entry.o)
 .text          0x0000000008013fd4        0x0 ../NES_NIOSII_bsp/\libhal_bsp.a(alt_irq_handler.o)
 .text          0x0000000008013fd4        0x0 ../NES_NIOSII_bsp/\libhal_bsp.a(alt_irq_vars.o)
 .text          0x0000000008013fd4      0x284 ../NES_NIOSII_bsp/\libhal_bsp.a(alt_open.o)
                0x00000000080140fc                open
 .text          0x0000000008014258      0x22c ../NES_NIOSII_bsp/\libhal_bsp.a(alt_printf.o)
                0x0000000008014258                alt_printf
 .text          0x0000000008014484       0x3c ../NES_NIOSII_bsp/\libhal_bsp.a(alt_putchar.o)
                0x0000000008014484                alt_putchar
 .text          0x00000000080144c0       0x24 ../NES_NIOSII_bsp/\libhal_bsp.a(altera_nios2_gen2_irq.o)
                0x00000000080144c0                altera_nios2_gen2_irq_init
 .text          0x00000000080144e4        0x0 ../NES_NIOSII_bsp/\libhal_bsp.a(alt_exception_entry.o)
 .text          0x00000000080144e4      0x108 ../NES_NIOSII_bsp/\libhal_bsp.a(alt_find_file.o)
                0x00000000080144e4                alt_find_file
 .text          0x00000000080145ec       0xc4 ../NES_NIOSII_bsp/\libhal_bsp.a(alt_get_fd.o)
                0x00000000080145ec                alt_get_fd
 .text          0x00000000080146b0       0x9c ../NES_NIOSII_bsp/\libhal_bsp.a(alt_instruction_exception_entry.o)
                0x00000000080146b0                alt_exception_cause_generated_bad_addr
 .text          0x000000000801474c        0x0 c:/intelfpga_lite/18.1/nios2eds/bin/gnu/h-x86_64-mingw32/bin/../lib/gcc/nios2-elf/5.3.0/../../../../../H-x86_64-mingw32/nios2-elf/lib/mno-hw-mul\libc.a(lib_a-atexit.o)
 .text.atexit   0x000000000801474c       0x14 c:/intelfpga_lite/18.1/nios2eds/bin/gnu/h-x86_64-mingw32/bin/../lib/gcc/nios2-elf/5.3.0/../../../../../H-x86_64-mingw32/nios2-elf/lib/mno-hw-mul\libc.a(lib_a-atexit.o)
                0x000000000801474c                atexit
 .text          0x0000000008014760        0x0 c:/intelfpga_lite/18.1/nios2eds/bin/gnu/h-x86_64-mingw32/bin/../lib/gcc/nios2-elf/5.3.0/../../../../../H-x86_64-mingw32/nios2-elf/lib/mno-hw-mul\libc.a(lib_a-exit.o)
 .text.exit     0x0000000008014760       0x38 c:/intelfpga_lite/18.1/nios2eds/bin/gnu/h-x86_64-mingw32/bin/../lib/gcc/nios2-elf/5.3.0/../../../../../H-x86_64-mingw32/nios2-elf/lib/mno-hw-mul\libc.a(lib_a-exit.o)
                0x0000000008014760                exit
 .text          0x0000000008014798        0x0 c:/intelfpga_lite/18.1/nios2eds/bin/gnu/h-x86_64-mingw32/bin/../lib/gcc/nios2-elf/5.3.0/../../../../../H-x86_64-mingw32/nios2-elf/lib/mno-hw-mul\libc.a(lib_a-memcmp.o)
 .text.memcmp   0x0000000008014798       0x7c c:/intelfpga_lite/18.1/nios2eds/bin/gnu/h-x86_64-mingw32/bin/../lib/gcc/nios2-elf/5.3.0/../../../../../H-x86_64-mingw32/nios2-elf/lib/mno-hw-mul\libc.a(lib_a-memcmp.o)
                0x0000000008014798                memcmp
 .text          0x0000000008014814        0x0 c:/intelfpga_lite/18.1/nios2eds/bin/gnu/h-x86_64-mingw32/bin/../lib/gcc/nios2-elf/5.3.0/../../../../../H-x86_64-mingw32/nios2-elf/lib/mno-hw-mul\libc.a(lib_a-__atexit.o)
 .text.__register_exitproc
                0x0000000008014814      0x118 c:/intelfpga_lite/18.1/nios2eds/bin/gnu/h-x86_64-mingw32/bin/../lib/gcc/nios2-elf/5.3.0/../../../../../H-x86_64-mingw32/nios2-elf/lib/mno-hw-mul\libc.a(lib_a-__atexit.o)
                0x0000000008014814                __register_exitproc
 .text          0x000000000801492c        0x0 c:/intelfpga_lite/18.1/nios2eds/bin/gnu/h-x86_64-mingw32/bin/../lib/gcc/nios2-elf/5.3.0/../../../../../H-x86_64-mingw32/nios2-elf/lib/mno-hw-mul\libc.a(lib_a-__call_atexit.o)
 .text.__call_exitprocs
                0x000000000801492c      0x180 c:/intelfpga_lite/18.1/nios2eds/bin/gnu/h-x86_64-mingw32/bin/../lib/gcc/nios2-elf/5.3.0/../../../../../H-x86_64-mingw32/nios2-elf/lib/mno-hw-mul\libc.a(lib_a-__call_atexit.o)
                0x000000000801492c                __call_exitprocs
 .text          0x0000000008014aac       0x34 ../NES_NIOSII_bsp/\libhal_bsp.a(alt_exit.o)
                0x0000000008014aac                _exit
 *(.gnu.warning.*)
 *(.fini)
                [!provide]                        PROVIDE (__etext, ABSOLUTE (.))
                [!provide]                        PROVIDE (_etext, ABSOLUTE (.))
                [!provide]                        PROVIDE (etext, ABSOLUTE (.))
 *(.eh_frame_hdr)
                0x0000000008014ae0                . = ALIGN (0x4)
                [!provide]                        PROVIDE (__preinit_array_start, ABSOLUTE (.))
 *(.preinit_array)
                [!provide]                        PROVIDE (__preinit_array_end, ABSOLUTE (.))
                [!provide]                        PROVIDE (__init_array_start, ABSOLUTE (.))
 *(.init_array)
                [!provide]                        PROVIDE (__init_array_end, ABSOLUTE (.))
                [!provide]                        PROVIDE (__fini_array_start, ABSOLUTE (.))
 *(.fini_array)
                [!provide]                        PROVIDE (__fini_array_end, ABSOLUTE (.))
 *(.eh_frame)
 *(.gcc_except_table .gcc_except_table.*)
 *(.dynamic)
                0x0000000008014ae0                PROVIDE (__CTOR_LIST__, ABSOLUTE (.))
 *(.ctors)
 *(SORT(.ctors.*))
                0x0000000008014ae0                PROVIDE (__CTOR_END__, ABSOLUTE (.))
                0x0000000008014ae0                PROVIDE (__DTOR_LIST__, ABSOLUTE (.))
 *(.dtors)
 *(SORT(.dtors.*))
                0x0000000008014ae0                PROVIDE (__DTOR_END__, ABSOLUTE (.))
 *(.jcr)
                0x0000000008014ae0                . = ALIGN (0x4)

.rodata         0x0000000008014ae0     0x66a4
                0x0000000008014ae0                PROVIDE (__ram_rodata_start, ABSOLUTE (.))
                0x0000000008014ae0                . = ALIGN (0x4)
 *(.rodata .rodata.* .gnu.linkonce.r.*)
 .rodata        0x0000000008014ae0     0x61fd obj/default/main.o
                0x0000000008014ae0                prg_rom_data
                0x0000000008018ae0                chr_rom_data
                0x000000000801ab1c                devclasses
 *fill*         0x000000000801acdd        0x3 
 .rodata        0x000000000801ace0       0x20 obj/default/sgtl5000/sgtl5000.o
 .rodata        0x000000000801ad00      0x125 obj/default/usb_kb/MAX3421E.o
 *fill*         0x000000000801ae25        0x3 
 .rodata        0x000000000801ae28       0x30 obj/default/usb_kb/transfer.o
 .rodata.str1.4
                0x000000000801ae58        0x2 c:/intelfpga_lite/18.1/nios2eds/bin/gnu/h-x86_64-mingw32/bin/../lib/gcc/nios2-elf/5.3.0/../../../../../H-x86_64-mingw32/nios2-elf/lib/mno-hw-mul\libc.a(lib_a-puts.o)
 *fill*         0x000000000801ae5a        0x2 
 .rodata.str1.4
                0x000000000801ae5c       0x42 c:/intelfpga_lite/18.1/nios2eds/bin/gnu/h-x86_64-mingw32/bin/../lib/gcc/nios2-elf/5.3.0/../../../../../H-x86_64-mingw32/nios2-elf/lib/mno-hw-mul\libc.a(lib_a-vfprintf.o)
 .rodata.zeroes.4404
                0x000000000801ae9e       0x10 c:/intelfpga_lite/18.1/nios2eds/bin/gnu/h-x86_64-mingw32/bin/../lib/gcc/nios2-elf/5.3.0/../../../../../H-x86_64-mingw32/nios2-elf/lib/mno-hw-mul\libc.a(lib_a-vfprintf.o)
 .rodata.blanks.4403
                0x000000000801aeae       0x10 c:/intelfpga_lite/18.1/nios2eds/bin/gnu/h-x86_64-mingw32/bin/../lib/gcc/nios2-elf/5.3.0/../../../../../H-x86_64-mingw32/nios2-elf/lib/mno-hw-mul\libc.a(lib_a-vfprintf.o)
 *fill*         0x000000000801aebe        0x2 
 .rodata.str1.4
                0x000000000801aec0       0x10 c:/intelfpga_lite/18.1/nios2eds/bin/gnu/h-x86_64-mingw32/bin/../lib/gcc/nios2-elf/5.3.0/../../../../../H-x86_64-mingw32/nios2-elf/lib/mno-hw-mul\libc.a(lib_a-dtoa.o)
                                         0x12 (size before relaxing)
 .rodata.str1.4
                0x000000000801aed0        0x2 c:/intelfpga_lite/18.1/nios2eds/bin/gnu/h-x86_64-mingw32/bin/../lib/gcc/nios2-elf/5.3.0/../../../../../H-x86_64-mingw32/nios2-elf/lib/mno-hw-mul\libc.a(lib_a-impure.o)
 *fill*         0x000000000801aed2        0x2 
 .rodata.str1.4
                0x000000000801aed4        0xc c:/intelfpga_lite/18.1/nios2eds/bin/gnu/h-x86_64-mingw32/bin/../lib/gcc/nios2-elf/5.3.0/../../../../../H-x86_64-mingw32/nios2-elf/lib/mno-hw-mul\libc.a(lib_a-locale.o)
                                         0x12 (size before relaxing)
 .rodata.p05.2768
                0x000000000801aee0        0xc c:/intelfpga_lite/18.1/nios2eds/bin/gnu/h-x86_64-mingw32/bin/../lib/gcc/nios2-elf/5.3.0/../../../../../H-x86_64-mingw32/nios2-elf/lib/mno-hw-mul\libc.a(lib_a-mprec.o)
 .rodata.__mprec_tinytens
                0x000000000801aeec       0x28 c:/intelfpga_lite/18.1/nios2eds/bin/gnu/h-x86_64-mingw32/bin/../lib/gcc/nios2-elf/5.3.0/../../../../../H-x86_64-mingw32/nios2-elf/lib/mno-hw-mul\libc.a(lib_a-mprec.o)
                0x000000000801aeec                __mprec_tinytens
 .rodata.__mprec_bigtens
                0x000000000801af14       0x28 c:/intelfpga_lite/18.1/nios2eds/bin/gnu/h-x86_64-mingw32/bin/../lib/gcc/nios2-elf/5.3.0/../../../../../H-x86_64-mingw32/nios2-elf/lib/mno-hw-mul\libc.a(lib_a-mprec.o)
                0x000000000801af14                __mprec_bigtens
 .rodata.__mprec_tens
                0x000000000801af3c       0xc8 c:/intelfpga_lite/18.1/nios2eds/bin/gnu/h-x86_64-mingw32/bin/../lib/gcc/nios2-elf/5.3.0/../../../../../H-x86_64-mingw32/nios2-elf/lib/mno-hw-mul\libc.a(lib_a-mprec.o)
                0x000000000801af3c                __mprec_tens
 .rodata.str1.4
                0x000000000801b004       0x2f c:/intelfpga_lite/18.1/nios2eds/bin/gnu/h-x86_64-mingw32/bin/../lib/gcc/nios2-elf/5.3.0/../../../../../H-x86_64-mingw32/nios2-elf/lib/mno-hw-mul\libc.a(lib_a-vfiprintf.o)
 .rodata.zeroes.4349
                0x000000000801b004       0x10 c:/intelfpga_lite/18.1/nios2eds/bin/gnu/h-x86_64-mingw32/bin/../lib/gcc/nios2-elf/5.3.0/../../../../../H-x86_64-mingw32/nios2-elf/lib/mno-hw-mul\libc.a(lib_a-vfiprintf.o)
 .rodata.blanks.4348
                0x000000000801b014       0x10 c:/intelfpga_lite/18.1/nios2eds/bin/gnu/h-x86_64-mingw32/bin/../lib/gcc/nios2-elf/5.3.0/../../../../../H-x86_64-mingw32/nios2-elf/lib/mno-hw-mul\libc.a(lib_a-vfiprintf.o)
 .rodata        0x000000000801b024      0x100 c:/intelfpga_lite/18.1/nios2eds/bin/gnu/h-x86_64-mingw32/bin/../lib/gcc/nios2-elf/5.3.0/mno-hw-mul\libgcc.a(_clz.o)
                0x000000000801b024                __clz_tab
 .rodata        0x000000000801b124        0xa ../NES_NIOSII_bsp/\libhal_bsp.a(alt_dev.o)
 *fill*         0x000000000801b12e        0x2 
 .rodata        0x000000000801b130       0x11 ../NES_NIOSII_bsp/\libhal_bsp.a(alt_main.o)
 *fill*         0x000000000801b141        0x3 
 .rodata        0x000000000801b144       0x1d ../NES_NIOSII_bsp/\libhal_bsp.a(alt_sys_init.o)
 *fill*         0x000000000801b161        0x3 
 .rodata        0x000000000801b164       0x1d ../NES_NIOSII_bsp/\libhal_bsp.a(altera_avalon_i2c.o)
 *(.rodata1)
                0x000000000801b184                . = ALIGN (0x4)
 *fill*         0x000000000801b181        0x3 
                0x000000000801b184                PROVIDE (__ram_rodata_end, ABSOLUTE (.))
                0x0000000008014ae0                PROVIDE (__flash_rodata_start, LOADADDR (.rodata))

.rwdata         0x000000000801b184     0x1b78 load address 0x000000000801ccfc
                0x000000000801b184                PROVIDE (__ram_rwdata_start, ABSOLUTE (.))
                0x000000000801b184                . = ALIGN (0x4)
 *(.got.plt)
 *(.got)
 *(.data1)
 *(.data .data.* .gnu.linkonce.d.*)
 .data          0x000000000801b184        0x0 ../NES_NIOSII_bsp//obj/HAL/src/crt0.o
 .data          0x000000000801b184        0x0 obj/default/main.o
 .data          0x000000000801b184        0x0 obj/default/sgtl5000/sgtl5000.o
 .data          0x000000000801b184        0x0 obj/default/usb_kb/HID.o
 .data          0x000000000801b184        0x0 obj/default/usb_kb/MAX3421E.o
 .data          0x000000000801b184       0x30 obj/default/usb_kb/transfer.o
                0x000000000801b184                ClientDriverTable
 .data          0x000000000801b1b4        0x0 c:/intelfpga_lite/18.1/nios2eds/bin/gnu/h-x86_64-mingw32/bin/../lib/gcc/nios2-elf/5.3.0/mno-hw-mul\libgcc.a(lib2-divmod.o)
 .data          0x000000000801b1b4        0x0 c:/intelfpga_lite/18.1/nios2eds/bin/gnu/h-x86_64-mingw32/bin/../lib/gcc/nios2-elf/5.3.0/mno-hw-mul\libgcc.a(lib2-mul.o)
 .data          0x000000000801b1b4        0x0 c:/intelfpga_lite/18.1/nios2eds/bin/gnu/h-x86_64-mingw32/bin/../lib/gcc/nios2-elf/5.3.0/../../../../../H-x86_64-mingw32/nios2-elf/lib/mno-hw-mul\libc.a(lib_a-memcpy.o)
 .data          0x000000000801b1b4        0x0 c:/intelfpga_lite/18.1/nios2eds/bin/gnu/h-x86_64-mingw32/bin/../lib/gcc/nios2-elf/5.3.0/../../../../../H-x86_64-mingw32/nios2-elf/lib/mno-hw-mul\libc.a(lib_a-printf.o)
 .data          0x000000000801b1b4        0x0 c:/intelfpga_lite/18.1/nios2eds/bin/gnu/h-x86_64-mingw32/bin/../lib/gcc/nios2-elf/5.3.0/../../../../../H-x86_64-mingw32/nios2-elf/lib/mno-hw-mul\libc.a(lib_a-putchar.o)
 .data          0x000000000801b1b4        0x0 c:/intelfpga_lite/18.1/nios2eds/bin/gnu/h-x86_64-mingw32/bin/../lib/gcc/nios2-elf/5.3.0/../../../../../H-x86_64-mingw32/nios2-elf/lib/mno-hw-mul\libc.a(lib_a-puts.o)
 .data          0x000000000801b1b4        0x0 c:/intelfpga_lite/18.1/nios2eds/bin/gnu/h-x86_64-mingw32/bin/../lib/gcc/nios2-elf/5.3.0/../../../../../H-x86_64-mingw32/nios2-elf/lib/mno-hw-mul\libc.a(lib_a-strlen.o)
 .data          0x000000000801b1b4        0x0 c:/intelfpga_lite/18.1/nios2eds/bin/gnu/h-x86_64-mingw32/bin/../lib/gcc/nios2-elf/5.3.0/../../../../../H-x86_64-mingw32/nios2-elf/lib/mno-hw-mul\libc.a(lib_a-vfprintf.o)
 .data          0x000000000801b1b4        0x0 c:/intelfpga_lite/18.1/nios2eds/bin/gnu/h-x86_64-mingw32/bin/../lib/gcc/nios2-elf/5.3.0/../../../../../H-x86_64-mingw32/nios2-elf/lib/mno-hw-mul\libc.a(lib_a-wsetup.o)
 .data          0x000000000801b1b4        0x0 c:/intelfpga_lite/18.1/nios2eds/bin/gnu/h-x86_64-mingw32/bin/../lib/gcc/nios2-elf/5.3.0/../../../../../H-x86_64-mingw32/nios2-elf/lib/mno-hw-mul\libc.a(lib_a-dtoa.o)
 .data          0x000000000801b1b4        0x0 c:/intelfpga_lite/18.1/nios2eds/bin/gnu/h-x86_64-mingw32/bin/../lib/gcc/nios2-elf/5.3.0/../../../../../H-x86_64-mingw32/nios2-elf/lib/mno-hw-mul\libc.a(lib_a-fflush.o)
 .data          0x000000000801b1b4        0x0 c:/intelfpga_lite/18.1/nios2eds/bin/gnu/h-x86_64-mingw32/bin/../lib/gcc/nios2-elf/5.3.0/../../../../../H-x86_64-mingw32/nios2-elf/lib/mno-hw-mul\libc.a(lib_a-findfp.o)
 .data          0x000000000801b1b4        0x0 c:/intelfpga_lite/18.1/nios2eds/bin/gnu/h-x86_64-mingw32/bin/../lib/gcc/nios2-elf/5.3.0/../../../../../H-x86_64-mingw32/nios2-elf/lib/mno-hw-mul\libc.a(lib_a-freer.o)
 .data          0x000000000801b1b4        0x0 c:/intelfpga_lite/18.1/nios2eds/bin/gnu/h-x86_64-mingw32/bin/../lib/gcc/nios2-elf/5.3.0/../../../../../H-x86_64-mingw32/nios2-elf/lib/mno-hw-mul\libc.a(lib_a-fvwrite.o)
 .data          0x000000000801b1b4        0x0 c:/intelfpga_lite/18.1/nios2eds/bin/gnu/h-x86_64-mingw32/bin/../lib/gcc/nios2-elf/5.3.0/../../../../../H-x86_64-mingw32/nios2-elf/lib/mno-hw-mul\libc.a(lib_a-fwalk.o)
 .data          0x000000000801b1b4        0x0 c:/intelfpga_lite/18.1/nios2eds/bin/gnu/h-x86_64-mingw32/bin/../lib/gcc/nios2-elf/5.3.0/../../../../../H-x86_64-mingw32/nios2-elf/lib/mno-hw-mul\libc.a(lib_a-impure.o)
 .data.impure_data
                0x000000000801b1b4      0x424 c:/intelfpga_lite/18.1/nios2eds/bin/gnu/h-x86_64-mingw32/bin/../lib/gcc/nios2-elf/5.3.0/../../../../../H-x86_64-mingw32/nios2-elf/lib/mno-hw-mul\libc.a(lib_a-impure.o)
 .data          0x000000000801b5d8        0x0 c:/intelfpga_lite/18.1/nios2eds/bin/gnu/h-x86_64-mingw32/bin/../lib/gcc/nios2-elf/5.3.0/../../../../../H-x86_64-mingw32/nios2-elf/lib/mno-hw-mul\libc.a(lib_a-locale.o)
 .data.lc_message_charset
                0x000000000801b5d8       0x20 c:/intelfpga_lite/18.1/nios2eds/bin/gnu/h-x86_64-mingw32/bin/../lib/gcc/nios2-elf/5.3.0/../../../../../H-x86_64-mingw32/nios2-elf/lib/mno-hw-mul\libc.a(lib_a-locale.o)
 .data.lc_ctype_charset
                0x000000000801b5f8       0x20 c:/intelfpga_lite/18.1/nios2eds/bin/gnu/h-x86_64-mingw32/bin/../lib/gcc/nios2-elf/5.3.0/../../../../../H-x86_64-mingw32/nios2-elf/lib/mno-hw-mul\libc.a(lib_a-locale.o)
 .data.lconv    0x000000000801b618       0x38 c:/intelfpga_lite/18.1/nios2eds/bin/gnu/h-x86_64-mingw32/bin/../lib/gcc/nios2-elf/5.3.0/../../../../../H-x86_64-mingw32/nios2-elf/lib/mno-hw-mul\libc.a(lib_a-locale.o)
 .data          0x000000000801b650        0x0 c:/intelfpga_lite/18.1/nios2eds/bin/gnu/h-x86_64-mingw32/bin/../lib/gcc/nios2-elf/5.3.0/../../../../../H-x86_64-mingw32/nios2-elf/lib/mno-hw-mul\libc.a(lib_a-makebuf.o)
 .data          0x000000000801b650        0x0 c:/intelfpga_lite/18.1/nios2eds/bin/gnu/h-x86_64-mingw32/bin/../lib/gcc/nios2-elf/5.3.0/../../../../../H-x86_64-mingw32/nios2-elf/lib/mno-hw-mul\libc.a(lib_a-mallocr.o)
 .data.__malloc_av_
                0x000000000801b650      0x408 c:/intelfpga_lite/18.1/nios2eds/bin/gnu/h-x86_64-mingw32/bin/../lib/gcc/nios2-elf/5.3.0/../../../../../H-x86_64-mingw32/nios2-elf/lib/mno-hw-mul\libc.a(lib_a-mallocr.o)
                0x000000000801b650                __malloc_av_
 .data          0x000000000801ba58        0x0 c:/intelfpga_lite/18.1/nios2eds/bin/gnu/h-x86_64-mingw32/bin/../lib/gcc/nios2-elf/5.3.0/../../../../../H-x86_64-mingw32/nios2-elf/lib/mno-hw-mul\libc.a(lib_a-memchr.o)
 .data          0x000000000801ba58        0x0 c:/intelfpga_lite/18.1/nios2eds/bin/gnu/h-x86_64-mingw32/bin/../lib/gcc/nios2-elf/5.3.0/../../../../../H-x86_64-mingw32/nios2-elf/lib/mno-hw-mul\libc.a(lib_a-memmove.o)
 .data          0x000000000801ba58        0x0 c:/intelfpga_lite/18.1/nios2eds/bin/gnu/h-x86_64-mingw32/bin/../lib/gcc/nios2-elf/5.3.0/../../../../../H-x86_64-mingw32/nios2-elf/lib/mno-hw-mul\libc.a(lib_a-memset.o)
 .data          0x000000000801ba58        0x0 c:/intelfpga_lite/18.1/nios2eds/bin/gnu/h-x86_64-mingw32/bin/../lib/gcc/nios2-elf/5.3.0/../../../../../H-x86_64-mingw32/nios2-elf/lib/mno-hw-mul\libc.a(lib_a-mprec.o)
 .data          0x000000000801ba58        0x0 c:/intelfpga_lite/18.1/nios2eds/bin/gnu/h-x86_64-mingw32/bin/../lib/gcc/nios2-elf/5.3.0/../../../../../H-x86_64-mingw32/nios2-elf/lib/mno-hw-mul\libc.a(lib_a-putc.o)
 .data          0x000000000801ba58        0x0 c:/intelfpga_lite/18.1/nios2eds/bin/gnu/h-x86_64-mingw32/bin/../lib/gcc/nios2-elf/5.3.0/../../../../../H-x86_64-mingw32/nios2-elf/lib/mno-hw-mul\libc.a(lib_a-reallocr.o)
 .data          0x000000000801ba58        0x0 c:/intelfpga_lite/18.1/nios2eds/bin/gnu/h-x86_64-mingw32/bin/../lib/gcc/nios2-elf/5.3.0/../../../../../H-x86_64-mingw32/nios2-elf/lib/mno-hw-mul\libc.a(lib_a-s_fpclassify.o)
 .data          0x000000000801ba58        0x0 c:/intelfpga_lite/18.1/nios2eds/bin/gnu/h-x86_64-mingw32/bin/../lib/gcc/nios2-elf/5.3.0/../../../../../H-x86_64-mingw32/nios2-elf/lib/mno-hw-mul\libc.a(lib_a-sbrkr.o)
 .data          0x000000000801ba58        0x0 c:/intelfpga_lite/18.1/nios2eds/bin/gnu/h-x86_64-mingw32/bin/../lib/gcc/nios2-elf/5.3.0/../../../../../H-x86_64-mingw32/nios2-elf/lib/mno-hw-mul\libc.a(lib_a-stdio.o)
 .data          0x000000000801ba58        0x0 c:/intelfpga_lite/18.1/nios2eds/bin/gnu/h-x86_64-mingw32/bin/../lib/gcc/nios2-elf/5.3.0/../../../../../H-x86_64-mingw32/nios2-elf/lib/mno-hw-mul\libc.a(lib_a-strcmp.o)
 .data          0x000000000801ba58        0x0 c:/intelfpga_lite/18.1/nios2eds/bin/gnu/h-x86_64-mingw32/bin/../lib/gcc/nios2-elf/5.3.0/../../../../../H-x86_64-mingw32/nios2-elf/lib/mno-hw-mul\libc.a(lib_a-vfiprintf.o)
 .data          0x000000000801ba58        0x0 c:/intelfpga_lite/18.1/nios2eds/bin/gnu/h-x86_64-mingw32/bin/../lib/gcc/nios2-elf/5.3.0/../../../../../H-x86_64-mingw32/nios2-elf/lib/mno-hw-mul\libc.a(lib_a-wbuf.o)
 .data          0x000000000801ba58        0x0 c:/intelfpga_lite/18.1/nios2eds/bin/gnu/h-x86_64-mingw32/bin/../lib/gcc/nios2-elf/5.3.0/../../../../../H-x86_64-mingw32/nios2-elf/lib/mno-hw-mul\libc.a(lib_a-writer.o)
 .data          0x000000000801ba58        0x0 c:/intelfpga_lite/18.1/nios2eds/bin/gnu/h-x86_64-mingw32/bin/../lib/gcc/nios2-elf/5.3.0/../../../../../H-x86_64-mingw32/nios2-elf/lib/mno-hw-mul\libc.a(closer.o)
 .data          0x000000000801ba58        0x0 c:/intelfpga_lite/18.1/nios2eds/bin/gnu/h-x86_64-mingw32/bin/../lib/gcc/nios2-elf/5.3.0/../../../../../H-x86_64-mingw32/nios2-elf/lib/mno-hw-mul\libc.a(lib_a-callocr.o)
 .data          0x000000000801ba58        0x0 c:/intelfpga_lite/18.1/nios2eds/bin/gnu/h-x86_64-mingw32/bin/../lib/gcc/nios2-elf/5.3.0/../../../../../H-x86_64-mingw32/nios2-elf/lib/mno-hw-mul\libc.a(lib_a-fclose.o)
 .data          0x000000000801ba58        0x0 c:/intelfpga_lite/18.1/nios2eds/bin/gnu/h-x86_64-mingw32/bin/../lib/gcc/nios2-elf/5.3.0/../../../../../H-x86_64-mingw32/nios2-elf/lib/mno-hw-mul\libc.a(lib_a-fputwc.o)
 .data          0x000000000801ba58        0x0 c:/intelfpga_lite/18.1/nios2eds/bin/gnu/h-x86_64-mingw32/bin/../lib/gcc/nios2-elf/5.3.0/../../../../../H-x86_64-mingw32/nios2-elf/lib/mno-hw-mul\libc.a(lib_a-fstatr.o)
 .data          0x000000000801ba58        0x0 c:/intelfpga_lite/18.1/nios2eds/bin/gnu/h-x86_64-mingw32/bin/../lib/gcc/nios2-elf/5.3.0/../../../../../H-x86_64-mingw32/nios2-elf/lib/mno-hw-mul\libc.a(lib_a-int_errno.o)
 .data          0x000000000801ba58        0x0 c:/intelfpga_lite/18.1/nios2eds/bin/gnu/h-x86_64-mingw32/bin/../lib/gcc/nios2-elf/5.3.0/../../../../../H-x86_64-mingw32/nios2-elf/lib/mno-hw-mul\libc.a(lib_a-isattyr.o)
 .data          0x000000000801ba58        0x0 c:/intelfpga_lite/18.1/nios2eds/bin/gnu/h-x86_64-mingw32/bin/../lib/gcc/nios2-elf/5.3.0/../../../../../H-x86_64-mingw32/nios2-elf/lib/mno-hw-mul\libc.a(lib_a-lseekr.o)
 .data          0x000000000801ba58        0x0 c:/intelfpga_lite/18.1/nios2eds/bin/gnu/h-x86_64-mingw32/bin/../lib/gcc/nios2-elf/5.3.0/../../../../../H-x86_64-mingw32/nios2-elf/lib/mno-hw-mul\libc.a(lib_a-readr.o)
 .data          0x000000000801ba58        0x0 c:/intelfpga_lite/18.1/nios2eds/bin/gnu/h-x86_64-mingw32/bin/../lib/gcc/nios2-elf/5.3.0/../../../../../H-x86_64-mingw32/nios2-elf/lib/mno-hw-mul\libc.a(lib_a-wcrtomb.o)
 .data          0x000000000801ba58        0x0 c:/intelfpga_lite/18.1/nios2eds/bin/gnu/h-x86_64-mingw32/bin/../lib/gcc/nios2-elf/5.3.0/../../../../../H-x86_64-mingw32/nios2-elf/lib/mno-hw-mul\libc.a(lib_a-wctomb_r.o)
 .data          0x000000000801ba58        0x0 c:/intelfpga_lite/18.1/nios2eds/bin/gnu/h-x86_64-mingw32/bin/../lib/gcc/nios2-elf/5.3.0/mno-hw-mul\libgcc.a(_udivdi3.o)
 .data          0x000000000801ba58        0x0 c:/intelfpga_lite/18.1/nios2eds/bin/gnu/h-x86_64-mingw32/bin/../lib/gcc/nios2-elf/5.3.0/mno-hw-mul\libgcc.a(_umoddi3.o)
 .data          0x000000000801ba58        0x0 c:/intelfpga_lite/18.1/nios2eds/bin/gnu/h-x86_64-mingw32/bin/../lib/gcc/nios2-elf/5.3.0/mno-hw-mul\libgcc.a(adddf3.o)
 .data          0x000000000801ba58        0x0 c:/intelfpga_lite/18.1/nios2eds/bin/gnu/h-x86_64-mingw32/bin/../lib/gcc/nios2-elf/5.3.0/mno-hw-mul\libgcc.a(divdf3.o)
 .data          0x000000000801ba58        0x0 c:/intelfpga_lite/18.1/nios2eds/bin/gnu/h-x86_64-mingw32/bin/../lib/gcc/nios2-elf/5.3.0/mno-hw-mul\libgcc.a(eqdf2.o)
 .data          0x000000000801ba58        0x0 c:/intelfpga_lite/18.1/nios2eds/bin/gnu/h-x86_64-mingw32/bin/../lib/gcc/nios2-elf/5.3.0/mno-hw-mul\libgcc.a(gedf2.o)
 .data          0x000000000801ba58        0x0 c:/intelfpga_lite/18.1/nios2eds/bin/gnu/h-x86_64-mingw32/bin/../lib/gcc/nios2-elf/5.3.0/mno-hw-mul\libgcc.a(ledf2.o)
 .data          0x000000000801ba58        0x0 c:/intelfpga_lite/18.1/nios2eds/bin/gnu/h-x86_64-mingw32/bin/../lib/gcc/nios2-elf/5.3.0/mno-hw-mul\libgcc.a(muldf3.o)
 .data          0x000000000801ba58        0x0 c:/intelfpga_lite/18.1/nios2eds/bin/gnu/h-x86_64-mingw32/bin/../lib/gcc/nios2-elf/5.3.0/mno-hw-mul\libgcc.a(subdf3.o)
 .data          0x000000000801ba58        0x0 c:/intelfpga_lite/18.1/nios2eds/bin/gnu/h-x86_64-mingw32/bin/../lib/gcc/nios2-elf/5.3.0/mno-hw-mul\libgcc.a(fixdfsi.o)
 .data          0x000000000801ba58        0x0 c:/intelfpga_lite/18.1/nios2eds/bin/gnu/h-x86_64-mingw32/bin/../lib/gcc/nios2-elf/5.3.0/mno-hw-mul\libgcc.a(floatsidf.o)
 .data          0x000000000801ba58        0x0 c:/intelfpga_lite/18.1/nios2eds/bin/gnu/h-x86_64-mingw32/bin/../lib/gcc/nios2-elf/5.3.0/mno-hw-mul\libgcc.a(floatunsidf.o)
 .data          0x000000000801ba58        0x0 c:/intelfpga_lite/18.1/nios2eds/bin/gnu/h-x86_64-mingw32/bin/../lib/gcc/nios2-elf/5.3.0/mno-hw-mul\libgcc.a(_clz.o)
 .data          0x000000000801ba58        0x0 c:/intelfpga_lite/18.1/nios2eds/bin/gnu/h-x86_64-mingw32/bin/../lib/gcc/nios2-elf/5.3.0/mno-hw-mul\libgcc.a(_clzsi2.o)
 .data          0x000000000801ba58        0x0 ../NES_NIOSII_bsp/\libhal_bsp.a(alt_close.o)
 .data          0x000000000801ba58      0x1a8 ../NES_NIOSII_bsp/\libhal_bsp.a(alt_dev.o)
                0x000000000801ba58                alt_dev_null
                0x000000000801ba80                alt_fd_list
 .data          0x000000000801bc00        0x0 ../NES_NIOSII_bsp/\libhal_bsp.a(alt_errno.o)
 .data          0x000000000801bc00        0x0 ../NES_NIOSII_bsp/\libhal_bsp.a(alt_fstat.o)
 .data          0x000000000801bc00        0x0 ../NES_NIOSII_bsp/\libhal_bsp.a(alt_isatty.o)
 .data          0x000000000801bc00        0x0 ../NES_NIOSII_bsp/\libhal_bsp.a(alt_load.o)
 .data          0x000000000801bc00        0x0 ../NES_NIOSII_bsp/\libhal_bsp.a(alt_lseek.o)
 .data          0x000000000801bc00        0x0 ../NES_NIOSII_bsp/\libhal_bsp.a(alt_main.o)
 .data          0x000000000801bc00        0x0 ../NES_NIOSII_bsp/\libhal_bsp.a(alt_malloc_lock.o)
 .data          0x000000000801bc00        0x0 ../NES_NIOSII_bsp/\libhal_bsp.a(alt_read.o)
 .data          0x000000000801bc00        0x0 ../NES_NIOSII_bsp/\libhal_bsp.a(alt_release_fd.o)
 .data          0x000000000801bc00        0x0 ../NES_NIOSII_bsp/\libhal_bsp.a(alt_sbrk.o)
 .data          0x000000000801bc00        0x0 ../NES_NIOSII_bsp/\libhal_bsp.a(alt_tick.o)
 .data          0x000000000801bc00        0x0 ../NES_NIOSII_bsp/\libhal_bsp.a(alt_usleep.o)
 .data          0x000000000801bc00        0x0 ../NES_NIOSII_bsp/\libhal_bsp.a(alt_write.o)
 .data          0x000000000801bc00     0x1098 ../NES_NIOSII_bsp/\libhal_bsp.a(alt_sys_init.o)
 .data          0x000000000801cc98        0x0 ../NES_NIOSII_bsp/\libhal_bsp.a(altera_avalon_i2c.o)
 .data          0x000000000801cc98        0x0 ../NES_NIOSII_bsp/\libhal_bsp.a(altera_avalon_jtag_uart_fd.o)
 .data          0x000000000801cc98        0x0 ../NES_NIOSII_bsp/\libhal_bsp.a(altera_avalon_jtag_uart_init.o)
 .data          0x000000000801cc98        0x0 ../NES_NIOSII_bsp/\libhal_bsp.a(altera_avalon_jtag_uart_ioctl.o)
 .data          0x000000000801cc98        0x0 ../NES_NIOSII_bsp/\libhal_bsp.a(altera_avalon_jtag_uart_read.o)
 .data          0x000000000801cc98        0x0 ../NES_NIOSII_bsp/\libhal_bsp.a(altera_avalon_jtag_uart_write.o)
 .data          0x000000000801cc98        0x0 ../NES_NIOSII_bsp/\libhal_bsp.a(altera_avalon_spi.o)
 .data          0x000000000801cc98        0x0 ../NES_NIOSII_bsp/\libhal_bsp.a(altera_avalon_timer_sc.o)
 .data          0x000000000801cc98        0x0 ../NES_NIOSII_bsp/\libhal_bsp.a(alt_alarm_start.o)
 .data          0x000000000801cc98        0x0 ../NES_NIOSII_bsp/\libhal_bsp.a(alt_busy_sleep.o)
 .data          0x000000000801cc98        0x0 ../NES_NIOSII_bsp/\libhal_bsp.a(alt_dcache_flush_all.o)
 .data          0x000000000801cc98        0x0 ../NES_NIOSII_bsp/\libhal_bsp.a(alt_dev_llist_insert.o)
 .data          0x000000000801cc98        0x0 ../NES_NIOSII_bsp/\libhal_bsp.a(alt_do_ctors.o)
 .data          0x000000000801cc98        0x0 ../NES_NIOSII_bsp/\libhal_bsp.a(alt_do_dtors.o)
 .data          0x000000000801cc98        0x0 ../NES_NIOSII_bsp/\libhal_bsp.a(alt_find_dev.o)
 .data          0x000000000801cc98        0x0 ../NES_NIOSII_bsp/\libhal_bsp.a(alt_icache_flush_all.o)
 .data          0x000000000801cc98        0x0 ../NES_NIOSII_bsp/\libhal_bsp.a(alt_iic.o)
 .data          0x000000000801cc98        0x0 ../NES_NIOSII_bsp/\libhal_bsp.a(alt_iic_isr_register.o)
 .data          0x000000000801cc98        0x0 ../NES_NIOSII_bsp/\libhal_bsp.a(alt_io_redirect.o)
 .data          0x000000000801cc98        0x0 ../NES_NIOSII_bsp/\libhal_bsp.a(alt_irq_entry.o)
 .data          0x000000000801cc98        0x0 ../NES_NIOSII_bsp/\libhal_bsp.a(alt_irq_handler.o)
 .data          0x000000000801cc98        0x0 ../NES_NIOSII_bsp/\libhal_bsp.a(alt_irq_vars.o)
 .data          0x000000000801cc98        0x0 ../NES_NIOSII_bsp/\libhal_bsp.a(alt_open.o)
 .data          0x000000000801cc98        0x0 ../NES_NIOSII_bsp/\libhal_bsp.a(alt_printf.o)
 .data          0x000000000801cc98        0x0 ../NES_NIOSII_bsp/\libhal_bsp.a(alt_putchar.o)
 .data          0x000000000801cc98        0x0 ../NES_NIOSII_bsp/\libhal_bsp.a(altera_nios2_gen2_irq.o)
 .data          0x000000000801cc98        0x0 ../NES_NIOSII_bsp/\libhal_bsp.a(alt_exception_entry.o)
 .data          0x000000000801cc98        0x0 ../NES_NIOSII_bsp/\libhal_bsp.a(alt_find_file.o)
 .data          0x000000000801cc98        0x0 ../NES_NIOSII_bsp/\libhal_bsp.a(alt_get_fd.o)
 .data          0x000000000801cc98        0x0 ../NES_NIOSII_bsp/\libhal_bsp.a(alt_instruction_exception_entry.o)
 .data          0x000000000801cc98        0x0 c:/intelfpga_lite/18.1/nios2eds/bin/gnu/h-x86_64-mingw32/bin/../lib/gcc/nios2-elf/5.3.0/../../../../../H-x86_64-mingw32/nios2-elf/lib/mno-hw-mul\libc.a(lib_a-atexit.o)
 .data          0x000000000801cc98        0x0 c:/intelfpga_lite/18.1/nios2eds/bin/gnu/h-x86_64-mingw32/bin/../lib/gcc/nios2-elf/5.3.0/../../../../../H-x86_64-mingw32/nios2-elf/lib/mno-hw-mul\libc.a(lib_a-exit.o)
 .data          0x000000000801cc98        0x0 c:/intelfpga_lite/18.1/nios2eds/bin/gnu/h-x86_64-mingw32/bin/../lib/gcc/nios2-elf/5.3.0/../../../../../H-x86_64-mingw32/nios2-elf/lib/mno-hw-mul\libc.a(lib_a-memcmp.o)
 .data          0x000000000801cc98        0x0 c:/intelfpga_lite/18.1/nios2eds/bin/gnu/h-x86_64-mingw32/bin/../lib/gcc/nios2-elf/5.3.0/../../../../../H-x86_64-mingw32/nios2-elf/lib/mno-hw-mul\libc.a(lib_a-__atexit.o)
 .data          0x000000000801cc98        0x0 c:/intelfpga_lite/18.1/nios2eds/bin/gnu/h-x86_64-mingw32/bin/../lib/gcc/nios2-elf/5.3.0/../../../../../H-x86_64-mingw32/nios2-elf/lib/mno-hw-mul\libc.a(lib_a-__call_atexit.o)
 .data          0x000000000801cc98        0x0 ../NES_NIOSII_bsp/\libhal_bsp.a(alt_exit.o)
                0x0000000008024c98                _gp = ABSOLUTE ((. + 0x8000))
                [!provide]                        PROVIDE (gp, _gp)
 *(.rwdata .rwdata.*)
 *(.sdata .sdata.* .gnu.linkonce.s.*)
 .sdata         0x000000000801cc98       0x10 obj/default/main.o
                0x000000000801cc98                prg_rom_size
                0x000000000801cc9c                chr_rom_size
 .sdata         0x000000000801cca8        0x9 obj/default/usb_kb/transfer.o
                0x000000000801cca8                ctrl_xfers
                0x000000000801ccb0                usb_task_state
 *fill*         0x000000000801ccb1        0x3 
 .sdata._global_impure_ptr
                0x000000000801ccb4        0x4 c:/intelfpga_lite/18.1/nios2eds/bin/gnu/h-x86_64-mingw32/bin/../lib/gcc/nios2-elf/5.3.0/../../../../../H-x86_64-mingw32/nios2-elf/lib/mno-hw-mul\libc.a(lib_a-impure.o)
                0x000000000801ccb4                _global_impure_ptr
 .sdata._impure_ptr
                0x000000000801ccb8        0x4 c:/intelfpga_lite/18.1/nios2eds/bin/gnu/h-x86_64-mingw32/bin/../lib/gcc/nios2-elf/5.3.0/../../../../../H-x86_64-mingw32/nios2-elf/lib/mno-hw-mul\libc.a(lib_a-impure.o)
                0x000000000801ccb8                _impure_ptr
 .sdata.__mb_cur_max
                0x000000000801ccbc        0x4 c:/intelfpga_lite/18.1/nios2eds/bin/gnu/h-x86_64-mingw32/bin/../lib/gcc/nios2-elf/5.3.0/../../../../../H-x86_64-mingw32/nios2-elf/lib/mno-hw-mul\libc.a(lib_a-locale.o)
                0x000000000801ccbc                __mb_cur_max
 .sdata.__malloc_sbrk_base
                0x000000000801ccc0        0x4 c:/intelfpga_lite/18.1/nios2eds/bin/gnu/h-x86_64-mingw32/bin/../lib/gcc/nios2-elf/5.3.0/../../../../../H-x86_64-mingw32/nios2-elf/lib/mno-hw-mul\libc.a(lib_a-mallocr.o)
                0x000000000801ccc0                __malloc_sbrk_base
 .sdata.__malloc_trim_threshold
                0x000000000801ccc4        0x4 c:/intelfpga_lite/18.1/nios2eds/bin/gnu/h-x86_64-mingw32/bin/../lib/gcc/nios2-elf/5.3.0/../../../../../H-x86_64-mingw32/nios2-elf/lib/mno-hw-mul\libc.a(lib_a-mallocr.o)
                0x000000000801ccc4                __malloc_trim_threshold
 .sdata.__wctomb
                0x000000000801ccc8        0x4 c:/intelfpga_lite/18.1/nios2eds/bin/gnu/h-x86_64-mingw32/bin/../lib/gcc/nios2-elf/5.3.0/../../../../../H-x86_64-mingw32/nios2-elf/lib/mno-hw-mul\libc.a(lib_a-wctomb_r.o)
                0x000000000801ccc8                __wctomb
 .sdata         0x000000000801cccc       0x14 ../NES_NIOSII_bsp/\libhal_bsp.a(alt_dev.o)
                0x000000000801cccc                alt_fs_list
                0x000000000801ccd4                alt_dev_list
                0x000000000801ccdc                alt_max_fd
 .sdata         0x000000000801cce0        0x4 ../NES_NIOSII_bsp/\libhal_bsp.a(alt_errno.o)
                0x000000000801cce0                alt_errno
 .sdata         0x000000000801cce4        0x4 ../NES_NIOSII_bsp/\libhal_bsp.a(alt_sbrk.o)
 .sdata         0x000000000801cce8        0x8 ../NES_NIOSII_bsp/\libhal_bsp.a(alt_tick.o)
                0x000000000801cce8                alt_alarm_list
 .sdata         0x000000000801ccf0        0x8 ../NES_NIOSII_bsp/\libhal_bsp.a(altera_avalon_i2c.o)
                0x000000000801ccf0                alt_avalon_i2c_list
 .sdata         0x000000000801ccf8        0x4 ../NES_NIOSII_bsp/\libhal_bsp.a(alt_irq_vars.o)
                0x000000000801ccf8                alt_priority_mask
 *(.sdata2 .sdata2.* .gnu.linkonce.s2.*)
                0x000000000801ccfc                . = ALIGN (0x4)
                0x000000000801ccfc                _edata = ABSOLUTE (.)
                [!provide]                        PROVIDE (edata, ABSOLUTE (.))
                0x000000000801ccfc                PROVIDE (__ram_rwdata_end, ABSOLUTE (.))
                0x000000000801ccfc                PROVIDE (__flash_rwdata_start, LOADADDR (.rwdata))

.bss            0x000000000801e874      0x2e8