Archive member included to satisfy reference by file (symbol)

c:/intelfpga_lite/18.1/nios2eds/bin/gnu/h-x86_64-mingw32/bin/../lib/gcc/nios2-elf/5.3.0/mno-hw-mul\libgcc.a(lib2-divmod.o)
                              obj/default/main.o (__divsi3)
c:/intelfpga_lite/18.1/nios2eds/bin/gnu/h-x86_64-mingw32/bin/../lib/gcc/nios2-elf/5.3.0/mno-hw-mul\libgcc.a(lib2-mul.o)
                              obj/default/usb_kb/transfer.o (__mulsi3)
c:/intelfpga_lite/18.1/nios2eds/bin/gnu/h-x86_64-mingw32/bin/../lib/gcc/nios2-elf/5.3.0/../../../../../H-x86_64-mingw32/nios2-elf/lib/mno-hw-mul\libc.a(lib_a-memcpy.o)
                              obj/default/usb_kb/MAX3421E.o (memcpy)
c:/intelfpga_lite/18.1/nios2eds/bin/gnu/h-x86_64-mingw32/bin/../lib/gcc/nios2-elf/5.3.0/../../../../../H-x86_64-mingw32/nios2-elf/lib/mno-hw-mul\libc.a(lib_a-printf.o)
                              obj/default/main.o (printf)
c:/intelfpga_lite/18.1/nios2eds/bin/gnu/h-x86_64-mingw32/bin/../lib/gcc/nios2-elf/5.3.0/../../../../../H-x86_64-mingw32/nios2-elf/lib/mno-hw-mul\libc.a(lib_a-putchar.o)
                              obj/default/main.o (putchar)
c:/intelfpga_lite/18.1/nios2eds/bin/gnu/h-x86_64-mingw32/bin/../lib/gcc/nios2-elf/5.3.0/../../../../../H-x86_64-mingw32/nios2-elf/lib/mno-hw-mul\libc.a(lib_a-puts.o)
                              obj/default/main.o (puts)
c:/intelfpga_lite/18.1/nios2eds/bin/gnu/h-x86_64-mingw32/bin/../lib/gcc/nios2-elf/5.3.0/../../../../../H-x86_64-mingw32/nios2-elf/lib/mno-hw-mul\libc.a(lib_a-strlen.o)
                              c:/intelfpga_lite/18.1/nios2eds/bin/gnu/h-x86_64-mingw32/bin/../lib/gcc/nios2-elf/5.3.0/../../../../../H-x86_64-mingw32/nios2-elf/lib/mno-hw-mul\libc.a(lib_a-puts.o) (strlen)
c:/intelfpga_lite/18.1/nios2eds/bin/gnu/h-x86_64-mingw32/bin/../lib/gcc/nios2-elf/5.3.0/../../../../../H-x86_64-mingw32/nios2-elf/lib/mno-hw-mul\libc.a(lib_a-vfprintf.o)
                              c:/intelfpga_lite/18.1/nios2eds/bin/gnu/h-x86_64-mingw32/bin/../lib/gcc/nios2-elf/5.3.0/../../../../../H-x86_64-mingw32/nios2-elf/lib/mno-hw-mul\libc.a(lib_a-printf.o) (___vfprintf_internal_r)
c:/intelfpga_lite/18.1/nios2eds/bin/gnu/h-x86_64-mingw32/bin/../lib/gcc/nios2-elf/5.3.0/../../../../../H-x86_64-mingw32/nios2-elf/lib/mno-hw-mul\libc.a(lib_a-wsetup.o)
                              c:/intelfpga_lite/18.1/nios2eds/bin/gnu/h-x86_64-mingw32/bin/../lib/gcc/nios2-elf/5.3.0/../../../../../H-x86_64-mingw32/nios2-elf/lib/mno-hw-mul\libc.a(lib_a-vfprintf.o) (__swsetup_r)
c:/intelfpga_lite/18.1/nios2eds/bin/gnu/h-x86_64-mingw32/bin/../lib/gcc/nios2-elf/5.3.0/../../../../../H-x86_64-mingw32/nios2-elf/lib/mno-hw-mul\libc.a(lib_a-dtoa.o)
                              c:/intelfpga_lite/18.1/nios2eds/bin/gnu/h-x86_64-mingw32/bin/../lib/gcc/nios2-elf/5.3.0/../../../../../H-x86_64-mingw32/nios2-elf/lib/mno-hw-mul\libc.a(lib_a-vfprintf.o) (_dtoa_r)
c:/intelfpga_lite/18.1/nios2eds/bin/gnu/h-x86_64-mingw32/bin/../lib/gcc/nios2-elf/5.3.0/../../../../../H-x86_64-mingw32/nios2-elf/lib/mno-hw-mul\libc.a(lib_a-fflush.o)
                              c:/intelfpga_lite/18.1/nios2eds/bin/gnu/h-x86_64-mingw32/bin/../lib/gcc/nios2-elf/5.3.0/../../../../../H-x86_64-mingw32/nios2-elf/lib/mno-hw-mul\libc.a(lib_a-vfprintf.o) (_fflush_r)
c:/intelfpga_lite/18.1/nios2eds/bin/gnu/h-x86_64-mingw32/bin/../lib/gcc/nios2-elf/5.3.0/../../../../../H-x86_64-mingw32/nios2-elf/lib/mno-hw-mul\libc.a(lib_a-findfp.o)
                              c:/intelfpga_lite/18.1/nios2eds/bin/gnu/h-x86_64-mingw32/bin/../lib/gcc/nios2-elf/5.3.0/../../../../../H-x86_64-mingw32/nios2-elf/lib/mno-hw-mul\libc.a(lib_a-puts.o) (__sinit)
c:/intelfpga_lite/18.1/nios2eds/bin/gnu/h-x86_64-mingw32/bin/../lib/gcc/nios2-elf/5.3.0/../../../../../H-x86_64-mingw32/nios2-elf/lib/mno-hw-mul\libc.a(lib_a-freer.o)
                              c:/intelfpga_lite/18.1/nios2eds/bin/gnu/h-x86_64-mingw32/bin/../lib/gcc/nios2-elf/5.3.0/../../../../../H-x86_64-mingw32/nios2-elf/lib/mno-hw-mul\libc.a(lib_a-wsetup.o) (_free_r)
c:/intelfpga_lite/18.1/nios2eds/bin/gnu/h-x86_64-mingw32/bin/../lib/gcc/nios2-elf/5.3.0/../../../../../H-x86_64-mingw32/nios2-elf/lib/mno-hw-mul\libc.a(lib_a-fvwrite.o)
                              c:/intelfpga_lite/18.1/nios2eds/bin/gnu/h-x86_64-mingw32/bin/../lib/gcc/nios2-elf/5.3.0/../../../../../H-x86_64-mingw32/nios2-elf/lib/mno-hw-mul\libc.a(lib_a-puts.o) (__sfvwrite_r)
c:/intelfpga_lite/18.1/nios2eds/bin/gnu/h-x86_64-mingw32/bin/../lib/gcc/nios2-elf/5.3.0/../../../../../H-x86_64-mingw32/nios2-elf/lib/mno-hw-mul\libc.a(lib_a-fwalk.o)
                              c:/intelfpga_lite/18.1/nios2eds/bin/gnu/h-x86_64-mingw32/bin/../lib/gcc/nios2-elf/5.3.0/../../../../../H-x86_64-mingw32/nios2-elf/lib/mno-hw-mul\libc.a(lib_a-findfp.o) (_fwalk)
c:/intelfpga_lite/18.1/nios2eds/bin/gnu/h-x86_64-mingw32/bin/../lib/gcc/nios2-elf/5.3.0/../../../../../H-x86_64-mingw32/nios2-elf/lib/mno-hw-mul\libc.a(lib_a-impure.o)
[...]
Memory Configuration

Name             Origin             Length             Attributes
reset            0x0000000008000000 0x0000000000000020
sdram            0x0000000008000020 0x0000000003ffffe0
*default*        0x0000000000000000 0xffffffffffffffff

Linker script and memory map

LOAD ../NES_NIOSII_bsp//obj/HAL/src/crt0.o
LOAD obj/default/main.o
LOAD obj/default/sgtl5000/sgtl5000.o
LOAD obj/default/usb_kb/HID.o
LOAD obj/default/usb_kb/MAX3421E.o
LOAD obj/default/usb_kb/transfer.o
LOAD c:/intelfpga_lite/18.1/nios2eds/bin/gnu/h-x86_64-mingw32/bin/../lib/gcc/nios2-elf/5.3.0/../../../../../H-x86_64-mingw32/nios2-elf/lib/mno-hw-mul\libstdc++.a
LOAD c:/intelfpga_lite/18.1/nios2eds/bin/gnu/h-x86_64-mingw32/bin/../lib/gcc/nios2-elf/5.3.0/../../../../../H-x86_64-mingw32/nios2-elf/lib/mno-hw-mul\libm.a
LOAD c:/intelfpga_lite/18.1/nios2eds/bin/gnu/h-x86_64-mingw32/bin/../lib/gcc/nios2-elf/5.3.0/mno-hw-mul\libgcc.a
START GROUP
LOAD c:/intelfpga_lite/18.1/nios2eds/bin/gnu/h-x86_64-mingw32/bin/../lib/gcc/nios2-elf/5.3.0/../../../../../H-x86_64-mingw32/nios2-elf/lib/mno-hw-mul\libc.a
LOAD c:/intelfpga_lite/18.1/nios2eds/bin/gnu/h-x86_64-mingw32/bin/../lib/gcc/nios2-elf/5.3.0/mno-hw-mul\libgcc.a
LOAD ../NES_NIOSII_bsp/\libhal_bsp.a
LOAD c:/intelfpga_lite/18.1/nios2eds/bin/gnu/h-x86_64-mingw32/bin/../lib/gcc/nios2-elf/5.3.0/../../../../../H-x86_64-mingw32/nios2-elf/lib/mno-hw-mul\libm.a
END GROUP
LOAD c:/intelfpga_lite/18.1/nios2eds/bin/gnu/h-x86_64-mingw32/bin/../lib/gcc/nios2-elf/5.3.0/mno-hw-mul\libgcc.a
                0x0000000008000000                __alt_mem_sdram = 0x8000000

.entry          0x0000000008000000       0x20
 *(.entry)
 .entry         0x0000000008000000       0x20 ../NES_NIOSII_bsp//obj/HAL/src/crt0.o
                0x0000000008000000                __reset

.exceptions     0x0000000008000020      0x210
                0x0000000008000020                PROVIDE (__ram_exceptions_start, ABSOLUTE (.))
                0x0000000008000020                . = ALIGN (0x20)
 *(.irq)
 *(.exceptions.entry.label)
 .exceptions.entry.label
                0x0000000008000020        0x0 ../NES_NIOSII_bsp/\libhal_bsp.a(alt_irq_entry.o)
                0x0000000008000020                alt_irq_entry
 .exceptions.entry.label
                0x0000000008000020        0x0 ../NES_NIOSII_bsp/\libhal_bsp.a(alt_exception_entry.o)
                0x0000000008000020                alt_exception
 *(.exceptions.entry.user)
 *(.exceptions.entry.ecc_fatal)
 *(.exceptions.entry)
 .exceptions.entry
                0x0000000008000020       0x54 ../NES_NIOSII_bsp/\libhal_bsp.a(alt_exception_entry.o)
 *(.exceptions.irqtest.user)
 *(.exceptions.irqtest)
 .exceptions.irqtest
                0x0000000008000074       0x10 ../NES_NIOSII_bsp/\libhal_bsp.a(alt_irq_entry.o)
 *(.exceptions.irqhandler.user)
 *(.exceptions.irqhandler)
 .exceptions.irqhandler
                0x0000000008000084        0x4 ../NES_NIOSII_bsp/\libhal_bsp.a(alt_irq_entry.o)
 *(.exceptions.irqreturn.user)
 *(.exceptions.irqreturn)
 .exceptions.irqreturn
                0x0000000008000088        0x4 ../NES_NIOSII_bsp/\libhal_bsp.a(alt_irq_entry.o)
 *(.exceptions.notirq.label)
 .exceptions.notirq.label
                0x000000000800008c        0x0 ../NES_NIOSII_bsp/\libhal_bsp.a(alt_irq_entry.o)
 *(.exceptions.notirq.user)
 *(.exceptions.notirq)
 .exceptions.notirq
                0x000000000800008c        0x8 ../NES_NIOSII_bsp/\libhal_bsp.a(alt_exception_entry.o)
 *(.exceptions.soft.user)
 *(.exceptions.soft)
 *(.exceptions.unknown.user)
 *(.exceptions.unknown)
 .exceptions.unknown
                0x0000000008000094       0x14 ../NES_NIOSII_bsp/\libhal_bsp.a(alt_exception_entry.o)
 *(.exceptions.exit.label)
 .exceptions.exit.label
                0x00000000080000a8        0x0 ../NES_NIOSII_bsp/\libhal_bsp.a(alt_irq_entry.o)
 .exceptions.exit.label
                0x00000000080000a8        0x0 ../NES_NIOSII_bsp/\libhal_bsp.a(alt_exception_entry.o)
 *(.exceptions.exit.user)
 *(.exceptions.exit)
 .exceptions.exit
                0x00000000080000a8       0x54 ../NES_NIOSII_bsp/\libhal_bsp.a(alt_exception_entry.o)
 *(.exceptions)
 .exceptions    0x00000000080000fc       0xd4 ../NES_NIOSII_bsp/\libhal_bsp.a(alt_irq_handler.o)
                0x00000000080000fc                alt_irq_handler
 .exceptions    0x00000000080001d0       0x60 ../NES_NIOSII_bsp/\libhal_bsp.a(alt_instruction_exception_entry.o)
                0x00000000080001d0                alt_instruction_exception_entry
                0x0000000008000230                PROVIDE (__ram_exceptions_end, ABSOLUTE (.))
                0x0000000008000020                PROVIDE (__flash_exceptions_start, LOADADDR (.exceptions))

.text           0x0000000008000230    0x14810
                [!provide]                        PROVIDE (stext, ABSOLUTE (.))
 *(.interp)
 *(.hash)
 *(.dynsym)
 *(.dynstr)
 *(.gnu.version)
 *(.gnu.version_d)
 *(.gnu.version_r)
 *(.rel.init)
 *(.rela.init)
 *(.rel.text .rel.text.* .rel.gnu.linkonce.t.*)
 *(.rela.text .rela.text.* .rela.gnu.linkonce.t.*)
 *(.rel.fini)
 *(.rela.fini)
 *(.rel.rodata .rel.rodata.* .rel.gnu.linkonce.r.*)
 *(.rela.rodata .rela.rodata.* .rela.gnu.linkonce.r.*)
 *(.rel.data .rel.data.* .rel.gnu.linkonce.d.*)
 *(.rela.data .rela.data.* .rela.gnu.linkonce.d.*)
 *(.rel.tdata .rel.tdata.* .rel.gnu.linkonce.td.*)
 *(.rela.tdata .rela.tdata.* .rela.gnu.linkonce.td.*)
 *(.rel.tbss .rel.tbss.* .rel.gnu.linkonce.tb.*)
 *(.rela.tbss .rela.tbss.* .rela.gnu.linkonce.tb.*)
 *(.rel.ctors)
 *(.rela.ctors)
 *(.rel.dtors)
 *(.rela.dtors)
 *(.rel.got)
 *(.rela.got)
 *(.rel.sdata .rel.sdata.* .rel.gnu.linkonce.s.*)
 *(.rela.sdata .rela.sdata.* .rela.gnu.linkonce.s.*)
 *(.rel.sbss .rel.sbss.* .rel.gnu.linkonce.sb.*)
 *(.rela.sbss .rela.sbss.* .rela.gnu.linkonce.sb.*)
 *(.rel.sdata2 .rel.sdata2.* .rel.gnu.linkonce.s2.*)
 *(.rela.sdata2 .rela.sdata2.* .rela.gnu.linkonce.s2.*)
 *(.rel.sbss2 .rel.sbss2.* .rel.gnu.linkonce.sb2.*)
 *(.rela.sbss2 .rela.sbss2.* .rela.gnu.linkonce.sb2.*)
 *(.rel.bss .rel.bss.* .rel.gnu.linkonce.b.*)
 *(.rela.bss .rela.bss.* .rela.gnu.linkonce.b.*)
 *(.rel.plt)
 *(.rela.plt)
 *(.rel.dyn)
 *(.init)
 *(.plt)
 *(.text .stub .text.* .gnu.linkonce.t.*)
 .text          0x0000000008000230       0x3c ../NES_NIOSII_bsp//obj/HAL/src/crt0.o
                0x0000000008000230                _start
 .text          0x000000000800026c      0xb14 obj/default/main.o
                0x000000000800026c                GetDriverandReport
                0x000000000800045c                setLED
                0x00000000080004a0                clearLED
                0x00000000080004e8                printSignedHex0
                0x0000000008000600                printSignedHex1
                0x0000000008000738                setKeycode
                0x000000000800076c                write_prg_rom
                0x00000000080007b8                write_chr_rom
                0x0000000008000800                main
 .text          0x0000000008000d80      0x154 obj/default/sgtl5000/sgtl5000.o
                0x0000000008000d80                SGTL5000_Reg_Rd
                0x0000000008000e34                SGTL5000_Reg_Wr
 .text          0x0000000008000ed4      0x9d0 obj/default/usb_kb/HID.o
                0x0000000008000ed4                HIDMProbe
                0x00000000080012dc                HIDKProbe
                0x00000000080016e4                HID_init
                0x0000000008001724                mousePoll
                0x00000000080017ac                kbdPoll
                0x0000000008001834                HIDMEventHandler
                0x000000000800186c                HIDKEventHandler
 .text          0x00000000080018a4      0x888 obj/default/usb_kb/MAX3421E.o
                0x00000000080018a4                SPI_init
                0x00000000080018d8                SPI_wr
                0x0000000008001900                MAXreg_wr
                0x0000000008001988                MAXbytes_wr
                0x0000000008001b78                MAXreg_rd
                0x0000000008001bfc                MAXbytes_rd
                0x0000000008001ce8                MAX3421E_reset
                0x0000000008001d88                Vbus_power
                0x0000000008001dac                MAX_busprobe
                0x0000000008001f34                MAX3421E_init
                0x0000000008001fc8                MAX3421E_Task
                0x000000000800202c                MaxIntHandler
                0x00000000080020f8                MaxGpxHandler
 .text          0x000000000800212c      0xe98 obj/default/usb_kb/transfer.o
                0x000000000800212c                XferCtrlReq
                0x0000000008002278                XferCtrlData
                0x0000000008002360                XferCtrlND
                0x00000000080023d4                XferDispatchPkt
                0x0000000008002550                XferInTransfer
                0x00000000080026e0                USB_init
                0x0000000008002778                USB_Task
                0x0000000008002dbc                MSDProbe
                0x0000000008002de8                MSDEventHandler
                0x0000000008002e20                CDCProbe
                0x0000000008002e4c                CDCEventHandler
                0x0000000008002e84                DummyProbe
                0x0000000008002eb0                DummyEventHandler
                0x0000000008002ee8                GetUsbTaskState
                0x0000000008002f08                GetDevtable
                0x0000000008002f40                ConvUTF8ToStr
 .text          0x0000000008002fc4      0x1b4 c:/intelfpga_lite/18.1/nios2eds/bin/gnu/h-x86_64-mingw32/bin/../lib/gcc/nios2-elf/5.3.0/mno-hw-mul\libgcc.a(lib2-divmod.o)
                0x0000000008002fc4                __divsi3
                0x0000000008003048                __modsi3
                0x00000000080030bc                __udivsi3
                0x0000000008003120                __umodsi3
 .text          0x0000000008003178       0x28 c:/intelfpga_lite/18.1/nios2eds/bin/gnu/h-x86_64-mingw32/bin/../lib/gcc/nios2-elf/5.3.0/mno-hw-mul\libgcc.a(lib2-mul.o)
                0x0000000008003178                __mulsi3
 .text          0x00000000080031a0        0x0 c:/intelfpga_lite/18.1/nios2eds/bin/gnu/h-x86_64-mingw32/bin/../lib/gcc/nios2-elf/5.3.0/../../../../../H-x86_64-mingw32/nios2-elf/lib/mno-hw-mul\libc.a(lib_a-memcpy.o)
 .text.memcpy   0x00000000080031a0      0x148 c:/intelfpga_lite/18.1/nios2eds/bin/gnu/h-x86_64-mingw32/bin/../lib/gcc/nios2-elf/5.3.0/../../../../../H-x86_64-mingw32/nios2-elf/lib/mno-hw-mul\libc.a(lib_a-memcpy.o)
                0x00000000080031a0                memcpy
 .text          0x00000000080032e8        0x0 c:/intelfpga_lite/18.1/nios2eds/bin/gnu/h-x86_64-mingw32/bin/../lib/gcc/nios2-elf/5.3.0/../../../../../H-x86_64-mingw32/nios2-elf/lib/mno-hw-mul\libc.a(lib_a-printf.o)
 .text._printf_r
                0x00000000080032e8       0x30 c:/intelfpga_lite/18.1/nios2eds/bin/gnu/h-x86_64-mingw32/bin/../lib/gcc/nios2-elf/5.3.0/../../../../../H-x86_64-mingw32/nios2-elf/lib/mno-hw-mul\libc.a(lib_a-printf.o)
                0x00000000080032e8                _printf_r
 .text.printf   0x0000000008003318       0x3c c:/intelfpga_lite/18.1/nios2eds/bin/gnu/h-x86_64-mingw32/bin/../lib/gcc/nios2-elf/5.3.0/../../../../../H-x86_64-mingw32/nios2-elf/lib/mno-hw-mul\libc.a(lib_a-printf.o)
                0x0000000008003318                printf
 .text          0x0000000008003354        0x0 c:/intelfpga_lite/18.1/nios2eds/bin/gnu/h-x86_64-mingw32/bin/../lib/gcc/nios2-elf/5.3.0/../../../../../H-x86_64-mingw32/nios2-elf/lib/mno-hw-mul\libc.a(lib_a-putchar.o)
 .text._putchar_r
                0x0000000008003354        0x8 c:/intelfpga_lite/18.1/nios2eds/bin/gnu/h-x86_64-mingw32/bin/../lib/gcc/nios2-elf/5.3.0/../../../../../H-x86_64-mingw32/nios2-elf/lib/mno-hw-mul\libc.a(lib_a-putchar.o)
                0x0000000008003354                _putchar_r
 .text.putchar  0x000000000800335c       0x18 c:/intelfpga_lite/18.1/nios2eds/bin/gnu/h-x86_64-mingw32/bin/../lib/gcc/nios2-elf/5.3.0/../../../../../H-x86_64-mingw32/nios2-elf/lib/mno-hw-mul\libc.a(lib_a-putchar.o)
                0x000000000800335c                putchar
 .text          0x0000000008003374        0x0 c:/intelfpga_lite/18.1/nios2eds/bin/gnu/h-x86_64-mingw32/bin/../lib/gcc/nios2-elf/5.3.0/../../../../../H-x86_64-mingw32/nios2-elf/lib/mno-hw-mul\libc.a(lib_a-puts.o)
 .text._puts_r  0x0000000008003374       0xc0 c:/intelfpga_lite/18.1/nios2eds/bin/gnu/h-x86_64-mingw32/bin/../lib/gcc/nios2-elf/5.3.0/../../../../../H-x86_64-mingw32/nios2-elf/lib/mno-hw-mul\libc.a(lib_a-puts.o)
                0x0000000008003374                _puts_r
 .text.puts     0x0000000008003434       0x14 c:/intelfpga_lite/18.1/nios2eds/bin/gnu/h-x86_64-mingw32/bin/../lib/gcc/nios2-elf/5.3.0/../../../../../H-x86_64-mingw32/nios2-elf/lib/mno-hw-mul\libc.a(lib_a-puts.o)
                0x0000000008003434                puts
 .text          0x0000000008003448        0x0 c:/intelfpga_lite/18.1/nios2eds/bin/gnu/h-x86_64-mingw32/bin/../lib/gcc/nios2-elf/5.3.0/../../../../../H-x86_64-mingw32/nios2-elf/lib/mno-hw-mul\libc.a(lib_a-strlen.o)
 .text.strlen   0x0000000008003448       0x98 c:/intelfpga_lite/18.1/nios2eds/bin/gnu/h-x86_64-mingw32/bin/../lib/gcc/nios2-elf/5.3.0/../../../../../H-x86_64-mingw32/nios2-elf/lib/mno-hw-mul\libc.a(lib_a-strlen.o)
                0x0000000008003448                strlen
 .text          0x00000000080034e0        0x0 c:/intelfpga_lite/18.1/nios2eds/bin/gnu/h-x86_64-mingw32/bin/../lib/gcc/nios2-elf/5.3.0/../../../../../H-x86_64-mingw32/nios2-elf/lib/mno-hw-mul\libc.a(lib_a-vfprintf.o)
 .text.___vfprintf_internal_r
                0x00000000080034e0     0x22dc c:/intelfpga_lite/18.1/nios2eds/bin/gnu/h-x86_64-mingw32/bin/../lib/gcc/nios2-elf/5.3.0/../../../../../H-x86_64-mingw32/nios2-elf/lib/mno-hw-mul\libc.a(lib_a-vfprintf.o)
                0x00000000080034e0                ___vfprintf_internal_r
 .text.__vfprintf_internal
                0x00000000080057bc       0x1c c:/intelfpga_lite/18.1/nios2eds/bin/gnu/h-x86_64-mingw32/bin/../lib/gcc/nios2-elf/5.3.0/../../../../../H-x86_64-mingw32/nios2-elf/lib/mno-hw-mul\libc.a(lib_a-vfprintf.o)
                0x00000000080057bc                __vfprintf_internal
 .text.__sbprintf
                0x00000000080057d8       0xbc c:/intelfpga_lite/18.1/nios2eds/bin/gnu/h-x86_64-mingw32/bin/../lib/gcc/nios2-elf/5.3.0/../../../../../H-x86_64-mingw32/nios2-elf/lib/mno-hw-mul\libc.a(lib_a-vfprintf.o)
 .text          0x0000000008005894        0x0 c:/intelfpga_lite/18.1/nios2eds/bin/gnu/h-x86_64-mingw32/bin/../lib/gcc/nios2-elf/5.3.0/../../../../../H-x86_64-mingw32/nios2-elf/lib/mno-hw-mul\libc.a(lib_a-wsetup.o)
 .text.__swsetup_r
                0x0000000008005894      0x154 c:/intelfpga_lite/18.1/nios2eds/bin/gnu/h-x86_64-mingw32/bin/../lib/gcc/nios2-elf/5.3.0/../../../../../H-x86_64-mingw32/nios2-elf/lib/mno-hw-mul\libc.a(lib_a-wsetup.o)
                0x0000000008005894                __swsetup_r
 .text          0x00000000080059e8        0x0 c:/intelfpga_lite/18.1/nios2eds/bin/gnu/h-x86_64-mingw32/bin/../lib/gcc/nios2-elf/5.3.0/../../../../../H-x86_64-mingw32/nios2-elf/lib/mno-hw-mul\libc.a(lib_a-dtoa.o)
 .text.quorem   0x00000000080059e8      0x228 c:/intelfpga_lite/18.1/nios2eds/bin/gnu/h-x86_64-mingw32/bin/../lib/gcc/nios2-elf/5.3.0/../../../../../H-x86_64-mingw32/nios2-elf/lib/mno-hw-mul\libc.a(lib_a-dtoa.o)
 .text._dtoa_r  0x0000000008005c10     0x1688 c:/intelfpga_lite/18.1/nios2eds/bin/gnu/h-x86_64-mingw32/bin/../lib/gcc/nios2-elf/5.3.0/../../../../../H-x86_64-mingw32/nios2-elf/lib/mno-hw-mul\libc.a(lib_a-dtoa.o)
                0x0000000008005c10                _dtoa_r
 .text          0x0000000008007298        0x0 c:/intelfpga_lite/18.1/nios2eds/bin/gnu/h-x86_64-mingw32/bin/../lib/gcc/nios2-elf/5.3.0/../../../../../H-x86_64-mingw32/nios2-elf/lib/mno-hw-mul\libc.a(lib_a-fflush.o)
 .text.__sflush_r
                0x0000000008007298      0x21c c:/intelfpga_lite/18.1/nios2eds/bin/gnu/h-x86_64-mingw32/bin/../lib/gcc/nios2-elf/5.3.0/../../../../../H-x86_64-mingw32/nios2-elf/lib/mno-hw-mul\libc.a(lib_a-fflush.o)
                0x0000000008007298                __sflush_r
 .text._fflush_r
                0x00000000080074b4       0x5c c:/intelfpga_lite/18.1/nios2eds/bin/gnu/h-x86_64-mingw32/bin/../lib/gcc/nios2-elf/5.3.0/../../../../../H-x86_64-mingw32/nios2-elf/lib/mno-hw-mul\libc.a(lib_a-fflush.o)
                0x00000000080074b4                _fflush_r
 .text.fflush   0x0000000008007510       0x30 c:/intelfpga_lite/18.1/nios2eds/bin/gnu/h-x86_64-mingw32/bin/../lib/gcc/nios2-elf/5.3.0/../../../../../H-x86_64-mingw32/nios2-elf/lib/mno-hw-mul\libc.a(lib_a-fflush.o)
                0x0000000008007510                fflush
 .text          0x0000000008007540        0x0 c:/intelfpga_lite/18.1/nios2eds/bin/gnu/h-x86_64-mingw32/bin/../lib/gcc/nios2-elf/5.3.0/../../../../../H-x86_64-mingw32/nios2-elf/lib/mno-hw-mul\libc.a(lib_a-findfp.o)
 .text.__fp_unlock
                0x0000000008007540        0x8 c:/intelfpga_lite/18.1/nios2eds/bin/gnu/h-x86_64-mingw32/bin/../lib/gcc/nios2-elf/5.3.0/../../../../../H-x86_64-mingw32/nios2-elf/lib/mno-hw-mul\libc.a(lib_a-findfp.o)
 .text._cleanup_r
                0x0000000008007548        0xc c:/intelfpga_lite/18.1/nios2eds/bin/gnu/h-x86_64-mingw32/bin/../lib/gcc/nios2-elf/5.3.0/../../../../../H-x86_64-mingw32/nios2-elf/lib/mno-hw-mul\libc.a(lib_a-findfp.o)
                0x0000000008007548                _cleanup_r
 .text.__sinit.part.1
                0x0000000008007554      0x19c c:/intelfpga_lite/18.1/nios2eds/bin/gnu/h-x86_64-mingw32/bin/../lib/gcc/nios2-elf/5.3.0/../../../../../H-x86_64-mingw32/nios2-elf/lib/mno-hw-mul\libc.a(lib_a-findfp.o)
 .text.__fp_lock
                0x00000000080076f0        0x8 c:/intelfpga_lite/18.1/nios2eds/bin/gnu/h-x86_64-mingw32/bin/../lib/gcc/nios2-elf/5.3.0/../../../../../H-x86_64-mingw32/nios2-elf/lib/mno-hw-mul\libc.a(lib_a-findfp.o)
 .text.__sfmoreglue
                0x00000000080076f8       0x78 c:/intelfpga_lite/18.1/nios2eds/bin/gnu/h-x86_64-mingw32/bin/../lib/gcc/nios2-elf/5.3.0/../../../../../H-x86_64-mingw32/nios2-elf/lib/mno-hw-mul\libc.a(lib_a-findfp.o)
                0x00000000080076f8                __sfmoreglue
 .text.__sfp    0x0000000008007770      0x118 c:/intelfpga_lite/18.1/nios2eds/bin/gnu/h-x86_64-mingw32/bin/../lib/gcc/nios2-elf/5.3.0/../../../../../H-x86_64-mingw32/nios2-elf/lib/mno-hw-mul\libc.a(lib_a-findfp.o)
                0x0000000008007770                __sfp
 .text._cleanup
                0x0000000008007888       0x18 c:/intelfpga_lite/18.1/nios2eds/bin/gnu/h-x86_64-mingw32/bin/../lib/gcc/nios2-elf/5.3.0/../../../../../H-x86_64-mingw32/nios2-elf/lib/mno-hw-mul\libc.a(lib_a-findfp.o)
                0x0000000008007888                _cleanup
 .text.__sinit  0x00000000080078a0       0x10 c:/intelfpga_lite/18.1/nios2eds/bin/gnu/h-x86_64-mingw32/bin/../lib/gcc/nios2-elf/5.3.0/../../../../../H-x86_64-mingw32/nios2-elf/lib/mno-hw-mul\libc.a(lib_a-findfp.o)
                0x00000000080078a0                __sinit
 .text.__sfp_lock_acquire
                0x00000000080078b0        0x4 c:/intelfpga_lite/18.1/nios2eds/bin/gnu/h-x86_64-mingw32/bin/../lib/gcc/nios2-elf/5.3.0/../../../../../H-x86_64-mingw32/nios2-elf/lib/mno-hw-mul\libc.a(lib_a-findfp.o)
                0x00000000080078b0                __sfp_lock_acquire
 .text.__sfp_lock_release
                0x00000000080078b4        0x4 c:/intelfpga_lite/18.1/nios2eds/bin/gnu/h-x86_64-mingw32/bin/../lib/gcc/nios2-elf/5.3.0/../../../../../H-x86_64-mingw32/nios2-elf/lib/mno-hw-mul\libc.a(lib_a-findfp.o)
                0x00000000080078b4                __sfp_lock_release
 .text.__sinit_lock_acquire
                0x00000000080078b8        0x4 c:/intelfpga_lite/18.1/nios2eds/bin/gnu/h-x86_64-mingw32/bin/../lib/gcc/nios2-elf/5.3.0/../../../../../H-x86_64-mingw32/nios2-elf/lib/mno-hw-mul\libc.a(lib_a-findfp.o)
                0x00000000080078b8                __sinit_lock_acquire
 .text.__sinit_lock_release
                0x00000000080078bc        0x4 c:/intelfpga_lite/18.1/nios2eds/bin/gnu/h-x86_64-mingw32/bin/../lib/gcc/nios2-elf/5.3.0/../../../../../H-x86_64-mingw32/nios2-elf/lib/mno-hw-mul\libc.a(lib_a-findfp.o)
                0x00000000080078bc                __sinit_lock_release
 .text.__fp_lock_all
                0x00000000080078c0       0x18 c:/intelfpga_lite/18.1/nios2eds/bin/gnu/h-x86_64-mingw32/bin/../lib/gcc/nios2-elf/5.3.0/../../../../../H-x86_64-mingw32/nios2-elf/lib/mno-hw-mul\libc.a(lib_a-findfp.o)
                0x00000000080078c0                __fp_lock_all
 .text.__fp_unlock_all
                0x00000000080078d8       0x18 c:/intelfpga_lite/18.1/nios2eds/bin/gnu/h-x86_64-mingw32/bin/../lib/gcc/nios2-elf/5.3.0/../../../../../H-x86_64-mingw32/nios2-elf/lib/mno-hw-mul\libc.a(lib_a-findfp.o)
                0x00000000080078d8                __fp_unlock_all
 .text          0x00000000080078f0        0x0 c:/intelfpga_lite/18.1/nios2eds/bin/gnu/h-x86_64-mingw32/bin/../lib/gcc/nios2-elf/5.3.0/../../../../../H-x86_64-mingw32/nios2-elf/lib/mno-hw-mul\libc.a(lib_a-freer.o)
 .text._malloc_trim_r
                0x00000000080078f0      0x124 c:/intelfpga_lite/18.1/nios2eds/bin/gnu/h-x86_64-mingw32/bin/../lib/gcc/nios2-elf/5.3.0/../../../../../H-x86_64-mingw32/nios2-elf/lib/mno-hw-mul\libc.a(lib_a-freer.o)
                0x00000000080078f0                _malloc_trim_r
 .text._free_r  0x0000000008007a14      0x310 c:/intelfpga_lite/18.1/nios2eds/bin/gnu/h-x86_64-mingw32/bin/../lib/gcc/nios2-elf/5.3.0/../../../../../H-x86_64-mingw32/nios2-elf/lib/mno-hw-mul\libc.a(lib_a-freer.o)
                0x0000000008007a14                _free_r
 .text          0x0000000008007d24        0x0 c:/intelfpga_lite/18.1/nios2eds/bin/gnu/h-x86_64-mingw32/bin/../lib/gcc/nios2-elf/5.3.0/../../../../../H-x86_64-mingw32/nios2-elf/lib/mno-hw-mul\libc.a(lib_a-fvwrite.o)
 .text.__sfvwrite_r
                0x0000000008007d24      0x4c8 c:/intelfpga_lite/18.1/nios2eds/bin/gnu/h-x86_64-mingw32/bin/../lib/gcc/nios2-elf/5.3.0/../../../../../H-x86_64-mingw32/nios2-elf/lib/mno-hw-mul\libc.a(lib_a-fvwrite.o)
                0x0000000008007d24                __sfvwrite_r
 .text          0x00000000080081ec        0x0 c:/intelfpga_lite/18.1/nios2eds/bin/gnu/h-x86_64-mingw32/bin/../lib/gcc/nios2-elf/5.3.0/../../../../../H-x86_64-mingw32/nios2-elf/lib/mno-hw-mul\libc.a(lib_a-fwalk.o)
 .text._fwalk   0x00000000080081ec       0xc4 c:/intelfpga_lite/18.1/nios2eds/bin/gnu/h-x86_64-mingw32/bin/../lib/gcc/nios2-elf/5.3.0/../../../../../H-x86_64-mingw32/nios2-elf/lib/mno-hw-mul\libc.a(lib_a-fwalk.o)
                0x00000000080081ec                _fwalk
 .text._fwalk_reent
                0x00000000080082b0       0xc4 c:/intelfpga_lite/18.1/nios2eds/bin/gnu/h-x86_64-mingw32/bin/../lib/gcc/nios2-elf/5.3.0/../../../../../H-x86_64-mingw32/nios2-elf/lib/mno-hw-mul\libc.a(lib_a-fwalk.o)
                0x00000000080082b0                _fwalk_reent
 .text          0x0000000008008374        0x0 c:/intelfpga_lite/18.1/nios2eds/bin/gnu/h-x86_64-mingw32/bin/../lib/gcc/nios2-elf/5.3.0/../../../../../H-x86_64-mingw32/nios2-elf/lib/mno-hw-mul\libc.a(lib_a-impure.o)
 .text          0x0000000008008374        0x0 c:/intelfpga_lite/18.1/nios2eds/bin/gnu/h-x86_64-mingw32/bin/../lib/gcc/nios2-elf/5.3.0/../../../../../H-x86_64-mingw32/nios2-elf/lib/mno-hw-mul\libc.a(lib_a-locale.o)
 .text._setlocale_r
                0x0000000008008374       0x7c c:/intelfpga_lite/18.1/nios2eds/bin/gnu/h-x86_64-mingw32/bin/../lib/gcc/nios2-elf/5.3.0/../../../../../H-x86_64-mingw32/nios2-elf/lib/mno-hw-mul\libc.a(lib_a-locale.o)
                0x0000000008008374                _setlocale_r
 .text.__locale_charset
                0x00000000080083f0        0xc c:/intelfpga_lite/18.1/nios2eds/bin/gnu/h-x86_64-mingw32/bin/../lib/gcc/nios2-elf/5.3.0/../../../../../H-x86_64-mingw32/nios2-elf/lib/mno-hw-mul\libc.a(lib_a-locale.o)
                0x00000000080083f0                __locale_charset
 .text.__locale_mb_cur_max
                0x00000000080083fc       0x10 c:/intelfpga_lite/18.1/nios2eds/bin/gnu/h-x86_64-mingw32/bin/../lib/gcc/nios2-elf/5.3.0/../../../../../H-x86_64-mingw32/nios2-elf/lib/mno-hw-mul\libc.a(lib_a-locale.o)
                0x00000000080083fc                __locale_mb_cur_max
 .text.__locale_msgcharset
                0x000000000800840c        0xc c:/intelfpga_lite/18.1/nios2eds/bin/gnu/h-x86_64-mingw32/bin/../lib/gcc/nios2-elf/5.3.0/../../../../../H-x86_64-mingw32/nios2-elf/lib/mno-hw-mul\libc.a(lib_a-locale.o)
                0x000000000800840c                __locale_msgcharset
 .text.__locale_cjk_lang
                0x0000000008008418        0x8 c:/intelfpga_lite/18.1/nios2eds/bin/gnu/h-x86_64-mingw32/bin/../lib/gcc/nios2-elf/5.3.0/../../../../../H-x86_64-mingw32/nios2-elf/lib/mno-hw-mul\libc.a(lib_a-locale.o)
                0x0000000008008418                __locale_cjk_lang
 .text._localeconv_r
                0x0000000008008420        0xc c:/intelfpga_lite/18.1/nios2eds/bin/gnu/h-x86_64-mingw32/bin/../lib/gcc/nios2-elf/5.3.0/../../../../../H-x86_64-mingw32/nios2-elf/lib/mno-hw-mul\libc.a(lib_a-locale.o)
                0x0000000008008420                _localeconv_r
 .text.setlocale
                0x000000000800842c       0x18 c:/intelfpga_lite/18.1/nios2eds/bin/gnu/h-x86_64-mingw32/bin/../lib/gcc/nios2-elf/5.3.0/../../../../../H-x86_64-mingw32/nios2-elf/lib/mno-hw-mul\libc.a(lib_a-locale.o)
                0x000000000800842c                setlocale
 .text.localeconv
                0x0000000008008444        0xc c:/intelfpga_lite/18.1/nios2eds/bin/gnu/h-x86_64-mingw32/bin/../lib/gcc/nios2-elf/5.3.0/../../../../../H-x86_64-mingw32/nios2-elf/lib/mno-hw-mul\libc.a(lib_a-locale.o)
                0x0000000008008444                localeconv
 .text          0x0000000008008450        0x0 c:/intelfpga_lite/18.1/nios2eds/bin/gnu/h-x86_64-mingw32/bin/../lib/gcc/nios2-elf/5.3.0/../../../../../H-x86_64-mingw32/nios2-elf/lib/mno-hw-mul\libc.a(lib_a-makebuf.o)
 .text.__smakebuf_r
                0x0000000008008450      0x1bc c:/intelfpga_lite/18.1/nios2eds/bin/gnu/h-x86_64-mingw32/bin/../lib/gcc/nios2-elf/5.3.0/../../../../../H-x86_64-mingw32/nios2-elf/lib/mno-hw-mul\libc.a(lib_a-makebuf.o)
                0x0000000008008450                __smakebuf_r
 .text          0x000000000800860c        0x0 c:/intelfpga_lite/18.1/nios2eds/bin/gnu/h-x86_64-mingw32/bin/../lib/gcc/nios2-elf/5.3.0/../../../../../H-x86_64-mingw32/nios2-elf/lib/mno-hw-mul\libc.a(lib_a-mallocr.o)
 .text._malloc_r
                0x000000000800860c      0x80c c:/intelfpga_lite/18.1/nios2eds/bin/gnu/h-x86_64-mingw32/bin/../lib/gcc/nios2-elf/5.3.0/../../../../../H-x86_64-mingw32/nios2-elf/lib/mno-hw-mul\libc.a(lib_a-mallocr.o)
                0x000000000800860c                _malloc_r
 .text          0x0000000008008e18        0x0 c:/intelfpga_lite/18.1/nios2eds/bin/gnu/h-x86_64-mingw32/bin/../lib/gcc/nios2-elf/5.3.0/../../../../../H-x86_64-mingw32/nios2-elf/lib/mno-hw-mul\libc.a(lib_a-memchr.o)
 .text.memchr   0x0000000008008e18       0xe4 c:/intelfpga_lite/18.1/nios2eds/bin/gnu/h-x86_64-mingw32/bin/../lib/gcc/nios2-elf/5.3.0/../../../../../H-x86_64-mingw32/nios2-elf/lib/mno-hw-mul\libc.a(lib_a-memchr.o)
                0x0000000008008e18                memchr
 .text          0x0000000008008efc        0x0 c:/intelfpga_lite/18.1/nios2eds/bin/gnu/h-x86_64-mingw32/bin/../lib/gcc/nios2-elf/5.3.0/../../../../../H-x86_64-mingw32/nios2-elf/lib/mno-hw-mul\libc.a(lib_a-memmove.o)
 .text.memmove  0x0000000008008efc      0x15c c:/intelfpga_lite/18.1/nios2eds/bin/gnu/h-x86_64-mingw32/bin/../lib/gcc/nios2-elf/5.3.0/../../../../../H-x86_64-mingw32/nios2-elf/lib/mno-hw-mul\libc.a(lib_a-memmove.o)
                0x0000000008008efc                memmove
 .text          0x0000000008009058        0x0 c:/intelfpga_lite/18.1/nios2eds/bin/gnu/h-x86_64-mingw32/bin/../lib/gcc/nios2-elf/5.3.0/../../../../../H-x86_64-mingw32/nios2-elf/lib/mno-hw-mul\libc.a(lib_a-memset.o)
 .text.memset   0x0000000008009058      0x128 c:/intelfpga_lite/18.1/nios2eds/bin/gnu/h-x86_64-mingw32/bin/../lib/gcc/nios2-elf/5.3.0/../../../../../H-x86_64-mingw32/nios2-elf/lib/mno-hw-mul\libc.a(lib_a-memset.o)
                0x0000000008009058                memset
 .text          0x0000000008009180        0x0 c:/intelfpga_lite/18.1/nios2eds/bin/gnu/h-x86_64-mingw32/bin/../lib/gcc/nios2-elf/5.3.0/../../../../../H-x86_64-mingw32/nios2-elf/lib/mno-hw-mul\libc.a(lib_a-mprec.o)
 .text._Balloc  0x0000000008009180       0xa8 c:/intelfpga_lite/18.1/nios2eds/bin/gnu/h-x86_64-mingw32/bin/../lib/gcc/nios2-elf/5.3.0/../../../../../H-x86_64-mingw32/nios2-elf/lib/mno-hw-mul\libc.a(lib_a-mprec.o)
                0x0000000008009180                _Balloc
 .text._Bfree   0x0000000008009228       0x28 c:/intelfpga_lite/18.1/nios2eds/bin/gnu/h-x86_64-mingw32/bin/../lib/gcc/nios2-elf/5.3.0/../../../../../H-x86_64-mingw32/nios2-elf/lib/mno-hw-mul\libc.a(lib_a-mprec.o)
                0x0000000008009228                _Bfree
 .text.__multadd
                0x0000000008009250      0x148 c:/intelfpga_lite/18.1/nios2eds/bin/gnu/h-x86_64-mingw32/bin/../lib/gcc/nios2-elf/5.3.0/../../../../../H-x86_64-mingw32/nios2-elf/lib/mno-hw-mul\libc.a(lib_a-mprec.o)
                0x0000000008009250                __multadd
 .text.__s2b    0x0000000008009398      0x104 c:/intelfpga_lite/18.1/nios2eds/bin/gnu/h-x86_64-mingw32/bin/../lib/gcc/nios2-elf/5.3.0/../../../../../H-x86_64-mingw32/nios2-elf/lib/mno-hw-mul\libc.a(lib_a-mprec.o)
                0x0000000008009398                __s2b
 .text.__hi0bits
                0x000000000800949c       0x68 c:/intelfpga_lite/18.1/nios2eds/bin/gnu/h-x86_64-mingw32/bin/../lib/gcc/nios2-elf/5.3.0/../../../../../H-x86_64-mingw32/nios2-elf/lib/mno-hw-mul\libc.a(lib_a-mprec.o)
                0x000000000800949c                __hi0bits
 .text.__lo0bits
                0x0000000008009504       0xb0 c:/intelfpga_lite/18.1/nios2eds/bin/gnu/h-x86_64-mingw32/bin/../lib/gcc/nios2-elf/5.3.0/../../../../../H-x86_64-mingw32/nios2-elf/lib/mno-hw-mul\libc.a(lib_a-mprec.o)
                0x0000000008009504                __lo0bits
 .text.__i2b    0x00000000080095b4       0x3c c:/intelfpga_lite/18.1/nios2eds/bin/gnu/h-x86_64-mingw32/bin/../lib/gcc/nios2-elf/5.3.0/../../../../../H-x86_64-mingw32/nios2-elf/lib/mno-hw-mul\libc.a(lib_a-mprec.o)
                0x00000000080095b4                __i2b
 .text.__multiply
                0x00000000080095f0      0x28c c:/intelfpga_lite/18.1/nios2eds/bin/gnu/h-x86_64-mingw32/bin/../lib/gcc/nios2-elf/5.3.0/../../../../../H-x86_64-mingw32/nios2-elf/lib/mno-hw-mul\libc.a(lib_a-mprec.o)
                0x00000000080095f0                __multiply
 .text.__pow5mult
                0x000000000800987c      0x140 c:/intelfpga_lite/18.1/nios2eds/bin/gnu/h-x86_64-mingw32/bin/../lib/gcc/nios2-elf/5.3.0/../../../../../H-x86_64-mingw32/nios2-elf/lib/mno-hw-mul\libc.a(lib_a-mprec.o)
                0x000000000800987c                __pow5mult
 .text.__lshift
                0x00000000080099bc      0x148 c:/intelfpga_lite/18.1/nios2eds/bin/gnu/h-x86_64-mingw32/bin/../lib/gcc/nios2-elf/5.3.0/../../../../../H-x86_64-mingw32/nios2-elf/lib/mno-hw-mul\libc.a(lib_a-mprec.o)
                0x00000000080099bc                __lshift
 .text.__mcmp   0x0000000008009b04       0x60 c:/intelfpga_lite/18.1/nios2eds/bin/gnu/h-x86_64-mingw32/bin/../lib/gcc/nios2-elf/5.3.0/../../../../../H-x86_64-mingw32/nios2-elf/lib/mno-hw-mul\libc.a(lib_a-mprec.o)
                0x0000000008009b04                __mcmp
 .text.__mdiff  0x0000000008009b64      0x1fc c:/intelfpga_lite/18.1/nios2eds/bin/gnu/h-x86_64-mingw32/bin/../lib/gcc/nios2-elf/5.3.0/../../../../../H-x86_64-mingw32/nios2-elf/lib/mno-hw-mul\libc.a(lib_a-mprec.o)
                0x0000000008009b64                __mdiff
 .text.__ulp    0x0000000008009d60       0x64 c:/intelfpga_lite/18.1/nios2eds/bin/gnu/h-x86_64-mingw32/bin/../lib/gcc/nios2-elf/5.3.0/../../../../../H-x86_64-mingw32/nios2-elf/lib/mno-hw-mul\libc.a(lib_a-mprec.o)
                0x0000000008009d60                __ulp
 .text.__b2d    0x0000000008009dc4      0x10c c:/intelfpga_lite/18.1/nios2eds/bin/gnu/h-x86_64-mingw32/bin/../lib/gcc/nios2-elf/5.3.0/../../../../../H-x86_64-mingw32/nios2-elf/lib/mno-hw-mul\libc.a(lib_a-mprec.o)
                0x0000000008009dc4                __b2d
 .text.__d2b    0x0000000008009ed0      0x14c c:/intelfpga_lite/18.1/nios2eds/bin/gnu/h-x86_64-mingw32/bin/../lib/gcc/nios2-elf/5.3.0/../../../../../H-x86_64-mingw32/nios2-elf/lib/mno-hw-mul\libc.a(lib_a-mprec.o)
                0x0000000008009ed0                __d2b
 .text.__ratio  0x000000000800a01c       0xa4 c:/intelfpga_lite/18.1/nios2eds/bin/gnu/h-x86_64-mingw32/bin/../lib/gcc/nios2-elf/5.3.0/../../../../../H-x86_64-mingw32/nios2-elf/lib/mno-hw-mul\libc.a(lib_a-mprec.o)
                0x000000000800a01c                __ratio
 .text._mprec_log10
                0x000000000800a0c0       0x74 c:/intelfpga_lite/18.1/nios2eds/bin/gnu/h-x86_64-mingw32/bin/../lib/gcc/nios2-elf/5.3.0/../../../../../H-x86_64-mingw32/nios2-elf/lib/mno-hw-mul\libc.a(lib_a-mprec.o)
                0x000000000800a0c0                _mprec_log10
 .text.__copybits
                0x000000000800a134       0x78 c:/intelfpga_lite/18.1/nios2eds/bin/gnu/h-x86_64-mingw32/bin/../lib/gcc/nios2-elf/5.3.0/../../../../../H-x86_64-mingw32/nios2-elf/lib/mno-hw-mul\libc.a(lib_a-mprec.o)
                0x000000000800a134                __copybits
 .text.__any_on
                0x000000000800a1ac       0x8c c:/intelfpga_lite/18.1/nios2eds/bin/gnu/h-x86_64-mingw32/bin/../lib/gcc/nios2-elf/5.3.0/../../../../../H-x86_64-mingw32/nios2-elf/lib/mno-hw-mul\libc.a(lib_a-mprec.o)
                0x000000000800a1ac                __any_on
 .text          0x000000000800a238        0x0 c:/intelfpga_lite/18.1/nios2eds/bin/gnu/h-x86_64-mingw32/bin/../lib/gcc/nios2-elf/5.3.0/../../../../../H-x86_64-mingw32/nios2-elf/lib/mno-hw-mul\libc.a(lib_a-putc.o)
 .text._putc_r  0x000000000800a238       0xa0 c:/intelfpga_lite/18.1/nios2eds/bin/gnu/h-x86_64-mingw32/bin/../lib/gcc/nios2-elf/5.3.0/../../../../../H-x86_64-mingw32/nios2-elf/lib/mno-hw-mul\libc.a(lib_a-putc.o)
                0x000000000800a238                _putc_r
 .text.putc     0x000000000800a2d8       0xc8 c:/intelfpga_lite/18.1/nios2eds/bin/gnu/h-x86_64-mingw32/bin/../lib/gcc/nios2-elf/5.3.0/../../../../../H-x86_64-mingw32/nios2-elf/lib/mno-hw-mul\libc.a(lib_a-putc.o)
                0x000000000800a2d8                putc
 .text          0x000000000800a3a0        0x0 c:/intelfpga_lite/18.1/nios2eds/bin/gnu/h-x86_64-mingw32/bin/../lib/gcc/nios2-elf/5.3.0/../../../../../H-x86_64-mingw32/nios2-elf/lib/mno-hw-mul\libc.a(lib_a-reallocr.o)
 .text._realloc_r
                0x000000000800a3a0      0x564 c:/intelfpga_lite/18.1/nios2eds/bin/gnu/h-x86_64-mingw32/bin/../lib/gcc/nios2-elf/5.3.0/../../../../../H-x86_64-mingw32/nios2-elf/lib/mno-hw-mul\libc.a(lib_a-reallocr.o)
                0x000000000800a3a0                _realloc_r
 .text          0x000000000800a904        0x0 c:/intelfpga_lite/18.1/nios2eds/bin/gnu/h-x86_64-mingw32/bin/../lib/gcc/nios2-elf/5.3.0/../../../../../H-x86_64-mingw32/nios2-elf/lib/mno-hw-mul\libc.a(lib_a-s_fpclassify.o)
 .text.__fpclassifyd
                0x000000000800a904       0x74 c:/intelfpga_lite/18.1/nios2eds/bin/gnu/h-x86_64-mingw32/bin/../lib/gcc/nios2-elf/5.3.0/../../../../../H-x86_64-mingw32/nios2-elf/lib/mno-hw-mul\libc.a(lib_a-s_fpclassify.o)
                0x000000000800a904                __fpclassifyd
 .text          0x000000000800a978        0x0 c:/intelfpga_lite/18.1/nios2eds/bin/gnu/h-x86_64-mingw32/bin/../lib/gcc/nios2-elf/5.3.0/../../../../../H-x86_64-mingw32/nios2-elf/lib/mno-hw-mul\libc.a(lib_a-sbrkr.o)
 .text._sbrk_r  0x000000000800a978       0x54 c:/intelfpga_lite/18.1/nios2eds/bin/gnu/h-x86_64-mingw32/bin/../lib/gcc/nios2-elf/5.3.0/../../../../../H-x86_64-mingw32/nios2-elf/lib/mno-hw-mul\libc.a(lib_a-sbrkr.o)
                0x000000000800a978                _sbrk_r
 .text          0x000000000800a9cc        0x0 c:/intelfpga_lite/18.1/nios2eds/bin/gnu/h-x86_64-mingw32/bin/../lib/gcc/nios2-elf/5.3.0/../../../../../H-x86_64-mingw32/nios2-elf/lib/mno-hw-mul\libc.a(lib_a-stdio.o)
 .text.__sread  0x000000000800a9cc       0x54 c:/intelfpga_lite/18.1/nios2eds/bin/gnu/h-x86_64-mingw32/bin/../lib/gcc/nios2-elf/5.3.0/../../../../../H-x86_64-mingw32/nios2-elf/lib/mno-hw-mul\libc.a(lib_a-stdio.o)
                0x000000000800a9cc                __sread
 .text.__seofread
                0x000000000800aa20        0x8 c:/intelfpga_lite/18.1/nios2eds/bin/gnu/h-x86_64-mingw32/bin/../lib/gcc/nios2-elf/5.3.0/../../../../../H-x86_64-mingw32/nios2-elf/lib/mno-hw-mul\libc.a(lib_a-stdio.o)
                0x000000000800aa20                __seofread
 .text.__swrite
                0x000000000800aa28       0x7c c:/intelfpga_lite/18.1/nios2eds/bin/gnu/h-x86_64-mingw32/bin/../lib/gcc/nios2-elf/5.3.0/../../../../../H-x86_64-mingw32/nios2-elf/lib/mno-hw-mul\libc.a(lib_a-stdio.o)
                0x000000000800aa28                __swrite
 .text.__sseek  0x000000000800aaa4       0x5c c:/intelfpga_lite/18.1/nios2eds/bin/gnu/h-x86_64-mingw32/bin/../lib/gcc/nios2-elf/5.3.0/../../../../../H-x86_64-mingw32/nios2-elf/lib/mno-hw-mul\libc.a(lib_a-stdio.o)
                0x000000000800aaa4                __sseek
 .text.__sclose
                0x000000000800ab00        0x8 c:/intelfpga_lite/18.1/nios2eds/bin/gnu/h-x86_64-mingw32/bin/../lib/gcc/nios2-elf/5.3.0/../../../../../H-x86_64-mingw32/nios2-elf/lib/mno-hw-mul\libc.a(lib_a-stdio.o)
                0x000000000800ab00                __sclose
 .text          0x000000000800ab08        0x0 c:/intelfpga_lite/18.1/nios2eds/bin/gnu/h-x86_64-mingw32/bin/../lib/gcc/nios2-elf/5.3.0/../../../../../H-x86_64-mingw32/nios2-elf/lib/mno-hw-mul\libc.a(lib_a-strcmp.o)
 .text.strcmp   0x000000000800ab08       0xdc c:/intelfpga_lite/18.1/nios2eds/bin/gnu/h-x86_64-mingw32/bin/../lib/gcc/nios2-elf/5.3.0/../../../../../H-x86_64-mingw32/nios2-elf/lib/mno-hw-mul\libc.a(lib_a-strcmp.o)
                0x000000000800ab08                strcmp
 .text          0x000000000800abe4        0x0 c:/intelfpga_lite/18.1/nios2eds/bin/gnu/h-x86_64-mingw32/bin/../lib/gcc/nios2-elf/5.3.0/../../../../../H-x86_64-mingw32/nios2-elf/lib/mno-hw-mul\libc.a(lib_a-vfiprintf.o)
 .text.__sprint_r.part.0
                0x000000000800abe4       0xfc c:/intelfpga_lite/18.1/nios2eds/bin/gnu/h-x86_64-mingw32/bin/../lib/gcc/nios2-elf/5.3.0/../../../../../H-x86_64-mingw32/nios2-elf/lib/mno-hw-mul\libc.a(lib_a-vfiprintf.o)
 .text.__sprint_r
                0x000000000800ace0       0x18 c:/intelfpga_lite/18.1/nios2eds/bin/gnu/h-x86_64-mingw32/bin/../lib/gcc/nios2-elf/5.3.0/../../../../../H-x86_64-mingw32/nios2-elf/lib/mno-hw-mul\libc.a(lib_a-vfiprintf.o)
                0x000000000800ace0                __sprint_r
 .text.___vfiprintf_internal_r
                0x000000000800acf8     0x150c c:/intelfpga_lite/18.1/nios2eds/bin/gnu/h-x86_64-mingw32/bin/../lib/gcc/nios2-elf/5.3.0/../../../../../H-x86_64-mingw32/nios2-elf/lib/mno-hw-mul\libc.a(lib_a-vfiprintf.o)
                0x000000000800acf8                ___vfiprintf_internal_r
 .text.__vfiprintf_internal
                0x000000000800c204       0x1c c:/intelfpga_lite/18.1/nios2eds/bin/gnu/h-x86_64-mingw32/bin/../lib/gcc/nios2-elf/5.3.0/../../../../../H-x86_64-mingw32/nios2-elf/lib/mno-hw-mul\libc.a(lib_a-vfiprintf.o)
                0x000000000800c204                __vfiprintf_internal
 .text.__sbprintf
                0x000000000800c220       0xbc c:/intelfpga_lite/18.1/nios2eds/bin/gnu/h-x86_64-mingw32/bin/../lib/gcc/nios2-elf/5.3.0/../../../../../H-x86_64-mingw32/nios2-elf/lib/mno-hw-mul\libc.a(lib_a-vfiprintf.o)
 .text          0x000000000800c2dc        0x0 c:/intelfpga_lite/18.1/nios2eds/bin/gnu/h-x86_64-mingw32/bin/../lib/gcc/nios2-elf/5.3.0/../../../../../H-x86_64-mingw32/nios2-elf/lib/mno-hw-mul\libc.a(lib_a-wbuf.o)
 .text.__swbuf_r
                0x000000000800c2dc      0x140 c:/intelfpga_lite/18.1/nios2eds/bin/gnu/h-x86_64-mingw32/bin/../lib/gcc/nios2-elf/5.3.0/../../../../../H-x86_64-mingw32/nios2-elf/lib/mno-hw-mul\libc.a(lib_a-wbuf.o)
                0x000000000800c2dc                __swbuf_r
 .text.__swbuf  0x000000000800c41c       0x18 c:/intelfpga_lite/18.1/nios2eds/bin/gnu/h-x86_64-mingw32/bin/../lib/gcc/nios2-elf/5.3.0/../../../../../H-x86_64-mingw32/nios2-elf/lib/mno-hw-mul\libc.a(lib_a-wbuf.o)
                0x000000000800c41c                __swbuf
 .text          0x000000000800c434        0x0 c:/intelfpga_lite/18.1/nios2eds/bin/gnu/h-x86_64-mingw32/bin/../lib/gcc/nios2-elf/5.3.0/../../../../../H-x86_64-mingw32/nios2-elf/lib/mno-hw-mul\libc.a(lib_a-writer.o)
 .text._write_r
                0x000000000800c434       0x60 c:/intelfpga_lite/18.1/nios2eds/bin/gnu/h-x86_64-mingw32/bin/../lib/gcc/nios2-elf/5.3.0/../../../../../H-x86_64-mingw32/nios2-elf/lib/mno-hw-mul\libc.a(lib_a-writer.o)
                0x000000000800c434                _write_r
 .text          0x000000000800c494        0x0 c:/intelfpga_lite/18.1/nios2eds/bin/gnu/h-x86_64-mingw32/bin/../lib/gcc/nios2-elf/5.3.0/../../../../../H-x86_64-mingw32/nios2-elf/lib/mno-hw-mul\libc.a(closer.o)
 .text._close_r
                0x000000000800c494       0x54 c:/intelfpga_lite/18.1/nios2eds/bin/gnu/h-x86_64-mingw32/bin/../lib/gcc/nios2-elf/5.3.0/../../../../../H-x86_64-mingw32/nios2-elf/lib/mno-hw-mul\libc.a(closer.o)
                0x000000000800c494                _close_r
 .text          0x000000000800c4e8        0x0 c:/intelfpga_lite/18.1/nios2eds/bin/gnu/h-x86_64-mingw32/bin/../lib/gcc/nios2-elf/5.3.0/../../../../../H-x86_64-mingw32/nios2-elf/lib/mno-hw-mul\libc.a(lib_a-callocr.o)
 .text._calloc_r
                0x000000000800c4e8       0xdc c:/intelfpga_lite/18.1/nios2eds/bin/gnu/h-x86_64-mingw32/bin/../lib/gcc/nios2-elf/5.3.0/../../../../../H-x86_64-mingw32/nios2-elf/lib/mno-hw-mul\libc.a(lib_a-callocr.o)
                0x000000000800c4e8                _calloc_r
 .text          0x000000000800c5c4        0x0 c:/intelfpga_lite/18.1/nios2eds/bin/gnu/h-x86_64-mingw32/bin/../lib/gcc/nios2-elf/5.3.0/../../../../../H-x86_64-mingw32/nios2-elf/lib/mno-hw-mul\libc.a(lib_a-fclose.o)
 .text._fclose_r
                0x000000000800c5c4       0xf0 c:/intelfpga_lite/18.1/nios2eds/bin/gnu/h-x86_64-mingw32/bin/../lib/gcc/nios2-elf/5.3.0/../../../../../H-x86_64-mingw32/nios2-elf/lib/mno-hw-mul\libc.a(lib_a-fclose.o)
                0x000000000800c5c4                _fclose_r
 .text.fclose   0x000000000800c6b4       0x14 c:/intelfpga_lite/18.1/nios2eds/bin/gnu/h-x86_64-mingw32/bin/../lib/gcc/nios2-elf/5.3.0/../../../../../H-x86_64-mingw32/nios2-elf/lib/mno-hw-mul\libc.a(lib_a-fclose.o)
                0x000000000800c6b4                fclose
 .text          0x000000000800c6c8        0x0 c:/intelfpga_lite/18.1/nios2eds/bin/gnu/h-x86_64-mingw32/bin/../lib/gcc/nios2-elf/5.3.0/../../../../../H-x86_64-mingw32/nios2-elf/lib/mno-hw-mul\libc.a(lib_a-fputwc.o)
 .text.__fputwc
                0x000000000800c6c8      0x164 c:/intelfpga_lite/18.1/nios2eds/bin/gnu/h-x86_64-mingw32/bin/../lib/gcc/nios2-elf/5.3.0/../../../../../H-x86_64-mingw32/nios2-elf/lib/mno-hw-mul\libc.a(lib_a-fputwc.o)
                0x000000000800c6c8                __fputwc
 .text._fputwc_r
                0x000000000800c82c       0x24 c:/intelfpga_lite/18.1/nios2eds/bin/gnu/h-x86_64-mingw32/bin/../lib/gcc/nios2-elf/5.3.0/../../../../../H-x86_64-mingw32/nios2-elf/lib/mno-hw-mul\libc.a(lib_a-fputwc.o)
                0x000000000800c82c                _fputwc_r
 .text.fputwc   0x000000000800c850       0x80 c:/intelfpga_lite/18.1/nios2eds/bin/gnu/h-x86_64-mingw32/bin/../lib/gcc/nios2-elf/5.3.0/../../../../../H-x86_64-mingw32/nios2-elf/lib/mno-hw-mul\libc.a(lib_a-fputwc.o)
                0x000000000800c850                fputwc
 .text          0x000000000800c8d0        0x0 c:/intelfpga_lite/18.1/nios2eds/bin/gnu/h-x86_64-mingw32/bin/../lib/gcc/nios2-elf/5.3.0/../../../../../H-x86_64-mingw32/nios2-elf/lib/mno-hw-mul\libc.a(lib_a-fstatr.o)
 .text._fstat_r
                0x000000000800c8d0       0x5c c:/intelfpga_lite/18.1/nios2eds/bin/gnu/h-x86_64-mingw32/bin/../lib/gcc/nios2-elf/5.3.0/../../../../../H-x86_64-mingw32/nios2-elf/lib/mno-hw-mul\libc.a(lib_a-fstatr.o)
                0x000000000800c8d0                _fstat_r
 .text          0x000000000800c92c        0x0 c:/intelfpga_lite/18.1/nios2eds/bin/gnu/h-x86_64-mingw32/bin/../lib/gcc/nios2-elf/5.3.0/../../../../../H-x86_64-mingw32/nios2-elf/lib/mno-hw-mul\libc.a(lib_a-int_errno.o)
 .text          0x000000000800c92c        0x0 c:/intelfpga_lite/18.1/nios2eds/bin/gnu/h-x86_64-mingw32/bin/../lib/gcc/nios2-elf/5.3.0/../../../../../H-x86_64-mingw32/nios2-elf/lib/mno-hw-mul\libc.a(lib_a-isattyr.o)
 .text._isatty_r
                0x000000000800c92c       0x54 c:/intelfpga_lite/18.1/nios2eds/bin/gnu/h-x86_64-mingw32/bin/../lib/gcc/nios2-elf/5.3.0/../../../../../H-x86_64-mingw32/nios2-elf/lib/mno-hw-mul\libc.a(lib_a-isattyr.o)
                0x000000000800c92c                _isatty_r
 .text          0x000000000800c980        0x0 c:/intelfpga_lite/18.1/nios2eds/bin/gnu/h-x86_64-mingw32/bin/../lib/gcc/nios2-elf/5.3.0/../../../../../H-x86_64-mingw32/nios2-elf/lib/mno-hw-mul\libc.a(lib_a-lseekr.o)
 .text._lseek_r
                0x000000000800c980       0x60 c:/intelfpga_lite/18.1/nios2eds/bin/gnu/h-x86_64-mingw32/bin/../lib/gcc/nios2-elf/5.3.0/../../../../../H-x86_64-mingw32/nios2-elf/lib/mno-hw-mul\libc.a(lib_a-lseekr.o)
                0x000000000800c980                _lseek_r
 .text          0x000000000800c9e0        0x0 c:/intelfpga_lite/18.1/nios2eds/bin/gnu/h-x86_64-mingw32/bin/../lib/gcc/nios2-elf/5.3.0/../../../../../H-x86_64-mingw32/nios2-elf/lib/mno-hw-mul\libc.a(lib_a-readr.o)
 .text._read_r  0x000000000800c9e0       0x60 c:/intelfpga_lite/18.1/nios2eds/bin/gnu/h-x86_64-mingw32/bin/../lib/gcc/nios2-elf/5.3.0/../../../../../H-x86_64-mingw32/nios2-elf/lib/mno-hw-mul\libc.a(lib_a-readr.o)
                0x000000000800c9e0                _read_r
 .text          0x000000000800ca40        0x0 c:/intelfpga_lite/18.1/nios2eds/bin/gnu/h-x86_64-mingw32/bin/../lib/gcc/nios2-elf/5.3.0/../../../../../H-x86_64-mingw32/nios2-elf/lib/mno-hw-mul\libc.a(lib_a-wcrtomb.o)
 .text._wcrtomb_r
                0x000000000800ca40       0x9c c:/intelfpga_lite/18.1/nios2eds/bin/gnu/h-x86_64-mingw32/bin/../lib/gcc/nios2-elf/5.3.0/../../../../../H-x86_64-mingw32/nios2-elf/lib/mno-hw-mul\libc.a(lib_a-wcrtomb.o)
                0x000000000800ca40                _wcrtomb_r
 .text.wcrtomb  0x000000000800cadc       0xc0 c:/intelfpga_lite/18.1/nios2eds/bin/gnu/h-x86_64-mingw32/bin/../lib/gcc/nios2-elf/5.3.0/../../../../../H-x86_64-mingw32/nios2-elf/lib/mno-hw-mul\libc.a(lib_a-wcrtomb.o)
                0x000000000800cadc                wcrtomb
 .text          0x000000000800cb9c        0x0 c:/intelfpga_lite/18.1/nios2eds/bin/gnu/h-x86_64-mingw32/bin/../lib/gcc/nios2-elf/5.3.0/../../../../../H-x86_64-mingw32/nios2-elf/lib/mno-hw-mul\libc.a(lib_a-wctomb_r.o)
 .text.__ascii_wctomb
                0x000000000800cb9c       0x30 c:/intelfpga_lite/18.1/nios2eds/bin/gnu/h-x86_64-mingw32/bin/../lib/gcc/nios2-elf/5.3.0/../../../../../H-x86_64-mingw32/nios2-elf/lib/mno-hw-mul\libc.a(lib_a-wctomb_r.o)
                0x000000000800cb9c                __ascii_wctomb
 .text._wctomb_r
                0x000000000800cbcc       0x5c c:/intelfpga_lite/18.1/nios2eds/bin/gnu/h-x86_64-mingw32/bin/../lib/gcc/nios2-elf/5.3.0/../../../../../H-x86_64-mingw32/nios2-elf/lib/mno-hw-mul\libc.a(lib_a-wctomb_r.o)
                0x000000000800cbcc                _wctomb_r
 .text          0x000000000800cc28      0x5fc c:/intelfpga_lite/18.1/nios2eds/bin/gnu/h-x86_64-mingw32/bin/../lib/gcc/nios2-elf/5.3.0/mno-hw-mul\libgcc.a(_udivdi3.o)
                0x000000000800cc28                __udivdi3
 .text          0x000000000800d224      0x5c4 c:/intelfpga_lite/18.1/nios2eds/bin/gnu/h-x86_64-mingw32/bin/../lib/gcc/nios2-elf/5.3.0/mno-hw-mul\libgcc.a(_umoddi3.o)
                0x000000000800d224                __umoddi3
 .text          0x000000000800d7e8      0x8ac c:/intelfpga_lite/18.1/nios2eds/bin/gnu/h-x86_64-mingw32/bin/../lib/gcc/nios2-elf/5.3.0/mno-hw-mul\libgcc.a(adddf3.o)
                0x000000000800d7e8                __adddf3
 .text          0x000000000800e094      0x9d0 c:/intelfpga_lite/18.1/nios2eds/bin/gnu/h-x86_64-mingw32/bin/../lib/gcc/nios2-elf/5.3.0/mno-hw-mul\libgcc.a(divdf3.o)
                0x000000000800e094                __divdf3
 .text          0x000000000800ea64       0x88 c:/intelfpga_lite/18.1/nios2eds/bin/gnu/h-x86_64-mingw32/bin/../lib/gcc/nios2-elf/5.3.0/mno-hw-mul\libgcc.a(eqdf2.o)
                0x000000000800ea64                __nedf2
                0x000000000800ea64                __eqdf2
 .text          0x000000000800eaec       0xdc c:/intelfpga_lite/18.1/nios2eds/bin/gnu/h-x86_64-mingw32/bin/../lib/gcc/nios2-elf/5.3.0/mno-hw-mul\libgcc.a(gedf2.o)
                0x000000000800eaec                __gedf2
                0x000000000800eaec                __gtdf2
 .text          0x000000000800ebc8       0xf4 c:/intelfpga_lite/18.1/nios2eds/bin/gnu/h-x86_64-mingw32/bin/../lib/gcc/nios2-elf/5.3.0/mno-hw-mul\libgcc.a(ledf2.o)
                0x000000000800ebc8                __ledf2
                0x000000000800ebc8                __ltdf2
 .text          0x000000000800ecbc      0x86c c:/intelfpga_lite/18.1/nios2eds/bin/gnu/h-x86_64-mingw32/bin/../lib/gcc/nios2-elf/5.3.0/mno-hw-mul\libgcc.a(muldf3.o)
                0x000000000800ecbc                __muldf3
 .text          0x000000000800f528      0x8fc c:/intelfpga_lite/18.1/nios2eds/bin/gnu/h-x86_64-mingw32/bin/../lib/gcc/nios2-elf/5.3.0/mno-hw-mul\libgcc.a(subdf3.o)
                0x000000000800f528                __subdf3
 .text          0x000000000800fe24       0x80 c:/intelfpga_lite/18.1/nios2eds/bin/gnu/h-x86_64-mingw32/bin/../lib/gcc/nios2-elf/5.3.0/mno-hw-mul\libgcc.a(fixdfsi.o)
                0x000000000800fe24                __fixdfsi
 .text          0x000000000800fea4       0xdc c:/intelfpga_lite/18.1/nios2eds/bin/gnu/h-x86_64-mingw32/bin/../lib/gcc/nios2-elf/5.3.0/mno-hw-mul\libgcc.a(floatsidf.o)
                0x000000000800fea4                __floatsidf
 .text          0x000000000800ff80       0xa8 c:/intelfpga_lite/18.1/nios2eds/bin/gnu/h-x86_64-mingw32/bin/../lib/gcc/nios2-elf/5.3.0/mno-hw-mul\libgcc.a(floatunsidf.o)
                0x000000000800ff80                __floatunsidf
 .text          0x0000000008010028        0x0 c:/intelfpga_lite/18.1/nios2eds/bin/gnu/h-x86_64-mingw32/bin/../lib/gcc/nios2-elf/5.3.0/mno-hw-mul\libgcc.a(_clz.o)
 .text          0x0000000008010028       0x64 c:/intelfpga_lite/18.1/nios2eds/bin/gnu/h-x86_64-mingw32/bin/../lib/gcc/nios2-elf/5.3.0/mno-hw-mul\libgcc.a(_clzsi2.o)
                0x0000000008010028                __clzsi2
 .text          0x000000000801008c      0x114 ../NES_NIOSII_bsp/\libhal_bsp.a(alt_close.o)
                0x00000000080100c8                close
 .text          0x00000000080101a0       0x2c ../NES_NIOSII_bsp/\libhal_bsp.a(alt_dev.o)
 .text          0x00000000080101cc        0x0 ../NES_NIOSII_bsp/\libhal_bsp.a(alt_errno.o)
 .text          0x00000000080101cc       0xf4 ../NES_NIOSII_bsp/\libhal_bsp.a(alt_fstat.o)
                0x0000000008010208                fstat
 .text          0x00000000080102c0       0xe8 ../NES_NIOSII_bsp/\libhal_bsp.a(alt_isatty.o)
                0x00000000080102fc                isatty
 .text          0x00000000080103a8       0xec ../NES_NIOSII_bsp/\libhal_bsp.a(alt_load.o)
                0x0000000008010410                alt_load
 .text          0x0000000008010494      0x118 ../NES_NIOSII_bsp/\libhal_bsp.a(alt_lseek.o)
                0x00000000080104d0                lseek
 .text          0x00000000080105ac       0x7c ../NES_NIOSII_bsp/\libhal_bsp.a(alt_main.o)
                0x00000000080105ac                alt_main
 .text          0x0000000008010628       0x48 ../NES_NIOSII_bsp/\libhal_bsp.a(alt_malloc_lock.o)
                0x0000000008010628                __malloc_lock
                0x000000000801064c                __malloc_unlock
 .text          0x0000000008010670      0x140 ../NES_NIOSII_bsp/\libhal_bsp.a(alt_read.o)
                0x00000000080106ac                read
 .text          0x00000000080107b0       0x84 ../NES_NIOSII_bsp/\libhal_bsp.a(alt_release_fd.o)
                0x00000000080107b0                alt_release_fd
 .text          0x0000000008010834       0xb0 ../NES_NIOSII_bsp/\libhal_bsp.a(alt_sbrk.o)
                0x0000000008010834                sbrk
 .text          0x00000000080108e4      0x1a4 ../NES_NIOSII_bsp/\libhal_bsp.a(alt_tick.o)
                0x00000000080108e4                alt_alarm_stop
                0x0000000008010980                alt_tick
 .text          0x0000000008010a88       0x30 ../NES_NIOSII_bsp/\libhal_bsp.a(alt_usleep.o)
                0x0000000008010a88                usleep
 .text          0x0000000008010ab8      0x13c ../NES_NIOSII_bsp/\libhal_bsp.a(alt_write.o)
                0x0000000008010af4                write
 .text          0x0000000008010bf4       0xdc ../NES_NIOSII_bsp/\libhal_bsp.a(alt_sys_init.o)
                0x0000000008010c28                alt_irq_init
                0x0000000008010c60                alt_sys_init
 .text          0x0000000008010cd0     0x1c18 ../NES_NIOSII_bsp/\libhal_bsp.a(altera_avalon_i2c.o)
                0x0000000008010de0                alt_avalon_i2c_register_optional_irq_handler
                0x0000000008010ecc                alt_avalon_i2c_register_callback
                0x0000000008010f20                alt_avalon_i2c_init
                0x000000000801100c                alt_avalon_i2c_open
                0x000000000801104c                alt_avalon_i2c_enable
                0x00000000080110e4                alt_avalon_i2c_disable
                0x0000000008011130                alt_avalon_i2c_master_config_get
                0x00000000080111e0                alt_avalon_i2c_master_config_set
                0x00000000080112ac                alt_avalon_i2c_master_config_speed_get
                0x0000000008011340                alt_avalon_i2c_master_config_speed_set
                0x000000000801143c                alt_avalon_i2c_is_busy
                0x0000000008011480                alt_avalon_i2c_rx_read_available
                0x0000000008011528                alt_avalon_i2c_rx_read
                0x00000000080115d0                alt_avalon_i2c_cmd_write
                0x00000000080116b4                alt_avalon_i2c_send_address
                0x00000000080117a4                alt_avalon_i2c_master_target_get
                0x00000000080117dc                alt_avalon_i2c_master_target_set
                0x0000000008011810                alt_avalon_i2c_check_nack
                0x000000000801185c                alt_avalon_i2c_check_arblost
                0x00000000080118a8                alt_avalon_i2c_interrupt_transaction_status
                0x00000000080119e4                alt_avalon_i2c_master_tx
                0x0000000008011acc                alt_avalon_i2c_master_rx
                0x0000000008011c08                alt_avalon_i2c_master_tx_rx
                0x0000000008011dd0                alt_avalon_i2c_master_transmit
                0x0000000008011f90                alt_avalon_i2c_master_transmit_using_interrupts
                0x000000000801219c                alt_avalon_i2c_master_receive
                0x00000000080123ac                alt_avalon_i2c_master_receive_using_interrupts
                0x000000000801259c                alt_avalon_i2c_int_status_get
                0x00000000080125f4                alt_avalon_i2c_int_raw_status_get
                0x0000000008012638                alt_avalon_i2c_int_clear
                0x0000000008012674                alt_avalon_i2c_int_disable
                0x00000000080126dc                alt_avalon_i2c_int_enable
                0x0000000008012740                alt_avalon_i2c_enabled_ints_get
                0x0000000008012784                alt_avalon_i2c_rx_fifo_threshold_get
                0x00000000080127d0                alt_avalon_i2c_rx_fifo_threshold_set
                0x0000000008012834                alt_avalon_i2c_tfr_cmd_fifo_threshold_get
                0x0000000008012880                alt_avalon_i2c_tfr_cmd_fifo_threshold_set
 .text          0x00000000080128e8      0x164 ../NES_NIOSII_bsp/\libhal_bsp.a(altera_avalon_jtag_uart_fd.o)
                0x00000000080128e8                altera_avalon_jtag_uart_read_fd
                0x0000000008012948                altera_avalon_jtag_uart_write_fd
                0x00000000080129a8                altera_avalon_jtag_uart_close_fd
                0x00000000080129f8                altera_avalon_jtag_uart_ioctl_fd
 .text          0x0000000008012a4c      0x3d4 ../NES_NIOSII_bsp/\libhal_bsp.a(altera_avalon_jtag_uart_init.o)
                0x0000000008012a4c                altera_avalon_jtag_uart_init
                0x0000000008012db8                altera_avalon_jtag_uart_close
 .text          0x0000000008012e20       0xf0 ../NES_NIOSII_bsp/\libhal_bsp.a(altera_avalon_jtag_uart_ioctl.o)
                0x0000000008012e20                altera_avalon_jtag_uart_ioctl
 .text          0x0000000008012f10      0x21c ../NES_NIOSII_bsp/\libhal_bsp.a(altera_avalon_jtag_uart_read.o)
                0x0000000008012f10                altera_avalon_jtag_uart_read
 .text          0x000000000801312c      0x224 ../NES_NIOSII_bsp/\libhal_bsp.a(altera_avalon_jtag_uart_write.o)
                0x000000000801312c                altera_avalon_jtag_uart_write
 .text          0x0000000008013350      0x1fc ../NES_NIOSII_bsp/\libhal_bsp.a(altera_avalon_spi.o)
                0x0000000008013350                alt_avalon_spi_command
 .text          0x000000000801354c       0xf4 ../NES_NIOSII_bsp/\libhal_bsp.a(altera_avalon_timer_sc.o)
                0x00000000080135c4                alt_avalon_timer_sc_init
 .text          0x0000000008013640      0x12c ../NES_NIOSII_bsp/\libhal_bsp.a(alt_alarm_start.o)
                0x0000000008013640                alt_alarm_start
 .text          0x000000000801376c      0x158 ../NES_NIOSII_bsp/\libhal_bsp.a(alt_busy_sleep.o)
                0x000000000801376c                alt_busy_sleep
 .text          0x00000000080138c4       0x20 ../NES_NIOSII_bsp/\libhal_bsp.a(alt_dcache_flush_all.o)
                0x00000000080138c4                alt_dcache_flush_all
 .text          0x00000000080138e4       0xe0 ../NES_NIOSII_bsp/\libhal_bsp.a(alt_dev_llist_insert.o)
                0x0000000008013920                alt_dev_llist_insert
 .text          0x00000000080139c4       0x60 ../NES_NIOSII_bsp/\libhal_bsp.a(alt_do_ctors.o)
                0x00000000080139c4                _do_ctors
 .text          0x0000000008013a24       0x60 ../NES_NIOSII_bsp/\libhal_bsp.a(alt_do_dtors.o)
                0x0000000008013a24                _do_dtors
 .text          0x0000000008013a84       0x90 ../NES_NIOSII_bsp/\libhal_bsp.a(alt_find_dev.o)
                0x0000000008013a84                alt_find_dev
 .text          0x0000000008013b14       0x20 ../NES_NIOSII_bsp/\libhal_bsp.a(alt_icache_flush_all.o)
                0x0000000008013b14                alt_icache_flush_all
 .text          0x0000000008013b34      0x1b0 ../NES_NIOSII_bsp/\libhal_bsp.a(alt_iic.o)
                0x0000000008013b34                alt_ic_isr_register
                0x0000000008013b84                alt_ic_irq_enable
                0x0000000008013c0c                alt_ic_irq_disable
                0x0000000008013c98                alt_ic_irq_enabled
 .text          0x0000000008013ce4       0xf0 ../NES_NIOSII_bsp/\libhal_bsp.a(alt_iic_isr_register.o)
                0x0000000008013ce4                alt_iic_isr_register
 .text          0x0000000008013dd4      0x160 ../NES_NIOSII_bsp/\libhal_bsp.a(alt_io_redirect.o)
                0x0000000008013eb8                alt_io_redirect
 .text          0x0000000008013f34        0x0 ../NES_NIOSII_bsp/\libhal_bsp.a(alt_irq_entry.o)
 .text          0x0000000008013f34        0x0 ../NES_NIOSII_bsp/\libhal_bsp.a(alt_irq_handler.o)
 .text          0x0000000008013f34        0x0 ../NES_NIOSII_bsp/\libhal_bsp.a(alt_irq_vars.o)
 .text          0x0000000008013f34      0x284 ../NES_NIOSII_bsp/\libhal_bsp.a(alt_open.o)
                0x000000000801405c                open
 .text          0x00000000080141b8      0x22c ../NES_NIOSII_bsp/\libhal_bsp.a(alt_printf.o)
                0x00000000080141b8                alt_printf
 .text          0x00000000080143e4       0x3c ../NES_NIOSII_bsp/\libhal_bsp.a(alt_putchar.o)
                0x00000000080143e4                alt_putchar
 .text          0x0000000008014420       0x24 ../NES_NIOSII_bsp/\libhal_bsp.a(altera_nios2_gen2_irq.o)
                0x0000000008014420                altera_nios2_gen2_irq_init
 .text          0x0000000008014444        0x0 ../NES_NIOSII_bsp/\libhal_bsp.a(alt_exception_entry.o)
 .text          0x0000000008014444      0x108 ../NES_NIOSII_bsp/\libhal_bsp.a(alt_find_file.o)
                0x0000000008014444                alt_find_file
 .text          0x000000000801454c       0xc4 ../NES_NIOSII_bsp/\libhal_bsp.a(alt_get_fd.o)
                0x000000000801454c                alt_get_fd
 .text          0x0000000008014610       0x9c ../NES_NIOSII_bsp/\libhal_bsp.a(alt_instruction_exception_entry.o)
                0x0000000008014610                alt_exception_cause_generated_bad_addr
 .text          0x00000000080146ac        0x0 c:/intelfpga_lite/18.1/nios2eds/bin/gnu/h-x86_64-mingw32/bin/../lib/gcc/nios2-elf/5.3.0/../../../../../H-x86_64-mingw32/nios2-elf/lib/mno-hw-mul\libc.a(lib_a-atexit.o)
 .text.atexit   0x00000000080146ac       0x14 c:/intelfpga_lite/18.1/nios2eds/bin/gnu/h-x86_64-mingw32/bin/../lib/gcc/nios2-elf/5.3.0/../../../../../H-x86_64-mingw32/nios2-elf/lib/mno-hw-mul\libc.a(lib_a-atexit.o)
                0x00000000080146ac                atexit
 .text          0x00000000080146c0        0x0 c:/intelfpga_lite/18.1/nios2eds/bin/gnu/h-x86_64-mingw32/bin/../lib/gcc/nios2-elf/5.3.0/../../../../../H-x86_64-mingw32/nios2-elf/lib/mno-hw-mul\libc.a(lib_a-exit.o)
 .text.exit     0x00000000080146c0       0x38 c:/intelfpga_lite/18.1/nios2eds/bin/gnu/h-x86_64-mingw32/bin/../lib/gcc/nios2-elf/5.3.0/../../../../../H-x86_64-mingw32/nios2-elf/lib/mno-hw-mul\libc.a(lib_a-exit.o)
                0x00000000080146c0                exit
 .text          0x00000000080146f8        0x0 c:/intelfpga_lite/18.1/nios2eds/bin/gnu/h-x86_64-mingw32/bin/../lib/gcc/nios2-elf/5.3.0/../../../../../H-x86_64-mingw32/nios2-elf/lib/mno-hw-mul\libc.a(lib_a-memcmp.o)
 .text.memcmp   0x00000000080146f8       0x7c c:/intelfpga_lite/18.1/nios2eds/bin/gnu/h-x86_64-mingw32/bin/../lib/gcc/nios2-elf/5.3.0/../../../../../H-x86_64-mingw32/nios2-elf/lib/mno-hw-mul\libc.a(lib_a-memcmp.o)
                0x00000000080146f8                memcmp
 .text          0x0000000008014774        0x0 c:/intelfpga_lite/18.1/nios2eds/bin/gnu/h-x86_64-mingw32/bin/../lib/gcc/nios2-elf/5.3.0/../../../../../H-x86_64-mingw32/nios2-elf/lib/mno-hw-mul\libc.a(lib_a-__atexit.o)
 .text.__register_exitproc
                0x0000000008014774      0x118 c:/intelfpga_lite/18.1/nios2eds/bin/gnu/h-x86_64-mingw32/bin/../lib/gcc/nios2-elf/5.3.0/../../../../../H-x86_64-mingw32/nios2-elf/lib/mno-hw-mul\libc.a(lib_a-__atexit.o)
                0x0000000008014774                __register_exitproc
 .text          0x000000000801488c        0x0 c:/intelfpga_lite/18.1/nios2eds/bin/gnu/h-x86_64-mingw32/bin/../lib/gcc/nios2-elf/5.3.0/../../../../../H-x86_64-mingw32/nios2-elf/lib/mno-hw-mul\libc.a(lib_a-__call_atexit.o)
 .text.__call_exitprocs
                0x000000000801488c      0x180 c:/intelfpga_lite/18.1/nios2eds/bin/gnu/h-x86_64-mingw32/bin/../lib/gcc/nios2-elf/5.3.0/../../../../../H-x86_64-mingw32/nios2-elf/lib/mno-hw-mul\libc.a(lib_a-__call_atexit.o)
                0x000000000801488c                __call_exitprocs
 .text          0x0000000008014a0c       0x34 ../NES_NIOSII_bsp/\libhal_bsp.a(alt_exit.o)
                0x0000000008014a0c                _exit
 *(.gnu.warning.*)
 *(.fini)
                [!provide]                        PROVIDE (__etext, ABSOLUTE (.))
                [!provide]                        PROVIDE (_etext, ABSOLUTE (.))
                [!provide]                        PROVIDE (etext, ABSOLUTE (.))
 *(.eh_frame_hdr)
                0x0000000008014a40                . = ALIGN (0x4)
                [!provide]                        PROVIDE (__preinit_array_start, ABSOLUTE (.))
 *(.preinit_array)
                [!provide]                        PROVIDE (__preinit_array_end, ABSOLUTE (.))
                [!provide]                        PROVIDE (__init_array_start, ABSOLUTE (.))
 *(.init_array)
                [!provide]                        PROVIDE (__init_array_end, ABSOLUTE (.))
                [!provide]                        PROVIDE (__fini_array_start, ABSOLUTE (.))
 *(.fini_array)
                [!provide]                        PROVIDE (__fini_array_end, ABSOLUTE (.))
 *(.eh_frame)
 *(.gcc_except_table .gcc_except_table.*)
 *(.dynamic)
                0x0000000008014a40                PROVIDE (__CTOR_LIST__, ABSOLUTE (.))
 *(.ctors)
 *(SORT(.ctors.*))
                0x0000000008014a40                PROVIDE (__CTOR_END__, ABSOLUTE (.))
                0x0000000008014a40                PROVIDE (__DTOR_LIST__, ABSOLUTE (.))
 *(.dtors)
 *(SORT(.dtors.*))
                0x0000000008014a40                PROVIDE (__DTOR_END__, ABSOLUTE (.))
 *(.jcr)
                0x0000000008014a40                . = ALIGN (0x4)

.rodata         0x0000000008014a40     0x66a4
                0x0000000008014a40                PROVIDE (__ram_rodata_start, ABSOLUTE (.))
                0x0000000008014a40                . = ALIGN (0x4)
 *(.rodata .rodata.* .gnu.linkonce.r.*)
 .rodata        0x0000000008014a40     0x61fd obj/default/main.o
                0x0000000008014a40                prg_rom_data
                0x0000000008018a40                chr_rom_data
                0x000000000801aa7c                devclasses
 *fill*         0x000000000801ac3d        0x3 
 .rodata        0x000000000801ac40       0x20 obj/default/sgtl5000/sgtl5000.o
 .rodata        0x000000000801ac60      0x125 obj/default/usb_kb/MAX3421E.o
 *fill*         0x000000000801ad85        0x3 
 .rodata        0x000000000801ad88       0x30 obj/default/usb_kb/transfer.o
 .rodata.str1.4
                0x000000000801adb8        0x2 c:/intelfpga_lite/18.1/nios2eds/bin/gnu/h-x86_64-mingw32/bin/../lib/gcc/nios2-elf/5.3.0/../../../../../H-x86_64-mingw32/nios2-elf/lib/mno-hw-mul\libc.a(lib_a-puts.o)
 *fill*         0x000000000801adba        0x2 
 .rodata.str1.4
                0x000000000801adbc       0x42 c:/intelfpga_lite/18.1/nios2eds/bin/gnu/h-x86_64-mingw32/bin/../lib/gcc/nios2-elf/5.3.0/../../../../../H-x86_64-mingw32/nios2-elf/lib/mno-hw-mul\libc.a(lib_a-vfprintf.o)
 .rodata.zeroes.4404
                0x000000000801adfe       0x10 c:/intelfpga_lite/18.1/nios2eds/bin/gnu/h-x86_64-mingw32/bin/../lib/gcc/nios2-elf/5.3.0/../../../../../H-x86_64-mingw32/nios2-elf/lib/mno-hw-mul\libc.a(lib_a-vfprintf.o)
 .rodata.blanks.4403
                0x000000000801ae0e       0x10 c:/intelfpga_lite/18.1/nios2eds/bin/gnu/h-x86_64-mingw32/bin/../lib/gcc/nios2-elf/5.3.0/../../../../../H-x86_64-mingw32/nios2-elf/lib/mno-hw-mul\libc.a(lib_a-vfprintf.o)
 *fill*         0x000000000801ae1e        0x2 
 .rodata.str1.4
                0x000000000801ae20       0x10 c:/intelfpga_lite/18.1/nios2eds/bin/gnu/h-x86_64-mingw32/bin/../lib/gcc/nios2-elf/5.3.0/../../../../../H-x86_64-mingw32/nios2-elf/lib/mno-hw-mul\libc.a(lib_a-dtoa.o)
                                         0x12 (size before relaxing)
 .rodata.str1.4
                0x000000000801ae30        0x2 c:/intelfpga_lite/18.1/nios2eds/bin/gnu/h-x86_64-mingw32/bin/../lib/gcc/nios2-elf/5.3.0/../../../../../H-x86_64-mingw32/nios2-elf/lib/mno-hw-mul\libc.a(lib_a-impure.o)
 *fill*         0x000000000801ae32        0x2 
 .rodata.str1.4
                0x000000000801ae34        0xc c:/intelfpga_lite/18.1/nios2eds/bin/gnu/h-x86_64-mingw32/bin/../lib/gcc/nios2-elf/5.3.0/../../../../../H-x86_64-mingw32/nios2-elf/lib/mno-hw-mul\libc.a(lib_a-locale.o)
                                         0x12 (size before relaxing)
 .rodata.p05.2768
                0x000000000801ae40        0xc c:/intelfpga_lite/18.1/nios2eds/bin/gnu/h-x86_64-mingw32/bin/../lib/gcc/nios2-elf/5.3.0/../../../../../H-x86_64-mingw32/nios2-elf/lib/mno-hw-mul\libc.a(lib_a-mprec.o)
 .rodata.__mprec_tinytens
                0x000000000801ae4c       0x28 c:/intelfpga_lite/18.1/nios2eds/bin/gnu/h-x86_64-mingw32/bin/../lib/gcc/nios2-elf/5.3.0/../../../../../H-x86_64-mingw32/nios2-elf/lib/mno-hw-mul\libc.a(lib_a-mprec.o)
                0x000000000801ae4c                __mprec_tinytens
 .rodata.__mprec_bigtens
                0x000000000801ae74       0x28 c:/intelfpga_lite/18.1/nios2eds/bin/gnu/h-x86_64-mingw32/bin/../lib/gcc/nios2-elf/5.3.0/../../../../../H-x86_64-mingw32/nios2-elf/lib/mno-hw-mul\libc.a(lib_a-mprec.o)
                0x000000000801ae74                __mprec_bigtens
 .rodata.__mprec_tens
                0x000000000801ae9c       0xc8 c:/intelfpga_lite/18.1/nios2eds/bin/gnu/h-x86_64-mingw32/bin/../lib/gcc/nios2-elf/5.3.0/../../../../../H-x86_64-mingw32/nios2-elf/lib/mno-hw-mul\libc.a(lib_a-mprec.o)
                0x000000000801ae9c                __mprec_tens
 .rodata.str1.4
                0x000000000801af64       0x2f c:/intelfpga_lite/18.1/nios2eds/bin/gnu/h-x86_64-mingw32/bin/../lib/gcc/nios2-elf/5.3.0/../../../../../H-x86_64-mingw32/nios2-elf/lib/mno-hw-mul\libc.a(lib_a-vfiprintf.o)
 .rodata.zeroes.4349
                0x000000000801af64       0x10 c:/intelfpga_lite/18.1/nios2eds/bin/gnu/h-x86_64-mingw32/bin/../lib/gcc/nios2-elf/5.3.0/../../../../../H-x86_64-mingw32/nios2-elf/lib/mno-hw-mul\libc.a(lib_a-vfiprintf.o)
 .rodata.blanks.4348
                0x000000000801af74       0x10 c:/intelfpga_lite/18.1/nios2eds/bin/gnu/h-x86_64-mingw32/bin/../lib/gcc/nios2-elf/5.3.0/../../../../../H-x86_64-mingw32/nios2-elf/lib/mno-hw-mul\libc.a(lib_a-vfiprintf.o)
 .rodata        0x000000000801af84      0x100 c:/intelfpga_lite/18.1/nios2eds/bin/gnu/h-x86_64-mingw32/bin/../lib/gcc/nios2-elf/5.3.0/mno-hw-mul\libgcc.a(_clz.o)
                0x000000000801af84                __clz_tab
 .rodata        0x000000000801b084        0xa ../NES_NIOSII_bsp/\libhal_bsp.a(alt_dev.o)
 *fill*         0x000000000801b08e        0x2 
 .rodata        0x000000000801b090       0x11 ../NES_NIOSII_bsp/\libhal_bsp.a(alt_main.o)
 *fill*         0x000000000801b0a1        0x3 
 .rodata        0x000000000801b0a4       0x1d ../NES_NIOSII_bsp/\libhal_bsp.a(alt_sys_init.o)
 *fill*         0x000000000801b0c1        0x3 
 .rodata        0x000000000801b0c4       0x1d ../NES_NIOSII_bsp/\libhal_bsp.a(altera_avalon_i2c.o)
 *(.rodata1)
                0x000000000801b0e4                . = ALIGN (0x4)
 *fill*         0x000000000801b0e1        0x3 
                0x000000000801b0e4                PROVIDE (__ram_rodata_end, ABSOLUTE (.))
                0x0000000008014a40                PROVIDE (__flash_rodata_start, LOADADDR (.rodata))

.rwdata         0x000000000801b0e4     0x1b78 load address 0x000000000801cc5c
                0x000000000801b0e4                PROVIDE (__ram_rwdata_start, ABSOLUTE (.))
                0x000000000801b0e4                . = ALIGN (0x4)
 *(.got.plt)
 *(.got)
 *(.data1)
 *(.data .data.* .gnu.linkonce.d.*)
 .data          0x000000000801b0e4        0x0 ../NES_NIOSII_bsp//obj/HAL/src/crt0.o
 .data          0x000000000801b0e4        0x0 obj/default/main.o
 .data          0x000000000801b0e4        0x0 obj/default/sgtl5000/sgtl5000.o
 .data          0x000000000801b0e4        0x0 obj/default/usb_kb/HID.o
 .data          0x000000000801b0e4        0x0 obj/default/usb_kb/MAX3421E.o
 .data          0x000000000801b0e4       0x30 obj/default/usb_kb/transfer.o
                0x000000000801b0e4                ClientDriverTable
 .data          0x000000000801b114        0x0 c:/intelfpga_lite/18.1/nios2eds/bin/gnu/h-x86_64-mingw32/bin/../lib/gcc/nios2-elf/5.3.0/mno-hw-mul\libgcc.a(lib2-divmod.o)
 .data          0x000000000801b114        0x0 c:/intelfpga_lite/18.1/nios2eds/bin/gnu/h-x86_64-mingw32/bin/../lib/gcc/nios2-elf/5.3.0/mno-hw-mul\libgcc.a(lib2-mul.o)
 .data          0x000000000801b114        0x0 c:/intelfpga_lite/18.1/nios2eds/bin/gnu/h-x86_64-mingw32/bin/../lib/gcc/nios2-elf/5.3.0/../../../../../H-x86_64-mingw32/nios2-elf/lib/mno-hw-mul\libc.a(lib_a-memcpy.o)
 .data          0x000000000801b114        0x0 c:/intelfpga_lite/18.1/nios2eds/bin/gnu/h-x86_64-mingw32/bin/../lib/gcc/nios2-elf/5.3.0/../../../../../H-x86_64-mingw32/nios2-elf/lib/mno-hw-mul\libc.a(lib_a-printf.o)
 .data          0x000000000801b114        0x0 c:/intelfpga_lite/18.1/nios2eds/bin/gnu/h-x86_64-mingw32/bin/../lib/gcc/nios2-elf/5.3.0/../../../../../H-x86_64-mingw32/nios2-elf/lib/mno-hw-mul\libc.a(lib_a-putchar.o)
 .data          0x000000000801b114        0x0 c:/intelfpga_lite/18.1/nios2eds/bin/gnu/h-x86_64-mingw32/bin/../lib/gcc/nios2-elf/5.3.0/../../../../../H-x86_64-mingw32/nios2-elf/lib/mno-hw-mul\libc.a(lib_a-puts.o)
 .data          0x000000000801b114        0x0 c:/intelfpga_lite/18.1/nios2eds/bin/gnu/h-x86_64-mingw32/bin/../lib/gcc/nios2-elf/5.3.0/../../../../../H-x86_64-mingw32/nios2-elf/lib/mno-hw-mul\libc.a(lib_a-strlen.o)
 .data          0x000000000801b114        0x0 c:/intelfpga_lite/18.1/nios2eds/bin/gnu/h-x86_64-mingw32/bin/../lib/gcc/nios2-elf/5.3.0/../../../../../H-x86_64-mingw32/nios2-elf/lib/mno-hw-mul\libc.a(lib_a-vfprintf.o)
 .data          0x000000000801b114        0x0 c:/intelfpga_lite/18.1/nios2eds/bin/gnu/h-x86_64-mingw32/bin/../lib/gcc/nios2-elf/5.3.0/../../../../../H-x86_64-mingw32/nios2-elf/lib/mno-hw-mul\libc.a(lib_a-wsetup.o)
 .data          0x000000000801b114        0x0 c:/intelfpga_lite/18.1/nios2eds/bin/gnu/h-x86_64-mingw32/bin/../lib/gcc/nios2-elf/5.3.0/../../../../../H-x86_64-mingw32/nios2-elf/lib/mno-hw-mul\libc.a(lib_a-dtoa.o)
 .data          0x000000000801b114        0x0 c:/intelfpga_lite/18.1/nios2eds/bin/gnu/h-x86_64-mingw32/bin/../lib/gcc/nios2-elf/5.3.0/../../../../../H-x86_64-mingw32/nios2-elf/lib/mno-hw-mul\libc.a(lib_a-fflush.o)
 .data          0x000000000801b114        0x0 c:/intelfpga_lite/18.1/nios2eds/bin/gnu/h-x86_64-mingw32/bin/../lib/gcc/nios2-elf/5.3.0/../../../../../H-x86_64-mingw32/nios2-elf/lib/mno-hw-mul\libc.a(lib_a-findfp.o)
 .data          0x000000000801b114        0x0 c:/intelfpga_lite/18.1/nios2eds/bin/gnu/h-x86_64-mingw32/bin/../lib/gcc/nios2-elf/5.3.0/../../../../../H-x86_64-mingw32/nios2-elf/lib/mno-hw-mul\libc.a(lib_a-freer.o)
 .data          0x000000000801b114        0x0 c:/intelfpga_lite/18.1/nios2eds/bin/gnu/h-x86_64-mingw32/bin/../lib/gcc/nios2-elf/5.3.0/../../../../../H-x86_64-mingw32/nios2-elf/lib/mno-hw-mul\libc.a(lib_a-fvwrite.o)
 .data          0x000000000801b114        0x0 c:/intelfpga_lite/18.1/nios2eds/bin/gnu/h-x86_64-mingw32/bin/../lib/gcc/nios2-elf/5.3.0/../../../../../H-x86_64-mingw32/nios2-elf/lib/mno-hw-mul\libc.a(lib_a-fwalk.o)
 .data          0x000000000801b114        0x0 c:/intelfpga_lite/18.1/nios2eds/bin/gnu/h-x86_64-mingw32/bin/../lib/gcc/nios2-elf/5.3.0/../../../../../H-x86_64-mingw32/nios2-elf/lib/mno-hw-mul\libc.a(lib_a-impure.o)
 .data.impure_data
                0x000000000801b114      0x424 c:/intelfpga_lite/18.1/nios2eds/bin/gnu/h-x86_64-mingw32/bin/../lib/gcc/nios2-elf/5.3.0/../../../../../H-x86_64-mingw32/nios2-elf/lib/mno-hw-mul\libc.a(lib_a-impure.o)
 .data          0x000000000801b538        0x0 c:/intelfpga_lite/18.1/nios2eds/bin/gnu/h-x86_64-mingw32/bin/../lib/gcc/nios2-elf/5.3.0/../../../../../H-x86_64-mingw32/nios2-elf/lib/mno-hw-mul\libc.a(lib_a-locale.o)
 .data.lc_message_charset
                0x000000000801b538       0x20 c:/intelfpga_lite/18.1/nios2eds/bin/gnu/h-x86_64-mingw32/bin/../lib/gcc/nios2-elf/5.3.0/../../../../../H-x86_64-mingw32/nios2-elf/lib/mno-hw-mul\libc.a(lib_a-locale.o)
 .data.lc_ctype_charset
                0x000000000801b558       0x20 c:/intelfpga_lite/18.1/nios2eds/bin/gnu/h-x86_64-mingw32/bin/../lib/gcc/nios2-elf/5.3.0/../../../../../H-x86_64-mingw32/nios2-elf/lib/mno-hw-mul\libc.a(lib_a-locale.o)
 .data.lconv    0x000000000801b578       0x38 c:/intelfpga_lite/18.1/nios2eds/bin/gnu/h-x86_64-mingw32/bin/../lib/gcc/nios2-elf/5.3.0/../../../../../H-x86_64-mingw32/nios2-elf/lib/mno-hw-mul\libc.a(lib_a-locale.o)
 .data          0x000000000801b5b0        0x0 c:/intelfpga_lite/18.1/nios2eds/bin/gnu/h-x86_64-mingw32/bin/../lib/gcc/nios2-elf/5.3.0/../../../../../H-x86_64-mingw32/nios2-elf/lib/mno-hw-mul\libc.a(lib_a-makebuf.o)
 .data          0x000000000801b5b0        0x0 c:/intelfpga_lite/18.1/nios2eds/bin/gnu/h-x86_64-mingw32/bin/../lib/gcc/nios2-elf/5.3.0/../../../../../H-x86_64-mingw32/nios2-elf/lib/mno-hw-mul\libc.a(lib_a-mallocr.o)
 .data.__malloc_av_
                0x000000000801b5b0      0x408 c:/intelfpga_lite/18.1/nios2eds/bin/gnu/h-x86_64-mingw32/bin/../lib/gcc/nios2-elf/5.3.0/../../../../../H-x86_64-mingw32/nios2-elf/lib/mno-hw-mul\libc.a(lib_a-mallocr.o)
                0x000000000801b5b0                __malloc_av_
 .data          0x000000000801b9b8        0x0 c:/intelfpga_lite/18.1/nios2eds/bin/gnu/h-x86_64-mingw32/bin/../lib/gcc/nios2-elf/5.3.0/../../../../../H-x86_64-mingw32/nios2-elf/lib/mno-hw-mul\libc.a(lib_a-memchr.o)
 .data          0x000000000801b9b8        0x0 c:/intelfpga_lite/18.1/nios2eds/bin/gnu/h-x86_64-mingw32/bin/../lib/gcc/nios2-elf/5.3.0/../../../../../H-x86_64-mingw32/nios2-elf/lib/mno-hw-mul\libc.a(lib_a-memmove.o)
 .data          0x000000000801b9b8        0x0 c:/intelfpga_lite/18.1/nios2eds/bin/gnu/h-x86_64-mingw32/bin/../lib/gcc/nios2-elf/5.3.0/../../../../../H-x86_64-mingw32/nios2-elf/lib/mno-hw-mul\libc.a(lib_a-memset.o)
 .data          0x000000000801b9b8        0x0 c:/intelfpga_lite/18.1/nios2eds/bin/gnu/h-x86_64-mingw32/bin/../lib/gcc/nios2-elf/5.3.0/../../../../../H-x86_64-mingw32/nios2-elf/lib/mno-hw-mul\libc.a(lib_a-mprec.o)
 .data          0x000000000801b9b8        0x0 c:/intelfpga_lite/18.1/nios2eds/bin/gnu/h-x86_64-mingw32/bin/../lib/gcc/nios2-elf/5.3.0/../../../../../H-x86_64-mingw32/nios2-elf/lib/mno-hw-mul\libc.a(lib_a-putc.o)
 .data          0x000000000801b9b8        0x0 c:/intelfpga_lite/18.1/nios2eds/bin/gnu/h-x86_64-mingw32/bin/../lib/gcc/nios2-elf/5.3.0/../../../../../H-x86_64-mingw32/nios2-elf/lib/mno-hw-mul\libc.a(lib_a-reallocr.o)
 .data          0x000000000801b9b8        0x0 c:/intelfpga_lite/18.1/nios2eds/bin/gnu/h-x86_64-mingw32/bin/../lib/gcc/nios2-elf/5.3.0/../../../../../H-x86_64-mingw32/nios2-elf/lib/mno-hw-mul\libc.a(lib_a-s_fpclassify.o)
 .data          0x000000000801b9b8        0x0 c:/intelfpga_lite/18.1/nios2eds/bin/gnu/h-x86_64-mingw32/bin/../lib/gcc/nios2-elf/5.3.0/../../../../../H-x86_64-mingw32/nios2-elf/lib/mno-hw-mul\libc.a(lib_a-sbrkr.o)
 .data          0x000000000801b9b8        0x0 c:/intelfpga_lite/18.1/nios2eds/bin/gnu/h-x86_64-mingw32/bin/../lib/gcc/nios2-elf/5.3.0/../../../../../H-x86_64-mingw32/nios2-elf/lib/mno-hw-mul\libc.a(lib_a-stdio.o)
 .data          0x000000000801b9b8        0x0 c:/intelfpga_lite/18.1/nios2eds/bin/gnu/h-x86_64-mingw32/bin/../lib/gcc/nios2-elf/5.3.0/../../../../../H-x86_64-mingw32/nios2-elf/lib/mno-hw-mul\libc.a(lib_a-strcmp.o)
 .data          0x000000000801b9b8        0x0 c:/intelfpga_lite/18.1/nios2eds/bin/gnu/h-x86_64-mingw32/bin/../lib/gcc/nios2-elf/5.3.0/../../../../../H-x86_64-mingw32/nios2-elf/lib/mno-hw-mul\libc.a(lib_a-vfiprintf.o)
 .data          0x000000000801b9b8        0x0 c:/intelfpga_lite/18.1/nios2eds/bin/gnu/h-x86_64-mingw32/bin/../lib/gcc/nios2-elf/5.3.0/../../../../../H-x86_64-mingw32/nios2-elf/lib/mno-hw-mul\libc.a(lib_a-wbuf.o)
 .data          0x000000000801b9b8        0x0 c:/intelfpga_lite/18.1/nios2eds/bin/gnu/h-x86_64-mingw32/bin/../lib/gcc/nios2-elf/5.3.0/../../../../../H-x86_64-mingw32/nios2-elf/lib/mno-hw-mul\libc.a(lib_a-writer.o)
 .data          0x000000000801b9b8        0x0 c:/intelfpga_lite/18.1/nios2eds/bin/gnu/h-x86_64-mingw32/bin/../lib/gcc/nios2-elf/5.3.0/../../../../../H-x86_64-mingw32/nios2-elf/lib/mno-hw-mul\libc.a(closer.o)
 .data          0x000000000801b9b8        0x0 c:/intelfpga_lite/18.1/nios2eds/bin/gnu/h-x86_64-mingw32/bin/../lib/gcc/nios2-elf/5.3.0/../../../../../H-x86_64-mingw32/nios2-elf/lib/mno-hw-mul\libc.a(lib_a-callocr.o)
 .data          0x000000000801b9b8        0x0 c:/intelfpga_lite/18.1/nios2eds/bin/gnu/h-x86_64-mingw32/bin/../lib/gcc/nios2-elf/5.3.0/../../../../../H-x86_64-mingw32/nios2-elf/lib/mno-hw-mul\libc.a(lib_a-fclose.o)
 .data          0x000000000801b9b8        0x0 c:/intelfpga_lite/18.1/nios2eds/bin/gnu/h-x86_64-mingw32/bin/../lib/gcc/nios2-elf/5.3.0/../../../../../H-x86_64-mingw32/nios2-elf/lib/mno-hw-mul\libc.a(lib_a-fputwc.o)
 .data          0x000000000801b9b8        0x0 c:/intelfpga_lite/18.1/nios2eds/bin/gnu/h-x86_64-mingw32/bin/../lib/gcc/nios2-elf/5.3.0/../../../../../H-x86_64-mingw32/nios2-elf/lib/mno-hw-mul\libc.a(lib_a-fstatr.o)
 .data          0x000000000801b9b8        0x0 c:/intelfpga_lite/18.1/nios2eds/bin/gnu/h-x86_64-mingw32/bin/../lib/gcc/nios2-elf/5.3.0/../../../../../H-x86_64-mingw32/nios2-elf/lib/mno-hw-mul\libc.a(lib_a-int_errno.o)
 .data          0x000000000801b9b8        0x0 c:/intelfpga_lite/18.1/nios2eds/bin/gnu/h-x86_64-mingw32/bin/../lib/gcc/nios2-elf/5.3.0/../../../../../H-x86_64-mingw32/nios2-elf/lib/mno-hw-mul\libc.a(lib_a-isattyr.o)
 .data          0x000000000801b9b8        0x0 c:/intelfpga_lite/18.1/nios2eds/bin/gnu/h-x86_64-mingw32/bin/../lib/gcc/nios2-elf/5.3.0/../../../../../H-x86_64-mingw32/nios2-elf/lib/mno-hw-mul\libc.a(lib_a-lseekr.o)
 .data          0x000000000801b9b8        0x0 c:/intelfpga_lite/18.1/nios2eds/bin/gnu/h-x86_64-mingw32/bin/../lib/gcc/nios2-elf/5.3.0/../../../../../H-x86_64-mingw32/nios2-elf/lib/mno-hw-mul\libc.a(lib_a-readr.o)
 .data          0x000000000801b9b8        0x0 c:/intelfpga_lite/18.1/nios2eds/bin/gnu/h-x86_64-mingw32/bin/../lib/gcc/nios2-elf/5.3.0/../../../../../H-x86_64-mingw32/nios2-elf/lib/mno-hw-mul\libc.a(lib_a-wcrtomb.o)
 .data          0x000000000801b9b8        0x0 c:/intelfpga_lite/18.1/nios2eds/bin/gnu/h-x86_64-mingw32/bin/../lib/gcc/nios2-elf/5.3.0/../../../../../H-x86_64-mingw32/nios2-elf/lib/mno-hw-mul\libc.a(lib_a-wctomb_r.o)
 .data          0x000000000801b9b8        0x0 c:/intelfpga_lite/18.1/nios2eds/bin/gnu/h-x86_64-mingw32/bin/../lib/gcc/nios2-elf/5.3.0/mno-hw-mul\libgcc.a(_udivdi3.o)
 .data          0x000000000801b9b8        0x0 c:/intelfpga_lite/18.1/nios2eds/bin/gnu/h-x86_64-mingw32/bin/../lib/gcc/nios2-elf/5.3.0/mno-hw-mul\libgcc.a(_umoddi3.o)
 .data          0x000000000801b9b8        0x0 c:/intelfpga_lite/18.1/nios2eds/bin/gnu/h-x86_64-mingw32/bin/../lib/gcc/nios2-elf/5.3.0/mno-hw-mul\libgcc.a(adddf3.o)
 .data          0x000000000801b9b8        0x0 c:/intelfpga_lite/18.1/nios2eds/bin/gnu/h-x86_64-mingw32/bin/../lib/gcc/nios2-elf/5.3.0/mno-hw-mul\libgcc.a(divdf3.o)
 .data          0x000000000801b9b8        0x0 c:/intelfpga_lite/18.1/nios2eds/bin/gnu/h-x86_64-mingw32/bin/../lib/gcc/nios2-elf/5.3.0/mno-hw-mul\libgcc.a(eqdf2.o)
 .data          0x000000000801b9b8        0x0 c:/intelfpga_lite/18.1/nios2eds/bin/gnu/h-x86_64-mingw32/bin/../lib/gcc/nios2-elf/5.3.0/mno-hw-mul\libgcc.a(gedf2.o)
 .data          0x000000000801b9b8        0x0 c:/intelfpga_lite/18.1/nios2eds/bin/gnu/h-x86_64-mingw32/bin/../lib/gcc/nios2-elf/5.3.0/mno-hw-mul\libgcc.a(ledf2.o)
 .data          0x000000000801b9b8        0x0 c:/intelfpga_lite/18.1/nios2eds/bin/gnu/h-x86_64-mingw32/bin/../lib/gcc/nios2-elf/5.3.0/mno-hw-mul\libgcc.a(muldf3.o)
 .data          0x000000000801b9b8        0x0 c:/intelfpga_lite/18.1/nios2eds/bin/gnu/h-x86_64-mingw32/bin/../lib/gcc/nios2-elf/5.3.0/mno-hw-mul\libgcc.a(subdf3.o)
 .data          0x000000000801b9b8        0x0 c:/intelfpga_lite/18.1/nios2eds/bin/gnu/h-x86_64-mingw32/bin/../lib/gcc/nios2-elf/5.3.0/mno-hw-mul\libgcc.a(fixdfsi.o)
 .data          0x000000000801b9b8        0x0 c:/intelfpga_lite/18.1/nios2eds/bin/gnu/h-x86_64-mingw32/bin/../lib/gcc/nios2-elf/5.3.0/mno-hw-mul\libgcc.a(floatsidf.o)
 .data          0x000000000801b9b8        0x0 c:/intelfpga_lite/18.1/nios2eds/bin/gnu/h-x86_64-mingw32/bin/../lib/gcc/nios2-elf/5.3.0/mno-hw-mul\libgcc.a(floatunsidf.o)
 .data          0x000000000801b9b8        0x0 c:/intelfpga_lite/18.1/nios2eds/bin/gnu/h-x86_64-mingw32/bin/../lib/gcc/nios2-elf/5.3.0/mno-hw-mul\libgcc.a(_clz.o)
 .data          0x000000000801b9b8        0x0 c:/intelfpga_lite/18.1/nios2eds/bin/gnu/h-x86_64-mingw32/bin/../lib/gcc/nios2-elf/5.3.0/mno-hw-mul\libgcc.a(_clzsi2.o)
 .data          0x000000000801b9b8        0x0 ../NES_NIOSII_bsp/\libhal_bsp.a(alt_close.o)
 .data          0x000000000801b9b8      0x1a8 ../NES_NIOSII_bsp/\libhal_bsp.a(alt_dev.o)
                0x000000000801b9b8                alt_dev_null
                0x000000000801b9e0                alt_fd_list
 .data          0x000000000801bb60        0x0 ../NES_NIOSII_bsp/\libhal_bsp.a(alt_errno.o)
 .data          0x000000000801bb60        0x0 ../NES_NIOSII_bsp/\libhal_bsp.a(alt_fstat.o)
 .data          0x000000000801bb60        0x0 ../NES_NIOSII_bsp/\libhal_bsp.a(alt_isatty.o)
 .data          0x000000000801bb60        0x0 ../NES_NIOSII_bsp/\libhal_bsp.a(alt_load.o)
 .data          0x000000000801bb60        0x0 ../NES_NIOSII_bsp/\libhal_bsp.a(alt_lseek.o)
 .data          0x000000000801bb60        0x0 ../NES_NIOSII_bsp/\libhal_bsp.a(alt_main.o)
 .data          0x000000000801bb60        0x0 ../NES_NIOSII_bsp/\libhal_bsp.a(alt_malloc_lock.o)
 .data          0x000000000801bb60        0x0 ../NES_NIOSII_bsp/\libhal_bsp.a(alt_read.o)
 .data          0x000000000801bb60        0x0 ../NES_NIOSII_bsp/\libhal_bsp.a(alt_release_fd.o)
 .data          0x000000000801bb60        0x0 ../NES_NIOSII_bsp/\libhal_bsp.a(alt_sbrk.o)
 .data          0x000000000801bb60        0x0 ../NES_NIOSII_bsp/\libhal_bsp.a(alt_tick.o)
 .data          0x000000000801bb60        0x0 ../NES_NIOSII_bsp/\libhal_bsp.a(alt_usleep.o)
 .data          0x000000000801bb60        0x0 ../NES_NIOSII_bsp/\libhal_bsp.a(alt_write.o)
 .data          0x000000000801bb60     0x1098 ../NES_NIOSII_bsp/\libhal_bsp.a(alt_sys_init.o)
 .data          0x000000000801cbf8        0x0 ../NES_NIOSII_bsp/\libhal_bsp.a(altera_avalon_i2c.o)
 .data          0x000000000801cbf8        0x0 ../NES_NIOSII_bsp/\libhal_bsp.a(altera_avalon_jtag_uart_fd.o)
 .data          0x000000000801cbf8        0x0 ../NES_NIOSII_bsp/\libhal_bsp.a(altera_avalon_jtag_uart_init.o)
 .data          0x000000000801cbf8        0x0 ../NES_NIOSII_bsp/\libhal_bsp.a(altera_avalon_jtag_uart_ioctl.o)
 .data          0x000000000801cbf8        0x0 ../NES_NIOSII_bsp/\libhal_bsp.a(altera_avalon_jtag_uart_read.o)
 .data          0x000000000801cbf8        0x0 ../NES_NIOSII_bsp/\libhal_bsp.a(altera_avalon_jtag_uart_write.o)
 .data          0x000000000801cbf8        0x0 ../NES_NIOSII_bsp/\libhal_bsp.a(altera_avalon_spi.o)
 .data          0x000000000801cbf8        0x0 ../NES_NIOSII_bsp/\libhal_bsp.a(altera_avalon_timer_sc.o)
 .data          0x000000000801cbf8        0x0 ../NES_NIOSII_bsp/\libhal_bsp.a(alt_alarm_start.o)
 .data          0x000000000801cbf8        0x0 ../NES_NIOSII_bsp/\libhal_bsp.a(alt_busy_sleep.o)
 .data          0x000000000801cbf8        0x0 ../NES_NIOSII_bsp/\libhal_bsp.a(alt_dcache_flush_all.o)
 .data          0x000000000801cbf8        0x0 ../NES_NIOSII_bsp/\libhal_bsp.a(alt_dev_llist_insert.o)
 .data          0x000000000801cbf8        0x0 ../NES_NIOSII_bsp/\libhal_bsp.a(alt_do_ctors.o)
 .data          0x000000000801cbf8        0x0 ../NES_NIOSII_bsp/\libhal_bsp.a(alt_do_dtors.o)
 .data          0x000000000801cbf8        0x0 ../NES_NIOSII_bsp/\libhal_bsp.a(alt_find_dev.o)
 .data          0x000000000801cbf8        0x0 ../NES_NIOSII_bsp/\libhal_bsp.a(alt_icache_flush_all.o)
 .data          0x000000000801cbf8        0x0 ../NES_NIOSII_bsp/\libhal_bsp.a(alt_iic.o)
 .data          0x000000000801cbf8        0x0 ../NES_NIOSII_bsp/\libhal_bsp.a(alt_iic_isr_register.o)
 .data          0x000000000801cbf8        0x0 ../NES_NIOSII_bsp/\libhal_bsp.a(alt_io_redirect.o)
 .data          0x000000000801cbf8        0x0 ../NES_NIOSII_bsp/\libhal_bsp.a(alt_irq_entry.o)
 .data          0x000000000801cbf8        0x0 ../NES_NIOSII_bsp/\libhal_bsp.a(alt_irq_handler.o)
 .data          0x000000000801cbf8        0x0 ../NES_NIOSII_bsp/\libhal_bsp.a(alt_irq_vars.o)
 .data          0x000000000801cbf8        0x0 ../NES_NIOSII_bsp/\libhal_bsp.a(alt_open.o)
 .data          0x000000000801cbf8        0x0 ../NES_NIOSII_bsp/\libhal_bsp.a(alt_printf.o)
 .data          0x000000000801cbf8        0x0 ../NES_NIOSII_bsp/\libhal_bsp.a(alt_putchar.o)
 .data          0x000000000801cbf8        0x0 ../NES_NIOSII_bsp/\libhal_bsp.a(altera_nios2_gen2_irq.o)
 .data          0x000000000801cbf8        0x0 ../NES_NIOSII_bsp/\libhal_bsp.a(alt_exception_entry.o)
 .data          0x000000000801cbf8        0x0 ../NES_NIOSII_bsp/\libhal_bsp.a(alt_find_file.o)
 .data          0x000000000801cbf8        0x0 ../NES_NIOSII_bsp/\libhal_bsp.a(alt_get_fd.o)
 .data          0x000000000801cbf8        0x0 ../NES_NIOSII_bsp/\libhal_bsp.a(alt_instruction_exception_entry.o)
 .data          0x000000000801cbf8        0x0 c:/intelfpga_lite/18.1/nios2eds/bin/gnu/h-x86_64-mingw32/bin/../lib/gcc/nios2-elf/5.3.0/../../../../../H-x86_64-mingw32/nios2-elf/lib/mno-hw-mul\libc.a(lib_a-atexit.o)
 .data          0x000000000801cbf8        0x0 c:/intelfpga_lite/18.1/nios2eds/bin/gnu/h-x86_64-mingw32/bin/../lib/gcc/nios2-elf/5.3.0/../../../../../H-x86_64-mingw32/nios2-elf/lib/mno-hw-mul\libc.a(lib_a-exit.o)
 .data          0x000000000801cbf8        0x0 c:/intelfpga_lite/18.1/nios2eds/bin/gnu/h-x86_64-mingw32/bin/../lib/gcc/nios2-elf/5.3.0/../../../../../H-x86_64-mingw32/nios2-elf/lib/mno-hw-mul\libc.a(lib_a-memcmp.o)
 .data          0x000000000801cbf8        0x0 c:/intelfpga_lite/18.1/nios2eds/bin/gnu/h-x86_64-mingw32/bin/../lib/gcc/nios2-elf/5.3.0/../../../../../H-x86_64-mingw32/nios2-elf/lib/mno-hw-mul\libc.a(lib_a-__atexit.o)
 .data          0x000000000801cbf8        0x0 c:/intelfpga_lite/18.1/nios2eds/bin/gnu/h-x86_64-mingw32/bin/../lib/gcc/nios2-elf/5.3.0/../../../../../H-x86_64-mingw32/nios2-elf/lib/mno-hw-mul\libc.a(lib_a-__call_atexit.o)
 .data          0x000000000801cbf8        0x0 ../NES_NIOSII_bsp/\libhal_bsp.a(alt_exit.o)
                0x0000000008024bf8                _gp = ABSOLUTE ((. + 0x8000))
                [!provide]                        PROVIDE (gp, _gp)
 *(.rwdata .rwdata.*)
 *(.sdata .sdata.* .gnu.linkonce.s.*)
 .sdata         0x000000000801cbf8       0x10 obj/default/main.o
                0x000000000801cbf8                prg_rom_size
                0x000000000801cbfc                chr_rom_size
 .sdata         0x000000000801cc08        0x9 obj/default/usb_kb/transfer.o
                0x000000000801cc08                ctrl_xfers
                0x000000000801cc10                usb_task_state
 *fill*         0x000000000801cc11        0x3 
 .sdata._global_impure_ptr
                0x000000000801cc14        0x4 c:/intelfpga_lite/18.1/nios2eds/bin/gnu/h-x86_64-mingw32/bin/../lib/gcc/nios2-elf/5.3.0/../../../../../H-x86_64-mingw32/nios2-elf/lib/mno-hw-mul\libc.a(lib_a-impure.o)
                0x000000000801cc14                _global_impure_ptr
 .sdata._impure_ptr
                0x000000000801cc18        0x4 c:/intelfpga_lite/18.1/nios2eds/bin/gnu/h-x86_64-mingw32/bin/../lib/gcc/nios2-elf/5.3.0/../../../../../H-x86_64-mingw32/nios2-elf/lib/mno-hw-mul\libc.a(lib_a-impure.o)
                0x000000000801cc18                _impure_ptr
 .sdata.__mb_cur_max
                0x000000000801cc1c        0x4 c:/intelfpga_lite/18.1/nios2eds/bin/gnu/h-x86_64-mingw32/bin/../lib/gcc/nios2-elf/5.3.0/../../../../../H-x86_64-mingw32/nios2-elf/lib/mno-hw-mul\libc.a(lib_a-locale.o)
                0x000000000801cc1c                __mb_cur_max
 .sdata.__malloc_sbrk_base
                0x000000000801cc20        0x4 c:/intelfpga_lite/18.1/nios2eds/bin/gnu/h-x86_64-mingw32/bin/../lib/gcc/nios2-elf/5.3.0/../../../../../H-x86_64-mingw32/nios2-elf/lib/mno-hw-mul\libc.a(lib_a-mallocr.o)
                0x000000000801cc20                __malloc_sbrk_base
 .sdata.__malloc_trim_threshold
                0x000000000801cc24        0x4 c:/intelfpga_lite/18.1/nios2eds/bin/gnu/h-x86_64-mingw32/bin/../lib/gcc/nios2-elf/5.3.0/../../../../../H-x86_64-mingw32/nios2-elf/lib/mno-hw-mul\libc.a(lib_a-mallocr.o)
                0x000000000801cc24                __malloc_trim_threshold
 .sdata.__wctomb
                0x000000000801cc28        0x4 c:/intelfpga_lite/18.1/nios2eds/bin/gnu/h-x86_64-mingw32/bin/../lib/gcc/nios2-elf/5.3.0/../../../../../H-x86_64-mingw32/nios2-elf/lib/mno-hw-mul\libc.a(lib_a-wctomb_r.o)
                0x000000000801cc28                __wctomb
 .sdata         0x000000000801cc2c       0x14 ../NES_NIOSII_bsp/\libhal_bsp.a(alt_dev.o)
                0x000000000801cc2c                alt_fs_list
                0x000000000801cc34                alt_dev_list
                0x000000000801cc3c                alt_max_fd
 .sdata         0x000000000801cc40        0x4 ../NES_NIOSII_bsp/\libhal_bsp.a(alt_errno.o)
                0x000000000801cc40                alt_errno
 .sdata         0x000000000801cc44        0x4 ../NES_NIOSII_bsp/\libhal_bsp.a(alt_sbrk.o)
 .sdata         0x000000000801cc48        0x8 ../NES_NIOSII_bsp/\libhal_bsp.a(alt_tick.o)
                0x000000000801cc48                alt_alarm_list
 .sdata         0x000000000801cc50        0x8 ../NES_NIOSII_bsp/\libhal_bsp.a(altera_avalon_i2c.o)
                0x000000000801cc50                alt_avalon_i2c_list
 .sdata         0x000000000801cc58        0x4 ../NES_NIOSII_bsp/\libhal_bsp.a(alt_irq_vars.o)
                0x000000000801cc58                alt_priority_mask
 *(.sdata2 .sdata2.* .gnu.linkonce.s2.*)
                0x000000000801cc5c                . = ALIGN (0x4)
                0x000000000801cc5c                _edata = ABSOLUTE (.)
                [!provide]                        PROVIDE (edata, ABSOLUTE (.))
                0x000000000801cc5c                PROVIDE (__ram_rwdata_end, ABSOLUTE (.))
                0x000000000801cc5c                PROVIDE (__flash_rwdata_start, LOADADDR (.rwdata))

.bss            0x000000000801e7d4      0x2e8