------------------------------------------------------------
Timing Analyzer Summary
------------------------------------------------------------

Type  : Slow 1200mV 85C Model Setup 'nesclk_inst|altpll_component|auto_generated|pll1|clk[1]'
Slack : -6.875
TNS   : -1476.609

Type  : Slow 1200mV 85C Model Setup 'MAX10_CLK1_50'
Slack : -6.634
TNS   : -142.144

Type  : Slow 1200mV 85C Model Setup 'u0|sdram_pll|sd1|pll7|clk[0]'
Slack : 9.335
TNS   : 0.000

Type  : Slow 1200mV 85C Model Setup 'altera_reserved_tck'
Slack : 45.926
TNS   : 0.000

Type  : Slow 1200mV 85C Model Setup 'mainclk_inst|altpll_component|auto_generated|pll1|clk[1]'
Slack : 92.270
TNS   : 0.000

Type  : Slow 1200mV 85C Model Setup 'nesclk_inst|altpll_component|auto_generated|pll1|clk[0]'
Slack : 130.580
TNS   : 0.000

Type  : Slow 1200mV 85C Model Hold 'MAX10_CLK1_50'
Slack : 0.250
TNS   : 0.000

Type  : Slow 1200mV 85C Model Hold 'nesclk_inst|altpll_component|auto_generated|pll1|clk[0]'
Slack : 0.322
TNS   : 0.000

Type  : Slow 1200mV 85C Model Hold 'nesclk_inst|altpll_component|auto_generated|pll1|clk[1]'
Slack : 0.340
TNS   : 0.000

Type  : Slow 1200mV 85C Model Hold 'altera_reserved_tck'
Slack : 0.341
TNS   : 0.000

Type  : Slow 1200mV 85C Model Hold 'u0|sdram_pll|sd1|pll7|clk[0]'
Slack : 0.342
TNS   : 0.000

Type  : Slow 1200mV 85C Model Hold 'mainclk_inst|altpll_component|auto_generated|pll1|clk[1]'
Slack : 0.362
TNS   : 0.000

Type  : Slow 1200mV 85C Model Recovery 'nesclk_inst|altpll_component|auto_generated|pll1|clk[0]'
Slack : -1.822
TNS   : -3.644

Type  : Slow 1200mV 85C Model Recovery 'MAX10_CLK1_50'
Slack : 12.859
TNS   : 0.000

Type  : Slow 1200mV 85C Model Recovery 'u0|sdram_pll|sd1|pll7|clk[0]'
Slack : 13.551
TNS   : 0.000

Type  : Slow 1200mV 85C Model Recovery 'altera_reserved_tck'
Slack : 47.957
TNS   : 0.000

Type  : Slow 1200mV 85C Model Removal 'nesclk_inst|altpll_component|auto_generated|pll1|clk[0]'
Slack : -0.493
TNS   : -0.986

Type  : Slow 1200mV 85C Model Removal 'altera_reserved_tck'
Slack : 1.133
TNS   : 0.000

Type  : Slow 1200mV 85C Model Removal 'u0|sdram_pll|sd1|pll7|clk[0]'
Slack : 4.744
TNS   : 0.000

Type  : Slow 1200mV 85C Model Removal 'MAX10_CLK1_50'
Slack : 5.608
TNS   : 0.000

Type  : Slow 1200mV 85C Model Minimum Pulse Width 'MAX10_CLK1_50'
Slack : 9.550
TNS   : 0.000

Type  : Slow 1200mV 85C Model Minimum Pulse Width 'u0|sdram_pll|sd1|pll7|clk[0]'
Slack : 9.706
TNS   : 0.000

Type  : Slow 1200mV 85C Model Minimum Pulse Width 'mainclk_inst|altpll_component|auto_generated|pll1|clk[0]'
Slack : 23.216
TNS   : 0.000

Type  : Slow 1200mV 85C Model Minimum Pulse Width 'mainclk_inst|altpll_component|auto_generated|pll1|clk[1]'
Slack : 46.227
TNS   : 0.000

Type  : Slow 1200mV 85C Model Minimum Pulse Width 'altera_reserved_tck'
Slack : 49.628
TNS   : 0.000

Type  : Slow 1200mV 85C Model Minimum Pulse Width 'nesclk_inst|altpll_component|auto_generated|pll1|clk[1]'
Slack : 92.699
TNS   : 0.000

Type  : Slow 1200mV 85C Model Minimum Pulse Width 'nesclk_inst|altpll_component|auto_generated|pll1|clk[0]'
Slack : 278.742
TNS   : 0.000

Type  : Slow 1200mV 0C Model Setup 'MAX10_CLK1_50'
Slack : -6.337
TNS   : -137.044

Type  : Slow 1200mV 0C Model Setup 'nesclk_inst|altpll_component|auto_generated|pll1|clk[1]'
Slack : -5.972
TNS   : -1264.276

Type  : Slow 1200mV 0C Model Setup 'u0|sdram_pll|sd1|pll7|clk[0]'
Slack : 10.029
TNS   : 0.000

Type  : Slow 1200mV 0C Model Setup 'altera_reserved_tck'
Slack : 46.286
TNS   : 0.000

Type  : Slow 1200mV 0C Model Setup 'mainclk_inst|altpll_component|auto_generated|pll1|clk[1]'
Slack : 92.337
TNS   : 0.000

Type  : Slow 1200mV 0C Model Setup 'nesclk_inst|altpll_component|auto_generated|pll1|clk[0]'
Slack : 134.110
TNS   : 0.000

Type  : Slow 1200mV 0C Model Hold 'MAX10_CLK1_50'
Slack : 0.257
TNS   : 0.000

Type  : Slow 1200mV 0C Model Hold 'nesclk_inst|altpll_component|auto_generated|pll1|clk[0]'
Slack : 0.289
TNS   : 0.000

Type  : Slow 1200mV 0C Model Hold 'nesclk_inst|altpll_component|auto_generated|pll1|clk[1]'
Slack : 0.305
TNS   : 0.000

Type  : Slow 1200mV 0C Model Hold 'altera_reserved_tck'
Slack : 0.306
TNS   : 0.000

Type  : Slow 1200mV 0C Model Hold 'u0|sdram_pll|sd1|pll7|clk[0]'
Slack : 0.307
TNS   : 0.000

Type  : Slow 1200mV 0C Model Hold 'mainclk_inst|altpll_component|auto_generated|pll1|clk[1]'
Slack : 0.327
TNS   : 0.000

Type  : Slow 1200mV 0C Model Recovery 'nesclk_inst|altpll_component|auto_generated|pll1|clk[0]'
Slack : -1.281
TNS   : -2.562

Type  : Slow 1200mV 0C Model Recovery 'MAX10_CLK1_50'
Slack : 13.422
TNS   : 0.000

Type  : Slow 1200mV 0C Model Recovery 'u0|sdram_pll|sd1|pll7|clk[0]'
Slack : 14.138
TNS   : 0.000

Type  : Slow 1200mV 0C Model Recovery 'altera_reserved_tck'
Slack : 48.142
TNS   : 0.000

Type  : Slow 1200mV 0C Model Removal 'nesclk_inst|altpll_component|auto_generated|pll1|clk[0]'
Slack : -0.694
TNS   : -1.388

Type  : Slow 1200mV 0C Model Removal 'altera_reserved_tck'
Slack : 1.033
TNS   : 0.000

Type  : Slow 1200mV 0C Model Removal 'u0|sdram_pll|sd1|pll7|clk[0]'
Slack : 4.269
TNS   : 0.000

Type  : Slow 1200mV 0C Model Removal 'MAX10_CLK1_50'
Slack : 5.036
TNS   : 0.000

Type  : Slow 1200mV 0C Model Minimum Pulse Width 'MAX10_CLK1_50'
Slack : 9.576
TNS   : 0.000

Type  : Slow 1200mV 0C Model Minimum Pulse Width 'u0|sdram_pll|sd1|pll7|clk[0]'
Slack : 9.705
TNS   : 0.000

Type  : Slow 1200mV 0C Model Minimum Pulse Width 'mainclk_inst|altpll_component|auto_generated|pll1|clk[0]'
Slack : 23.214
TNS   : 0.000

Type  : Slow 1200mV 0C Model Minimum Pulse Width 'mainclk_inst|altpll_component|auto_generated|pll1|clk[1]'
Slack : 46.225
TNS   : 0.000

Type  : Slow 1200mV 0C Model Minimum Pulse Width 'altera_reserved_tck'
Slack : 49.646
TNS   : 0.000

Type  : Slow 1200mV 0C Model Minimum Pulse Width 'nesclk_inst|altpll_component|auto_generated|pll1|clk[1]'
Slack : 92.715
TNS   : 0.000

Type  : Slow 1200mV 0C Model Minimum Pulse Width 'nesclk_inst|altpll_component|auto_generated|pll1|clk[0]'
Slack : 278.676
TNS   : 0.000

Type  : Fast 1200mV 0C Model Setup 'nesclk_inst|altpll_component|auto_generated|pll1|clk[1]'
Slack : -2.936
TNS   : -626.576

Type  : Fast 1200mV 0C Model Setup 'MAX10_CLK1_50'
Slack : -2.917
TNS   : -65.013

Type  : Fast 1200mV 0C Model Setup 'u0|sdram_pll|sd1|pll7|clk[0]'
Slack : 15.273
TNS   : 0.000

Type  : Fast 1200mV 0C Model Setup 'altera_reserved_tck'
Slack : 48.527
TNS   : 0.000

Type  : Fast 1200mV 0C Model Setup 'mainclk_inst|altpll_component|auto_generated|pll1|clk[1]'
Slack : 92.682
TNS   : 0.000

Type  : Fast 1200mV 0C Model Setup 'nesclk_inst|altpll_component|auto_generated|pll1|clk[0]'
Slack : 158.693
TNS   : 0.000

Type  : Fast 1200mV 0C Model Hold 'MAX10_CLK1_50'
Slack : 0.097
TNS   : 0.000

Type  : Fast 1200mV 0C Model Hold 'nesclk_inst|altpll_component|auto_generated|pll1|clk[0]'
Slack : 0.141
TNS   : 0.000

Type  : Fast 1200mV 0C Model Hold 'nesclk_inst|altpll_component|auto_generated|pll1|clk[1]'
Slack : 0.147
TNS   : 0.000

Type  : Fast 1200mV 0C Model Hold 'altera_reserved_tck'
Slack : 0.148
TNS   : 0.000

Type  : Fast 1200mV 0C Model Hold 'u0|sdram_pll|sd1|pll7|clk[0]'
Slack : 0.150
TNS   : 0.000

Type  : Fast 1200mV 0C Model Hold 'mainclk_inst|altpll_component|auto_generated|pll1|clk[1]'
Slack : 0.155
TNS   : 0.000

Type  : Fast 1200mV 0C Model Recovery 'nesclk_inst|altpll_component|auto_generated|pll1|clk[0]'
Slack : -0.557
TNS   : -1.114

Type  : Fast 1200mV 0C Model Recovery 'MAX10_CLK1_50'
Slack : 16.422
TNS   : 0.000

Type  : Fast 1200mV 0C Model Recovery 'u0|sdram_pll|sd1|pll7|clk[0]'
Slack : 16.905
TNS   : 0.000

Type  : Fast 1200mV 0C Model Recovery 'altera_reserved_tck'
Slack : 49.307
TNS   : 0.000

Type  : Fast 1200mV 0C Model Removal 'nesclk_inst|altpll_component|auto_generated|pll1|clk[0]'
Slack : -0.591
TNS   : -1.182

Type  : Fast 1200mV 0C Model Removal 'altera_reserved_tck'
Slack : 0.483
TNS   : 0.000

Type  : Fast 1200mV 0C Model Removal 'u0|sdram_pll|sd1|pll7|clk[0]'
Slack : 2.235
TNS   : 0.000

Type  : Fast 1200mV 0C Model Removal 'MAX10_CLK1_50'
Slack : 2.640
TNS   : 0.000

Type  : Fast 1200mV 0C Model Minimum Pulse Width 'MAX10_CLK1_50'
Slack : 9.402
TNS   : 0.000

Type  : Fast 1200mV 0C Model Minimum Pulse Width 'u0|sdram_pll|sd1|pll7|clk[0]'
Slack : 9.720
TNS   : 0.000

Type  : Fast 1200mV 0C Model Minimum Pulse Width 'mainclk_inst|altpll_component|auto_generated|pll1|clk[0]'
Slack : 23.241
TNS   : 0.000

Type  : Fast 1200mV 0C Model Minimum Pulse Width 'mainclk_inst|altpll_component|auto_generated|pll1|clk[1]'
Slack : 46.291
TNS   : 0.000

Type  : Fast 1200mV 0C Model Minimum Pulse Width 'altera_reserved_tck'
Slack : 49.416
TNS   : 0.000

Type  : Fast 1200mV 0C Model Minimum Pulse Width 'nesclk_inst|altpll_component|auto_generated|pll1|clk[1]'
Slack : 92.736
TNS   : 0.000

Type  : Fast 1200mV 0C Model Minimum Pulse Width 'nesclk_inst|altpll_component|auto_generated|pll1|clk[0]'
Slack : 278.760
TNS   : 0.000

------------------------------------------------------------
