Flow report for FPGA-NES
Fri Apr 14 23:43:36 2023
Quartus Prime Version 18.1.0 Build 625 09/12/2018 SJ Lite Edition


---------------------
; Table of Contents ;
---------------------
  1. Legal Notice
  2. Flow Summary
  3. Flow Settings
  4. Flow Non-Default Global Settings
  5. Flow Elapsed Time
  6. Flow OS Summary
  7. Flow Log
  8. Flow Messages
  9. Flow Suppressed Messages



----------------
; Legal Notice ;
----------------
Copyright (C) 2018  Intel Corporation. All rights reserved.
Your use of Intel Corporation's design tools, logic functions 
and other software and tools, and its AMPP partner logic 
functions, and any output files from any of the foregoing 
(including device programming or simulation files), and any 
associated documentation or information are expressly subject 
to the terms and conditions of the Intel Program License 
Subscription Agreement, the Intel Quartus Prime License Agreement,
the Intel FPGA IP License Agreement, or other applicable license
agreement, including, without limitation, that your use is for
the sole purpose of programming logic devices manufactured by
Intel and sold by Intel or its authorized distributors.  Please
refer to the applicable agreement for further details.



+----------------------------------------------------------------------------------+
; Flow Summary                                                                     ;
+------------------------------------+---------------------------------------------+
; Flow Status                        ; Successful - Fri Apr 14 23:43:36 2023       ;
; Quartus Prime Version              ; 18.1.0 Build 625 09/12/2018 SJ Lite Edition ;
; Revision Name                      ; FPGA-NES                                    ;
; Top-level Entity Name              ; toplevel                                    ;
; Family                             ; MAX 10                                      ;
; Device                             ; 10M50DCF484C7G                              ;
; Timing Models                      ; Final                                       ;
; Total logic elements               ; 5,677 / 49,760 ( 11 % )                     ;
;     Total combinational functions  ; 5,000 / 49,760 ( 10 % )                     ;
;     Dedicated logic registers      ; 2,914 / 49,760 ( 6 % )                      ;
; Total registers                    ; 2983                                        ;
; Total pins                         ; 141 / 360 ( 39 % )                          ;
; Total virtual pins                 ; 0                                           ;
; Total memory bits                  ; 617,544 / 1,677,312 ( 37 % )                ;
; Embedded Multiplier 9-bit elements ; 0 / 288 ( 0 % )                             ;
; Total PLLs                         ; 3 / 4 ( 75 % )                              ;
; UFM blocks                         ; 0 / 1 ( 0 % )                               ;
; ADC blocks                         ; 0                                           ;
+------------------------------------+---------------------------------------------+


+-----------------------------------------+
; Flow Settings                           ;
+-------------------+---------------------+
; Option            ; Setting             ;
+-------------------+---------------------+
; Start date & time ; 04/14/2023 23:42:16 ;
; Main task         ; Compilation         ;
; Revision Name     ; FPGA-NES            ;
+-------------------+---------------------+


+-------------------------------------------------------------------------------------------------------------------------------------------------------+
; Flow Non-Default Global Settings                                                                                                                      ;
+--------------------------------------+----------------------------------------------------------------+---------------+--------------+----------------+
; Assignment Name                      ; Value                                                          ; Default Value ; Entity Name  ; Section Id     ;
+--------------------------------------+----------------------------------------------------------------+---------------+--------------+----------------+
; COMPILER_SIGNATURE_ID                ; 96830613240568.168153373550720                                 ; --            ; --           ; --             ;
; EDA_DESIGN_INSTANCE_NAME             ; NA                                                             ; --            ; --           ; testbench      ;
; EDA_NATIVELINK_SIMULATION_TEST_BENCH ; testbench                                                      ; --            ; --           ; eda_simulation ;
; EDA_OUTPUT_DATA_FORMAT               ; Systemverilog Hdl                                              ; --            ; --           ; eda_simulation ;
; EDA_SIMULATION_TOOL                  ; ModelSim-Altera (SystemVerilog)                                ; <None>        ; --           ; --             ;
; EDA_TEST_BENCH_ENABLE_STATUS         ; TEST_BENCH_MODE                                                ; --            ; --           ; eda_simulation ;
; EDA_TEST_BENCH_FILE                  ; testbench.sv                                                   ; --            ; --           ; testbench      ;
; EDA_TEST_BENCH_MODULE_NAME           ; testbench                                                      ; --            ; --           ; testbench      ;
; EDA_TEST_BENCH_NAME                  ; testbench                                                      ; --            ; --           ; eda_simulation ;
; EDA_TIME_SCALE                       ; 1 ps                                                           ; --            ; --           ; eda_simulation ;
; ENABLE_SIGNALTAP                     ; Off                                                            ; --            ; --           ; --             ;
; MAX_CORE_JUNCTION_TEMP               ; 85                                                             ; --            ; --           ; --             ;
; MIN_CORE_JUNCTION_TEMP               ; 0                                                              ; --            ; --           ; --             ;
; MISC_FILE                            ; toplevel_soc/synthesis/../toplevel_soc.cmp                     ; --            ; --           ; --             ;
; MISC_FILE                            ; toplevel_soc/synthesis/../../toplevel_soc.qsys                 ; --            ; --           ; --             ;
; MISC_FILE                            ; main_clkgen_bb.v                                               ; --            ; --           ; --             ;
; MISC_FILE                            ; main_clkgen.ppf                                                ; --            ; --           ; --             ;
; MISC_FILE                            ; nes_clkgen_bb.v                                                ; --            ; --           ; --             ;
; MISC_FILE                            ; nes_clkgen.ppf                                                 ; --            ; --           ; --             ;
; PARTITION_COLOR                      ; -- (Not supported for targeted family)                         ; --            ; toplevel     ; Top            ;
; PARTITION_FITTER_PRESERVATION_LEVEL  ; -- (Not supported for targeted family)                         ; --            ; toplevel     ; Top            ;
; PARTITION_NETLIST_TYPE               ; -- (Not supported for targeted family)                         ; --            ; toplevel     ; Top            ;
; POWER_BOARD_THERMAL_MODEL            ; None (CONSERVATIVE)                                            ; --            ; --           ; --             ;
; POWER_PRESET_COOLING_SOLUTION        ; 23 MM HEAT SINK WITH 200 LFPM AIRFLOW                          ; --            ; --           ; --             ;
; PROJECT_OUTPUT_DIRECTORY             ; output_files                                                   ; --            ; --           ; --             ;
; SLD_FILE                             ; toplevel_soc/synthesis/toplevel_soc.regmap                     ; --            ; --           ; --             ;
; SLD_FILE                             ; toplevel_soc/synthesis/toplevel_soc.debuginfo                  ; --            ; --           ; --             ;
; SLD_INFO                             ; QSYS_NAME toplevel_soc HAS_SOPCINFO 1 GENERATION_ID 1681521448 ; --            ; toplevel_soc ; --             ;
; SOPCINFO_FILE                        ; toplevel_soc/synthesis/../../toplevel_soc.sopcinfo             ; --            ; --           ; --             ;
; SYNTHESIS_ONLY_QIP                   ; On                                                             ; --            ; --           ; --             ;
; TOP_LEVEL_ENTITY                     ; toplevel                                                       ; FPGA-NES      ; --           ; --             ;
; USE_SIGNALTAP_FILE                   ; signaltap.stp                                                  ; --            ; --           ; --             ;
+--------------------------------------+----------------------------------------------------------------+---------------+--------------+----------------+


+--------------------------------------------------------------------------------------------------------------------------+
; Flow Elapsed Time                                                                                                        ;
+----------------------+--------------+-------------------------+---------------------+------------------------------------+
; Module Name          ; Elapsed Time ; Average Processors Used ; Peak Virtual Memory ; Total CPU Time (on all processors) ;
+----------------------+--------------+-------------------------+---------------------+------------------------------------+
; Analysis & Synthesis ; 00:00:35     ; 1.0                     ; 5086 MB             ; 00:00:17                           ;
; Fitter               ; 00:00:29     ; 1.5                     ; 6211 MB             ; 00:00:19                           ;
; Assembler            ; 00:00:02     ; 1.0                     ; 4713 MB             ; 00:00:01                           ;
; Timing Analyzer      ; 00:00:03     ; 2.8                     ; 4961 MB             ; 00:00:04                           ;
; EDA Netlist Writer   ; 00:00:02     ; 1.0                     ; 4754 MB             ; 00:00:01                           ;
; Total                ; 00:01:11     ; --                      ; --                  ; 00:00:42                           ;
+----------------------+--------------+-------------------------+---------------------+------------------------------------+


+------------------------------------------------------------------------------------+
; Flow OS Summary                                                                    ;
+----------------------+------------------+------------+------------+----------------+
; Module Name          ; Machine Hostname ; OS Name    ; OS Version ; Processor type ;
+----------------------+------------------+------------+------------+----------------+
; Analysis & Synthesis ; XROUTHPC-2023    ; Windows 10 ; 10.0       ; x86_64         ;
; Fitter               ; XROUTHPC-2023    ; Windows 10 ; 10.0       ; x86_64         ;
; Assembler            ; XROUTHPC-2023    ; Windows 10 ; 10.0       ; x86_64         ;
; Timing Analyzer      ; XROUTHPC-2023    ; Windows 10 ; 10.0       ; x86_64         ;
; EDA Netlist Writer   ; XROUTHPC-2023    ; Windows 10 ; 10.0       ; x86_64         ;
+----------------------+------------------+------------+------------+----------------+


------------
; Flow Log ;
------------
quartus_map --read_settings_files=on --write_settings_files=off FPGA-NES -c FPGA-NES
quartus_fit --read_settings_files=off --write_settings_files=off FPGA-NES -c FPGA-NES
quartus_asm --read_settings_files=off --write_settings_files=off FPGA-NES -c FPGA-NES
quartus_sta FPGA-NES -c FPGA-NES
quartus_eda --read_settings_files=off --write_settings_files=off FPGA-NES -c FPGA-NES



