------------------------------------------------------------
Timing Analyzer Summary
------------------------------------------------------------

Type  : Slow 1200mV 85C Model Setup 'nesclk_inst|altpll_component|auto_generated|pll1|clk[1]'
Slack : -6.837
TNS   : -1476.097

Type  : Slow 1200mV 85C Model Setup 'MAX10_CLK1_50'
Slack : -6.690
TNS   : -142.238

Type  : Slow 1200mV 85C Model Setup 'u0|sdram_pll|sd1|pll7|clk[0]'
Slack : 9.283
TNS   : 0.000

Type  : Slow 1200mV 85C Model Setup 'altera_reserved_tck'
Slack : 46.097
TNS   : 0.000

Type  : Slow 1200mV 85C Model Setup 'nesclk_inst|altpll_component|auto_generated|pll1|clk[2]'
Slack : 88.071
TNS   : 0.000

Type  : Slow 1200mV 85C Model Setup 'nesclk_inst|altpll_component|auto_generated|pll1|clk[0]'
Slack : 145.709
TNS   : 0.000

Type  : Slow 1200mV 85C Model Hold 'MAX10_CLK1_50'
Slack : 0.238
TNS   : 0.000

Type  : Slow 1200mV 85C Model Hold 'nesclk_inst|altpll_component|auto_generated|pll1|clk[0]'
Slack : 0.331
TNS   : 0.000

Type  : Slow 1200mV 85C Model Hold 'nesclk_inst|altpll_component|auto_generated|pll1|clk[1]'
Slack : 0.339
TNS   : 0.000

Type  : Slow 1200mV 85C Model Hold 'altera_reserved_tck'
Slack : 0.340
TNS   : 0.000

Type  : Slow 1200mV 85C Model Hold 'u0|sdram_pll|sd1|pll7|clk[0]'
Slack : 0.342
TNS   : 0.000

Type  : Slow 1200mV 85C Model Hold 'nesclk_inst|altpll_component|auto_generated|pll1|clk[2]'
Slack : 0.356
TNS   : 0.000

Type  : Slow 1200mV 85C Model Recovery 'nesclk_inst|altpll_component|auto_generated|pll1|clk[0]'
Slack : -1.971
TNS   : -3.942

Type  : Slow 1200mV 85C Model Recovery 'u0|sdram_pll|sd1|pll7|clk[0]'
Slack : 13.312
TNS   : 0.000

Type  : Slow 1200mV 85C Model Recovery 'MAX10_CLK1_50'
Slack : 13.600
TNS   : 0.000

Type  : Slow 1200mV 85C Model Recovery 'altera_reserved_tck'
Slack : 47.617
TNS   : 0.000

Type  : Slow 1200mV 85C Model Removal 'nesclk_inst|altpll_component|auto_generated|pll1|clk[0]'
Slack : -0.322
TNS   : -0.644

Type  : Slow 1200mV 85C Model Removal 'altera_reserved_tck'
Slack : 1.159
TNS   : 0.000

Type  : Slow 1200mV 85C Model Removal 'u0|sdram_pll|sd1|pll7|clk[0]'
Slack : 4.500
TNS   : 0.000

Type  : Slow 1200mV 85C Model Removal 'MAX10_CLK1_50'
Slack : 4.849
TNS   : 0.000

Type  : Slow 1200mV 85C Model Minimum Pulse Width 'MAX10_CLK1_50'
Slack : 9.556
TNS   : 0.000

Type  : Slow 1200mV 85C Model Minimum Pulse Width 'u0|sdram_pll|sd1|pll7|clk[0]'
Slack : 9.708
TNS   : 0.000

Type  : Slow 1200mV 85C Model Minimum Pulse Width 'mainclk_inst|altpll_component|auto_generated|pll1|clk[0]'
Slack : 23.216
TNS   : 0.000

Type  : Slow 1200mV 85C Model Minimum Pulse Width 'nesclk_inst|altpll_component|auto_generated|pll1|clk[2]'
Slack : 46.222
TNS   : 0.000

Type  : Slow 1200mV 85C Model Minimum Pulse Width 'altera_reserved_tck'
Slack : 49.625
TNS   : 0.000

Type  : Slow 1200mV 85C Model Minimum Pulse Width 'nesclk_inst|altpll_component|auto_generated|pll1|clk[1]'
Slack : 92.694
TNS   : 0.000

Type  : Slow 1200mV 85C Model Minimum Pulse Width 'nesclk_inst|altpll_component|auto_generated|pll1|clk[0]'
Slack : 278.743
TNS   : 0.000

Type  : Slow 1200mV 0C Model Setup 'MAX10_CLK1_50'
Slack : -6.402
TNS   : -136.998

Type  : Slow 1200mV 0C Model Setup 'nesclk_inst|altpll_component|auto_generated|pll1|clk[1]'
Slack : -5.867
TNS   : -1261.257

Type  : Slow 1200mV 0C Model Setup 'u0|sdram_pll|sd1|pll7|clk[0]'
Slack : 9.971
TNS   : 0.000

Type  : Slow 1200mV 0C Model Setup 'altera_reserved_tck'
Slack : 46.367
TNS   : 0.000

Type  : Slow 1200mV 0C Model Setup 'nesclk_inst|altpll_component|auto_generated|pll1|clk[2]'
Slack : 88.432
TNS   : 0.000

Type  : Slow 1200mV 0C Model Setup 'nesclk_inst|altpll_component|auto_generated|pll1|clk[0]'
Slack : 148.330
TNS   : 0.000

Type  : Slow 1200mV 0C Model Hold 'MAX10_CLK1_50'
Slack : 0.222
TNS   : 0.000

Type  : Slow 1200mV 0C Model Hold 'nesclk_inst|altpll_component|auto_generated|pll1|clk[0]'
Slack : 0.297
TNS   : 0.000

Type  : Slow 1200mV 0C Model Hold 'altera_reserved_tck'
Slack : 0.305
TNS   : 0.000

Type  : Slow 1200mV 0C Model Hold 'nesclk_inst|altpll_component|auto_generated|pll1|clk[1]'
Slack : 0.305
TNS   : 0.000

Type  : Slow 1200mV 0C Model Hold 'u0|sdram_pll|sd1|pll7|clk[0]'
Slack : 0.308
TNS   : 0.000

Type  : Slow 1200mV 0C Model Hold 'nesclk_inst|altpll_component|auto_generated|pll1|clk[2]'
Slack : 0.321
TNS   : 0.000

Type  : Slow 1200mV 0C Model Recovery 'nesclk_inst|altpll_component|auto_generated|pll1|clk[0]'
Slack : -1.446
TNS   : -2.892

Type  : Slow 1200mV 0C Model Recovery 'u0|sdram_pll|sd1|pll7|clk[0]'
Slack : 13.919
TNS   : 0.000

Type  : Slow 1200mV 0C Model Recovery 'MAX10_CLK1_50'
Slack : 14.108
TNS   : 0.000

Type  : Slow 1200mV 0C Model Recovery 'altera_reserved_tck'
Slack : 47.834
TNS   : 0.000

Type  : Slow 1200mV 0C Model Removal 'nesclk_inst|altpll_component|auto_generated|pll1|clk[0]'
Slack : -0.562
TNS   : -1.124

Type  : Slow 1200mV 0C Model Removal 'altera_reserved_tck'
Slack : 1.053
TNS   : 0.000

Type  : Slow 1200mV 0C Model Removal 'u0|sdram_pll|sd1|pll7|clk[0]'
Slack : 4.033
TNS   : 0.000

Type  : Slow 1200mV 0C Model Removal 'MAX10_CLK1_50'
Slack : 4.344
TNS   : 0.000

Type  : Slow 1200mV 0C Model Minimum Pulse Width 'MAX10_CLK1_50'
Slack : 9.576
TNS   : 0.000

Type  : Slow 1200mV 0C Model Minimum Pulse Width 'u0|sdram_pll|sd1|pll7|clk[0]'
Slack : 9.690
TNS   : 0.000

Type  : Slow 1200mV 0C Model Minimum Pulse Width 'mainclk_inst|altpll_component|auto_generated|pll1|clk[0]'
Slack : 23.214
TNS   : 0.000

Type  : Slow 1200mV 0C Model Minimum Pulse Width 'nesclk_inst|altpll_component|auto_generated|pll1|clk[2]'
Slack : 46.216
TNS   : 0.000

Type  : Slow 1200mV 0C Model Minimum Pulse Width 'altera_reserved_tck'
Slack : 49.647
TNS   : 0.000

Type  : Slow 1200mV 0C Model Minimum Pulse Width 'nesclk_inst|altpll_component|auto_generated|pll1|clk[1]'
Slack : 92.709
TNS   : 0.000

Type  : Slow 1200mV 0C Model Minimum Pulse Width 'nesclk_inst|altpll_component|auto_generated|pll1|clk[0]'
Slack : 278.692
TNS   : 0.000

Type  : Fast 1200mV 0C Model Setup 'MAX10_CLK1_50'
Slack : -2.982
TNS   : -64.858

Type  : Fast 1200mV 0C Model Setup 'nesclk_inst|altpll_component|auto_generated|pll1|clk[1]'
Slack : -2.940
TNS   : -624.505

Type  : Fast 1200mV 0C Model Setup 'u0|sdram_pll|sd1|pll7|clk[0]'
Slack : 15.233
TNS   : 0.000

Type  : Fast 1200mV 0C Model Setup 'altera_reserved_tck'
Slack : 48.570
TNS   : 0.000

Type  : Fast 1200mV 0C Model Setup 'nesclk_inst|altpll_component|auto_generated|pll1|clk[2]'
Slack : 90.871
TNS   : 0.000

Type  : Fast 1200mV 0C Model Setup 'nesclk_inst|altpll_component|auto_generated|pll1|clk[0]'
Slack : 166.422
TNS   : 0.000

Type  : Fast 1200mV 0C Model Hold 'MAX10_CLK1_50'
Slack : 0.090
TNS   : 0.000

Type  : Fast 1200mV 0C Model Hold 'nesclk_inst|altpll_component|auto_generated|pll1|clk[0]'
Slack : 0.144
TNS   : 0.000

Type  : Fast 1200mV 0C Model Hold 'altera_reserved_tck'
Slack : 0.147
TNS   : 0.000

Type  : Fast 1200mV 0C Model Hold 'nesclk_inst|altpll_component|auto_generated|pll1|clk[1]'
Slack : 0.147
TNS   : 0.000

Type  : Fast 1200mV 0C Model Hold 'u0|sdram_pll|sd1|pll7|clk[0]'
Slack : 0.150
TNS   : 0.000

Type  : Fast 1200mV 0C Model Hold 'nesclk_inst|altpll_component|auto_generated|pll1|clk[2]'
Slack : 0.152
TNS   : 0.000

Type  : Fast 1200mV 0C Model Recovery 'nesclk_inst|altpll_component|auto_generated|pll1|clk[0]'
Slack : -0.619
TNS   : -1.238

Type  : Fast 1200mV 0C Model Recovery 'MAX10_CLK1_50'
Slack : 16.774
TNS   : 0.000

Type  : Fast 1200mV 0C Model Recovery 'u0|sdram_pll|sd1|pll7|clk[0]'
Slack : 16.791
TNS   : 0.000

Type  : Fast 1200mV 0C Model Recovery 'altera_reserved_tck'
Slack : 49.126
TNS   : 0.000

Type  : Fast 1200mV 0C Model Removal 'nesclk_inst|altpll_component|auto_generated|pll1|clk[0]'
Slack : -0.544
TNS   : -1.088

Type  : Fast 1200mV 0C Model Removal 'altera_reserved_tck'
Slack : 0.490
TNS   : 0.000

Type  : Fast 1200mV 0C Model Removal 'u0|sdram_pll|sd1|pll7|clk[0]'
Slack : 2.127
TNS   : 0.000

Type  : Fast 1200mV 0C Model Removal 'MAX10_CLK1_50'
Slack : 2.308
TNS   : 0.000

Type  : Fast 1200mV 0C Model Minimum Pulse Width 'MAX10_CLK1_50'
Slack : 9.405
TNS   : 0.000

Type  : Fast 1200mV 0C Model Minimum Pulse Width 'u0|sdram_pll|sd1|pll7|clk[0]'
Slack : 9.720
TNS   : 0.000

Type  : Fast 1200mV 0C Model Minimum Pulse Width 'mainclk_inst|altpll_component|auto_generated|pll1|clk[0]'
Slack : 23.241
TNS   : 0.000

Type  : Fast 1200mV 0C Model Minimum Pulse Width 'nesclk_inst|altpll_component|auto_generated|pll1|clk[2]'
Slack : 46.290
TNS   : 0.000

Type  : Fast 1200mV 0C Model Minimum Pulse Width 'altera_reserved_tck'
Slack : 49.423
TNS   : 0.000

Type  : Fast 1200mV 0C Model Minimum Pulse Width 'nesclk_inst|altpll_component|auto_generated|pll1|clk[1]'
Slack : 92.736
TNS   : 0.000

Type  : Fast 1200mV 0C Model Minimum Pulse Width 'nesclk_inst|altpll_component|auto_generated|pll1|clk[0]'
Slack : 278.775
TNS   : 0.000

------------------------------------------------------------
