------------------------------------------------------------
Timing Analyzer Summary
------------------------------------------------------------

Type  : Slow 1200mV 85C Model Setup 'mainclk_inst|altpll_component|auto_generated|pll1|clk[0]'
Slack : -7.625
TNS   : -278.002

Type  : Slow 1200mV 85C Model Setup 'nesclk_inst|altpll_component|auto_generated|pll1|clk[1]'
Slack : -7.194
TNS   : -1016.579

Type  : Slow 1200mV 85C Model Setup 'nesclk_inst|altpll_component|auto_generated|pll1|clk[0]'
Slack : -4.864
TNS   : -36.779

Type  : Slow 1200mV 85C Model Setup 'MAX10_CLK1_50'
Slack : 6.715
TNS   : 0.000

Type  : Slow 1200mV 85C Model Setup 'u0|sdram_pll|sd1|pll7|clk[0]'
Slack : 10.202
TNS   : 0.000

Type  : Slow 1200mV 85C Model Setup 'altera_reserved_tck'
Slack : 46.453
TNS   : 0.000

Type  : Slow 1200mV 85C Model Setup 'nesclk_inst|altpll_component|auto_generated|pll1|clk[2]'
Slack : 74.400
TNS   : 0.000

Type  : Slow 1200mV 85C Model Hold 'MAX10_CLK1_50'
Slack : 0.232
TNS   : 0.000

Type  : Slow 1200mV 85C Model Hold 'nesclk_inst|altpll_component|auto_generated|pll1|clk[1]'
Slack : 0.325
TNS   : 0.000

Type  : Slow 1200mV 85C Model Hold 'altera_reserved_tck'
Slack : 0.340
TNS   : 0.000

Type  : Slow 1200mV 85C Model Hold 'mainclk_inst|altpll_component|auto_generated|pll1|clk[0]'
Slack : 0.340
TNS   : 0.000

Type  : Slow 1200mV 85C Model Hold 'u0|sdram_pll|sd1|pll7|clk[0]'
Slack : 0.340
TNS   : 0.000

Type  : Slow 1200mV 85C Model Hold 'nesclk_inst|altpll_component|auto_generated|pll1|clk[0]'
Slack : 0.341
TNS   : 0.000

Type  : Slow 1200mV 85C Model Hold 'nesclk_inst|altpll_component|auto_generated|pll1|clk[2]'
Slack : 0.626
TNS   : 0.000

Type  : Slow 1200mV 85C Model Recovery 'u0|sdram_pll|sd1|pll7|clk[0]'
Slack : 12.487
TNS   : 0.000

Type  : Slow 1200mV 85C Model Recovery 'MAX10_CLK1_50'
Slack : 15.156
TNS   : 0.000

Type  : Slow 1200mV 85C Model Recovery 'altera_reserved_tck'
Slack : 47.433
TNS   : 0.000

Type  : Slow 1200mV 85C Model Recovery 'nesclk_inst|altpll_component|auto_generated|pll1|clk[0]'
Slack : 553.267
TNS   : 0.000

Type  : Slow 1200mV 85C Model Removal 'altera_reserved_tck'
Slack : 0.972
TNS   : 0.000

Type  : Slow 1200mV 85C Model Removal 'MAX10_CLK1_50'
Slack : 3.365
TNS   : 0.000

Type  : Slow 1200mV 85C Model Removal 'nesclk_inst|altpll_component|auto_generated|pll1|clk[0]'
Slack : 4.275
TNS   : 0.000

Type  : Slow 1200mV 85C Model Removal 'u0|sdram_pll|sd1|pll7|clk[0]'
Slack : 5.317
TNS   : 0.000

Type  : Slow 1200mV 85C Model Minimum Pulse Width 'MAX10_CLK1_50'
Slack : 9.550
TNS   : 0.000

Type  : Slow 1200mV 85C Model Minimum Pulse Width 'u0|sdram_pll|sd1|pll7|clk[0]'
Slack : 9.708
TNS   : 0.000

Type  : Slow 1200mV 85C Model Minimum Pulse Width 'mainclk_inst|altpll_component|auto_generated|pll1|clk[0]'
Slack : 22.930
TNS   : 0.000

Type  : Slow 1200mV 85C Model Minimum Pulse Width 'nesclk_inst|altpll_component|auto_generated|pll1|clk[2]'
Slack : 46.221
TNS   : 0.000

Type  : Slow 1200mV 85C Model Minimum Pulse Width 'altera_reserved_tck'
Slack : 49.614
TNS   : 0.000

Type  : Slow 1200mV 85C Model Minimum Pulse Width 'nesclk_inst|altpll_component|auto_generated|pll1|clk[1]'
Slack : 92.729
TNS   : 0.000

Type  : Slow 1200mV 85C Model Minimum Pulse Width 'nesclk_inst|altpll_component|auto_generated|pll1|clk[0]'
Slack : 278.776
TNS   : 0.000

Type  : Slow 1200mV 0C Model Setup 'mainclk_inst|altpll_component|auto_generated|pll1|clk[0]'
Slack : -6.730
TNS   : -242.710

Type  : Slow 1200mV 0C Model Setup 'nesclk_inst|altpll_component|auto_generated|pll1|clk[1]'
Slack : -6.290
TNS   : -882.307

Type  : Slow 1200mV 0C Model Setup 'nesclk_inst|altpll_component|auto_generated|pll1|clk[0]'
Slack : -4.097
TNS   : -30.821

Type  : Slow 1200mV 0C Model Setup 'MAX10_CLK1_50'
Slack : 7.807
TNS   : 0.000

Type  : Slow 1200mV 0C Model Setup 'u0|sdram_pll|sd1|pll7|clk[0]'
Slack : 10.900
TNS   : 0.000

Type  : Slow 1200mV 0C Model Setup 'altera_reserved_tck'
Slack : 46.735
TNS   : 0.000

Type  : Slow 1200mV 0C Model Setup 'nesclk_inst|altpll_component|auto_generated|pll1|clk[2]'
Slack : 75.563
TNS   : 0.000

Type  : Slow 1200mV 0C Model Hold 'MAX10_CLK1_50'
Slack : 0.233
TNS   : 0.000

Type  : Slow 1200mV 0C Model Hold 'nesclk_inst|altpll_component|auto_generated|pll1|clk[1]'
Slack : 0.291
TNS   : 0.000

Type  : Slow 1200mV 0C Model Hold 'altera_reserved_tck'
Slack : 0.305
TNS   : 0.000

Type  : Slow 1200mV 0C Model Hold 'u0|sdram_pll|sd1|pll7|clk[0]'
Slack : 0.305
TNS   : 0.000

Type  : Slow 1200mV 0C Model Hold 'mainclk_inst|altpll_component|auto_generated|pll1|clk[0]'
Slack : 0.306
TNS   : 0.000

Type  : Slow 1200mV 0C Model Hold 'nesclk_inst|altpll_component|auto_generated|pll1|clk[0]'
Slack : 0.306
TNS   : 0.000

Type  : Slow 1200mV 0C Model Hold 'nesclk_inst|altpll_component|auto_generated|pll1|clk[2]'
Slack : 0.577
TNS   : 0.000

Type  : Slow 1200mV 0C Model Recovery 'u0|sdram_pll|sd1|pll7|clk[0]'
Slack : 13.110
TNS   : 0.000

Type  : Slow 1200mV 0C Model Recovery 'MAX10_CLK1_50'
Slack : 15.629
TNS   : 0.000

Type  : Slow 1200mV 0C Model Recovery 'altera_reserved_tck'
Slack : 47.607
TNS   : 0.000

Type  : Slow 1200mV 0C Model Recovery 'nesclk_inst|altpll_component|auto_generated|pll1|clk[0]'
Slack : 553.670
TNS   : 0.000

Type  : Slow 1200mV 0C Model Removal 'altera_reserved_tck'
Slack : 0.894
TNS   : 0.000

Type  : Slow 1200mV 0C Model Removal 'MAX10_CLK1_50'
Slack : 3.085
TNS   : 0.000

Type  : Slow 1200mV 0C Model Removal 'nesclk_inst|altpll_component|auto_generated|pll1|clk[0]'
Slack : 3.842
TNS   : 0.000

Type  : Slow 1200mV 0C Model Removal 'u0|sdram_pll|sd1|pll7|clk[0]'
Slack : 4.761
TNS   : 0.000

Type  : Slow 1200mV 0C Model Minimum Pulse Width 'MAX10_CLK1_50'
Slack : 9.581
TNS   : 0.000

Type  : Slow 1200mV 0C Model Minimum Pulse Width 'u0|sdram_pll|sd1|pll7|clk[0]'
Slack : 9.691
TNS   : 0.000

Type  : Slow 1200mV 0C Model Minimum Pulse Width 'mainclk_inst|altpll_component|auto_generated|pll1|clk[0]'
Slack : 22.945
TNS   : 0.000

Type  : Slow 1200mV 0C Model Minimum Pulse Width 'nesclk_inst|altpll_component|auto_generated|pll1|clk[2]'
Slack : 46.220
TNS   : 0.000

Type  : Slow 1200mV 0C Model Minimum Pulse Width 'altera_reserved_tck'
Slack : 49.641
TNS   : 0.000

Type  : Slow 1200mV 0C Model Minimum Pulse Width 'nesclk_inst|altpll_component|auto_generated|pll1|clk[1]'
Slack : 92.715
TNS   : 0.000

Type  : Slow 1200mV 0C Model Minimum Pulse Width 'nesclk_inst|altpll_component|auto_generated|pll1|clk[0]'
Slack : 278.757
TNS   : 0.000

Type  : Fast 1200mV 0C Model Setup 'mainclk_inst|altpll_component|auto_generated|pll1|clk[0]'
Slack : -3.418
TNS   : -123.605

Type  : Fast 1200mV 0C Model Setup 'nesclk_inst|altpll_component|auto_generated|pll1|clk[1]'
Slack : -2.932
TNS   : -411.848

Type  : Fast 1200mV 0C Model Setup 'nesclk_inst|altpll_component|auto_generated|pll1|clk[0]'
Slack : -1.913
TNS   : -14.344

Type  : Fast 1200mV 0C Model Setup 'MAX10_CLK1_50'
Slack : 13.984
TNS   : 0.000

Type  : Fast 1200mV 0C Model Setup 'u0|sdram_pll|sd1|pll7|clk[0]'
Slack : 15.571
TNS   : 0.000

Type  : Fast 1200mV 0C Model Setup 'altera_reserved_tck'
Slack : 48.745
TNS   : 0.000

Type  : Fast 1200mV 0C Model Setup 'nesclk_inst|altpll_component|auto_generated|pll1|clk[2]'
Slack : 84.449
TNS   : 0.000

Type  : Fast 1200mV 0C Model Hold 'MAX10_CLK1_50'
Slack : 0.091
TNS   : 0.000

Type  : Fast 1200mV 0C Model Hold 'nesclk_inst|altpll_component|auto_generated|pll1|clk[1]'
Slack : 0.143
TNS   : 0.000

Type  : Fast 1200mV 0C Model Hold 'altera_reserved_tck'
Slack : 0.148
TNS   : 0.000

Type  : Fast 1200mV 0C Model Hold 'mainclk_inst|altpll_component|auto_generated|pll1|clk[0]'
Slack : 0.148
TNS   : 0.000

Type  : Fast 1200mV 0C Model Hold 'nesclk_inst|altpll_component|auto_generated|pll1|clk[0]'
Slack : 0.148
TNS   : 0.000

Type  : Fast 1200mV 0C Model Hold 'u0|sdram_pll|sd1|pll7|clk[0]'
Slack : 0.148
TNS   : 0.000

Type  : Fast 1200mV 0C Model Hold 'nesclk_inst|altpll_component|auto_generated|pll1|clk[2]'
Slack : 0.240
TNS   : 0.000

Type  : Fast 1200mV 0C Model Recovery 'u0|sdram_pll|sd1|pll7|clk[0]'
Slack : 16.374
TNS   : 0.000

Type  : Fast 1200mV 0C Model Recovery 'MAX10_CLK1_50'
Slack : 17.578
TNS   : 0.000

Type  : Fast 1200mV 0C Model Recovery 'altera_reserved_tck'
Slack : 49.033
TNS   : 0.000

Type  : Fast 1200mV 0C Model Recovery 'nesclk_inst|altpll_component|auto_generated|pll1|clk[0]'
Slack : 555.663
TNS   : 0.000

Type  : Fast 1200mV 0C Model Removal 'altera_reserved_tck'
Slack : 0.422
TNS   : 0.000

Type  : Fast 1200mV 0C Model Removal 'MAX10_CLK1_50'
Slack : 1.654
TNS   : 0.000

Type  : Fast 1200mV 0C Model Removal 'nesclk_inst|altpll_component|auto_generated|pll1|clk[0]'
Slack : 2.040
TNS   : 0.000

Type  : Fast 1200mV 0C Model Removal 'u0|sdram_pll|sd1|pll7|clk[0]'
Slack : 2.483
TNS   : 0.000

Type  : Fast 1200mV 0C Model Minimum Pulse Width 'MAX10_CLK1_50'
Slack : 9.399
TNS   : 0.000

Type  : Fast 1200mV 0C Model Minimum Pulse Width 'u0|sdram_pll|sd1|pll7|clk[0]'
Slack : 9.720
TNS   : 0.000

Type  : Fast 1200mV 0C Model Minimum Pulse Width 'mainclk_inst|altpll_component|auto_generated|pll1|clk[0]'
Slack : 22.974
TNS   : 0.000

Type  : Fast 1200mV 0C Model Minimum Pulse Width 'nesclk_inst|altpll_component|auto_generated|pll1|clk[2]'
Slack : 46.291
TNS   : 0.000

Type  : Fast 1200mV 0C Model Minimum Pulse Width 'altera_reserved_tck'
Slack : 49.415
TNS   : 0.000

Type  : Fast 1200mV 0C Model Minimum Pulse Width 'nesclk_inst|altpll_component|auto_generated|pll1|clk[1]'
Slack : 92.776
TNS   : 0.000

Type  : Fast 1200mV 0C Model Minimum Pulse Width 'nesclk_inst|altpll_component|auto_generated|pll1|clk[0]'
Slack : 278.835
TNS   : 0.000

------------------------------------------------------------
